[    0.000000] Linux version 4.15.0-213-generic (buildd@lcy02-amd64-079) (gcc version 7.5.0 (Ubuntu 7.5.0-3ubuntu1~18.04)) #224-Ubuntu SMP Mon Jun 19 13:30:12 UTC 2023 (Ubuntu 4.15.0-213.224-generic 4.15.18)
[    0.000000] Command line: BOOT_IMAGE=/boot/vmlinuz-4.15.0-213-generic root=UUID=f685bb41-0e3b-40c4-89c1-eea0f0583525 ro console=tty1 console=ttyS0
[    0.000000] KERNEL supported cpus:
[    0.000000]   Intel GenuineIntel
[    0.000000]   AMD AuthenticAMD
[    0.000000]   Centaur CentaurHauls
[    0.000000] x86/fpu: x87 FPU will use FXSAVE
[    0.000000] e820: BIOS-provided physical RAM map:
[    0.000000] BIOS-e820: [mem 0x0000000000000000-0x000000000009fbff] usable
[    0.000000] BIOS-e820: [mem 0x000000000009fc00-0x000000000009ffff] reserved
[    0.000000] BIOS-e820: [mem 0x00000000000f0000-0x00000000000fffff] reserved
[    0.000000] BIOS-e820: [mem 0x0000000000100000-0x00000000bffeffff] usable
[    0.000000] BIOS-e820: [mem 0x00000000bfff0000-0x00000000bfffffff] ACPI data
[    0.000000] BIOS-e820: [mem 0x00000000fec00000-0x00000000fec00fff] reserved
[    0.000000] BIOS-e820: [mem 0x00000000fee00000-0x00000000fee00fff] reserved
[    0.000000] BIOS-e820: [mem 0x00000000fffc0000-0x00000000ffffffff] reserved
[    0.000000] NX (Execute Disable) protection: active
[    0.000000] SMBIOS 2.5 present.
[    0.000000] DMI: innotek GmbH VirtualBox/VirtualBox, BIOS VirtualBox 12/01/2006
[    0.000000] Hypervisor detected: KVM
[    0.000000] e820: last_pfn = 0xbfff0 max_arch_pfn = 0x400000000
[    0.000000] MTRR: Disabled
[    0.000000] x86/PAT: MTRRs disabled, skipping PAT initialization too.
[    0.000000] CPU MTRRs all blank - virtualized system.
[    0.000000] x86/PAT: Configuration [0-7]: WB  WT  UC- UC  WB  WT  UC- UC  
[    0.000000] found SMP MP-table at [mem 0x0009fff0-0x0009ffff]
[    0.000000] Scanning 1 areas for low memory corruption
[    0.000000] RAMDISK: [mem 0x35819000-0x36c03fff]
[    0.000000] ACPI: Early table checksum verification disabled
[    0.000000] ACPI: RSDP 0x00000000000E0000 000024 (v02 VBOX  )
[    0.000000] ACPI: XSDT 0x00000000BFFF0030 00003C (v01 VBOX   VBOXXSDT 00000001 ASL  00000061)
[    0.000000] ACPI: FACP 0x00000000BFFF00F0 0000F4 (v04 VBOX   VBOXFACP 00000001 ASL  00000061)
[    0.000000] ACPI: DSDT 0x00000000BFFF0610 002353 (v02 VBOX   VBOXBIOS 00000002 INTL 20100528)
[    0.000000] ACPI: FACS 0x00000000BFFF0200 000040
[    0.000000] ACPI: FACS 0x00000000BFFF0200 000040
[    0.000000] ACPI: APIC 0x00000000BFFF0240 00005C (v02 VBOX   VBOXAPIC 00000001 ASL  00000061)
[    0.000000] ACPI: SSDT 0x00000000BFFF02A0 00036C (v01 VBOX   VBOXCPUT 00000002 INTL 20100528)
[    0.000000] ACPI: Reserving FACP table memory at [mem 0xbfff00f0-0xbfff01e3]
[    0.000000] ACPI: Reserving DSDT table memory at [mem 0xbfff0610-0xbfff2962]
[    0.000000] ACPI: Reserving FACS table memory at [mem 0xbfff0200-0xbfff023f]
[    0.000000] ACPI: Reserving FACS table memory at [mem 0xbfff0200-0xbfff023f]
[    0.000000] ACPI: Reserving APIC table memory at [mem 0xbfff0240-0xbfff029b]
[    0.000000] ACPI: Reserving SSDT table memory at [mem 0xbfff02a0-0xbfff060b]
[    0.000000] No NUMA configuration found
[    0.000000] Faking a node at [mem 0x0000000000000000-0x00000000bffeffff]
[    0.000000] NODE_DATA(0) allocated [mem 0xbffc5000-0xbffeffff]
[    0.000000] kvm-clock: cpu 0, msr 0:bff44001, primary cpu clock
[    0.000000] kvm-clock: Using msrs 4b564d01 and 4b564d00
[    0.000000] kvm-clock: using sched offset of 5325596575 cycles
[    0.000000] clocksource: kvm-clock: mask: 0xffffffffffffffff max_cycles: 0x1cd42e4dffb, max_idle_ns: 881590591483 ns
[    0.000000] Zone ranges:
[    0.000000]   DMA      [mem 0x0000000000001000-0x0000000000ffffff]
[    0.000000]   DMA32    [mem 0x0000000001000000-0x00000000bffeffff]
[    0.000000]   Normal   empty
[    0.000000]   Device   empty
[    0.000000] Movable zone start for each node
[    0.000000] Early memory node ranges
[    0.000000]   node   0: [mem 0x0000000000001000-0x000000000009efff]
[    0.000000]   node   0: [mem 0x0000000000100000-0x00000000bffeffff]
[    0.000000] Reserved but unavailable: 104 pages
[    0.000000] Initmem setup node 0 [mem 0x0000000000001000-0x00000000bffeffff]
[    0.000000] ACPI: PM-Timer IO Port: 0x4008
[    0.000000] IOAPIC[0]: apic_id 2, version 32, address 0xfec00000, GSI 0-23
[    0.000000] ACPI: INT_SRC_OVR (bus 0 bus_irq 0 global_irq 2 dfl dfl)
[    0.000000] ACPI: INT_SRC_OVR (bus 0 bus_irq 9 global_irq 9 low level)
[    0.000000] Using ACPI (MADT) for SMP configuration information
[    0.000000] smpboot: Allowing 2 CPUs, 0 hotplug CPUs
[    0.000000] PM: Registered nosave memory: [mem 0x00000000-0x00000fff]
[    0.000000] PM: Registered nosave memory: [mem 0x0009f000-0x0009ffff]
[    0.000000] PM: Registered nosave memory: [mem 0x000a0000-0x000effff]
[    0.000000] PM: Registered nosave memory: [mem 0x000f0000-0x000fffff]
[    0.000000] e820: [mem 0xc0000000-0xfebfffff] available for PCI devices
[    0.000000] Booting paravirtualized kernel on KVM
[    0.000000] clocksource: refined-jiffies: mask: 0xffffffff max_cycles: 0xffffffff, max_idle_ns: 7645519600211568 ns
[    0.000000] setup_percpu: NR_CPUS:8192 nr_cpumask_bits:2 nr_cpu_ids:2 nr_node_ids:1
[    0.000000] percpu: Embedded 50 pages/cpu s167936 r8192 d28672 u1048576
[    0.000000] PV qspinlock hash table entries: 256 (order: 0, 4096 bytes)
[    0.000000] Built 1 zonelists, mobility grouping on.  Total pages: 774009
[    0.000000] Policy zone: DMA32
[    0.000000] Kernel command line: BOOT_IMAGE=/boot/vmlinuz-4.15.0-213-generic root=UUID=f685bb41-0e3b-40c4-89c1-eea0f0583525 ro console=tty1 console=ttyS0
[    0.000000] Memory: 3046160K/3145272K available (12300K kernel code, 2477K rwdata, 4324K rodata, 2480K init, 2720K bss, 99112K reserved, 0K cma-reserved)
[    0.000000] SLUB: HWalign=64, Order=0-3, MinObjects=0, CPUs=2, Nodes=1
[    0.000000] Kernel/User page tables isolation: enabled
[    0.000000] ftrace: allocating 39508 entries in 155 pages
[    0.004000] Hierarchical RCU implementation.
[    0.004000] 	RCU restricting CPUs from NR_CPUS=8192 to nr_cpu_ids=2.
[    0.004000] 	Tasks RCU enabled.
[    0.004000] RCU: Adjusting geometry for rcu_fanout_leaf=16, nr_cpu_ids=2
[    0.004000] NR_IRQS: 524544, nr_irqs: 440, preallocated irqs: 16
[    0.004000] random: crng init done
[    0.004000] Console: colour VGA+ 80x25
[    0.004000] console [tty1] enabled
[    0.004000] console [ttyS0] enabled
[    0.004000] ACPI: Core revision 20170831
[    0.004000] ACPI: 2 ACPI AML tables successfully acquired and loaded
[    0.004000] APIC: Switch to symmetric I/O mode setup
[    0.008000] ..TIMER: vector=0x30 apic1=0 pin1=2 apic2=-1 pin2=-1
[    0.008008] tsc: Detected 1991.999 MHz processor
[    0.012018] Calibrating delay loop (skipped) preset value.. 3983.99 BogoMIPS (lpj=7967996)
[    0.016010] pid_max: default: 32768 minimum: 301
[    0.020065] Security Framework initialized
[    0.028020] Yama: becoming mindful.
[    0.032068] AppArmor: AppArmor initialized
[    0.054424] Dentry cache hash table entries: 524288 (order: 10, 4194304 bytes)
[    0.080156] Inode-cache hash table entries: 262144 (order: 9, 2097152 bytes)
[    0.084628] Mount-cache hash table entries: 8192 (order: 4, 65536 bytes)
[    0.088614] Mountpoint-cache hash table entries: 8192 (order: 4, 65536 bytes)
[    0.099038] Last level iTLB entries: 4KB 64, 2MB 8, 4MB 8
[    0.100011] Last level dTLB entries: 4KB 64, 2MB 0, 4MB 0, 1GB 4
[    0.104012] Spectre V1 : Mitigation: usercopy/swapgs barriers and __user pointer sanitization
[    0.108010] Spectre V2 : Mitigation: Retpolines
[    0.112010] Spectre V2 : Spectre v2 / SpectreRSB mitigation: Filling RSB on context switch
[    0.116008] Spectre V2 : Spectre v2 / SpectreRSB : Filling RSB on VMEXIT
[    0.120008] RETBleed: WARNING: Spectre v2 mitigation leaves CPU vulnerable to RETBleed attacks, data leaks possible!
[    0.124014] RETBleed: Vulnerable
[    0.128009] Speculative Store Bypass: Vulnerable
[    0.132254] MDS: Mitigation: Clear CPU buffers
[    0.136009] MMIO Stale Data: Mitigation: Clear CPU buffers
[    0.140010] SRBDS: Unknown: Dependent on hypervisor status
[    0.144471] Freeing SMP alternatives memory: 36K
[    0.264000] smpboot: CPU0: Intel(R) Core(TM) i7-8550U CPU @ 1.80GHz (family: 0x6, model: 0x8e, stepping: 0xa)
[    0.264000] Performance Events: unsupported p6 CPU model 142 no PMU driver, software events only.
[    0.264427] Hierarchical SRCU implementation.
[    0.273162] NMI watchdog: Perf event create on CPU 0 failed with -2
[    0.276007] NMI watchdog: Perf NMI watchdog permanently disabled
[    0.281122] smp: Bringing up secondary CPUs ...
[    0.289700] x86: Booting SMP configuration:
[    0.292009] .... node  #0, CPUs:      #1
[    0.004000] kvm-clock: cpu 1, msr 0:bff44041, secondary cpu clock
[    0.340000] TSC synchronization [CPU#0 -> CPU#1]:
[    0.340000] Measured 73650 cycles TSC warp between CPUs, turning off TSC clock.
[    0.340000] tsc: Marking TSC unstable due to check_tsc_sync_source failed
[    0.344783] smp: Brought up 1 node, 2 CPUs
[    0.348012] smpboot: Max logical packages: 1
[    0.352010] smpboot: Total of 2 processors activated (7967.99 BogoMIPS)
[    0.364014] devtmpfs: initialized
[    0.368269] x86/mm: Memory block size: 128MB
[    0.377061] evm: security.selinux
[    0.380007] evm: security.SMACK64
[    0.384009] evm: security.SMACK64EXEC
[    0.388013] evm: security.SMACK64TRANSMUTE
[    0.392012] evm: security.SMACK64MMAP
[    0.396010] evm: security.apparmor
[    0.400011] evm: security.ima
[    0.404012] evm: security.capability
[    0.416407] clocksource: jiffies: mask: 0xffffffff max_cycles: 0xffffffff, max_idle_ns: 7645041785100000 ns
[    0.420041] futex hash table entries: 512 (order: 3, 32768 bytes)
[    0.424683] pinctrl core: initialized pinctrl subsystem
[    0.433133] RTC time: 19:30:14, date: 12/04/24
[    0.444595] NET: Registered protocol family 16
[    0.448393] audit: initializing netlink subsys (disabled)
[    0.456829] audit: type=2000 audit(1733340620.451:1): state=initialized audit_enabled=0 res=1
[    0.500029] cpuidle: using governor ladder
[    0.504028] cpuidle: using governor menu
[    0.508102] ACPI: bus type PCI registered
[    0.512010] acpiphp: ACPI Hot Plug PCI Controller Driver version: 0.5
[    0.517854] PCI: Using configuration type 1 for base access
[    0.536026] HugeTLB registered 2.00 MiB page size, pre-allocated 0 pages
[    0.552701] ACPI: Added _OSI(Module Device)
[    0.556008] ACPI: Added _OSI(Processor Device)
[    0.560007] ACPI: Added _OSI(3.0 _SCP Extensions)
[    0.568016] ACPI: Added _OSI(Processor Aggregator Device)
[    0.572020] ACPI: Added _OSI(Linux-Dell-Video)
[    0.576015] ACPI: Added _OSI(Linux-Lenovo-NV-HDMI-Audio)
[    0.580013] ACPI: Added _OSI(Linux-HPI-Hybrid-Graphics)
[    0.590029] ACPI: Executed 1 blocks of module-level executable AML code
[    0.604258] ACPI: Interpreter enabled
[    0.608047] ACPI: (supports S0 S5)
[    0.612010] ACPI: Using IOAPIC for interrupt routing
[    0.616975] PCI: Using host bridge windows from ACPI; if necessary, use "pci=nocrs" and report a bug
[    0.620692] ACPI: Enabled 2 GPEs in block 00 to 07
[    0.650243] ACPI: PCI Root Bridge [PCI0] (domain 0000 [bus 00-ff])
[    0.652024] acpi PNP0A03:00: _OSC: OS supports [ASPM ClockPM Segments MSI]
[    0.662426] acpi PNP0A03:00: _OSC: not requesting OS control; OS requires [ExtendedConfig ASPM ClockPM MSI]
[    0.664030] acpi PNP0A03:00: fail to add MMCONFIG information, can't access extended PCI configuration space under this bridge.
[    0.673487] PCI host bridge to bus 0000:00
[    0.676011] pci_bus 0000:00: root bus resource [io  0x0000-0x0cf7 window]
[    0.680008] pci_bus 0000:00: root bus resource [io  0x0d00-0xffff window]
[    0.684009] pci_bus 0000:00: root bus resource [mem 0x000a0000-0x000bffff window]
[    0.688018] pci_bus 0000:00: root bus resource [mem 0xc0000000-0xfdffffff window]
[    0.692011] pci_bus 0000:00: root bus resource [bus 00-ff]
[    0.713172] pci 0000:00:01.1: legacy IDE quirk: reg 0x10: [io  0x01f0-0x01f7]
[    0.716008] pci 0000:00:01.1: legacy IDE quirk: reg 0x14: [io  0x03f6]
[    0.720007] pci 0000:00:01.1: legacy IDE quirk: reg 0x18: [io  0x0170-0x0177]
[    0.724007] pci 0000:00:01.1: legacy IDE quirk: reg 0x1c: [io  0x0376]
[    0.790790] pci 0000:00:07.0: quirk: [io  0x4000-0x403f] claimed by PIIX4 ACPI
[    0.796130] pci 0000:00:07.0: quirk: [io  0x4100-0x410f] claimed by PIIX4 SMB
[    0.832512] ACPI: PCI Interrupt Link [LNKA] (IRQs 5 9 10 *11)
[    0.837629] ACPI: PCI Interrupt Link [LNKB] (IRQs 5 9 *10 11)
[    0.844275] ACPI: PCI Interrupt Link [LNKC] (IRQs 5 *9 10 11)
[    0.848459] ACPI: PCI Interrupt Link [LNKD] (IRQs 5 9 10 *11)
[    0.853906] SCSI subsystem initialized
[    0.860244] pci 0000:00:02.0: vgaarb: setting as boot VGA device
[    0.864000] pci 0000:00:02.0: vgaarb: VGA device added: decodes=io+mem,owns=io+mem,locks=none
[    0.864014] pci 0000:00:02.0: vgaarb: bridge control possible
[    0.868005] vgaarb: loaded
[    0.872208] ACPI: bus type USB registered
[    0.876037] usbcore: registered new interface driver usbfs
[    0.880078] usbcore: registered new interface driver hub
[    0.884025] usbcore: registered new device driver usb
[    0.892400] EDAC MC: Ver: 3.0.0
[    0.904331] PCI: Using ACPI for IRQ routing
[    0.912706] NetLabel: Initializing
[    0.916007] NetLabel:  domain hash size = 128
[    0.920005] NetLabel:  protocols = UNLABELED CIPSOv4 CALIPSO
[    0.924038] NetLabel:  unlabeled traffic allowed by default
[    0.932726] clocksource: Switched to clocksource kvm-clock
[    0.950245] VFS: Disk quotas dquot_6.6.0
[    0.950245] VFS: Dquot-cache hash table entries: 512 (order 0, 4096 bytes)
[    0.950245] AppArmor: AppArmor Filesystem Enabled
[    0.950245] pnp: PnP ACPI init
[    0.950245] pnp: PnP ACPI: found 3 devices
[    1.189623] clocksource: acpi_pm: mask: 0xffffff max_cycles: 0xffffff, max_idle_ns: 2085701024 ns
[    1.192539] NET: Registered protocol family 2
[    1.192539] IP idents hash table entries: 65536 (order: 7, 524288 bytes)
[    1.238552] TCP established hash table entries: 32768 (order: 6, 262144 bytes)
[    1.256202] TCP bind hash table entries: 32768 (order: 7, 524288 bytes)
[    1.273963] TCP: Hash tables configured (established 32768 bind 32768)
[    1.290296] UDP hash table entries: 2048 (order: 4, 65536 bytes)
[    1.292869] UDP-Lite hash table entries: 2048 (order: 4, 65536 bytes)
[    1.292869] NET: Registered protocol family 1
[    1.292869] pci 0000:00:00.0: Limiting direct PCI/PCI transfers
[    1.292869] pci 0000:00:01.0: Activating ISA DMA hang workarounds
[    1.292869] pci 0000:00:02.0: Video device with shadowed ROM at [mem 0x000c0000-0x000dffff]
[    1.292869] Unpacking initramfs...
[    2.124302] Freeing initrd memory: 20396K
[    2.459523] clocksource: tsc: mask: 0xffffffffffffffff max_cycles: 0x396d4ffc055, max_idle_ns: 881590662783 ns
[    2.498768] platform rtc_cmos: registered platform RTC device (no PNP device found)
[    2.519395] Scanning for low memory corruption every 60 seconds
[    2.537605] Initialise system trusted keyrings
[    2.549632] Key type blacklist registered
[    2.564991] workingset: timestamp_bits=36 max_order=20 bucket_order=0
[    2.585426] zbud: loaded
[    2.599219] squashfs: version 4.0 (2009/01/31) Phillip Lougher
[    2.616631] fuse init (API version 7.26)
[    2.685126] Key type asymmetric registered
[    2.699313] Asymmetric key parser 'x509' registered
[    2.713078] Block layer SCSI generic (bsg) driver version 0.4 loaded (major 246)
[    2.735682] io scheduler noop registered
[    2.747205] io scheduler deadline registered
[    2.760001] io scheduler cfq registered (default)
[    2.773685] ACPI: AC Adapter [AC] (on-line)
[    2.787663] input: Power Button as /devices/LNXSYSTM:00/LNXPWRBN:00/input/input0
[    2.807372] ACPI: Power Button [PWRF]
[    2.820067] input: Sleep Button as /devices/LNXSYSTM:00/LNXSLPBN:00/input/input1
[    2.839676] ACPI: Sleep Button [SLPF]
[    2.857468] Serial: 8250/16550 driver, 32 ports, IRQ sharing enabled
[    2.874379] ACPI: Battery Slot [BAT0] (battery present)
[    2.942524] 00:02: ttyS0 at I/O 0x3f8 (irq = 4, base_baud = 115200) is a 16550A
[    3.009239] Linux agpgart interface v0.103
[    3.049942] loop: module loaded
[    3.069999] scsi host0: ata_piix
[    3.081459] scsi host1: ata_piix
[    3.090920] ata1: PATA max UDMA/33 cmd 0x1f0 ctl 0x3f6 bmdma 0xd000 irq 14
[    3.107420] ata2: PATA max UDMA/33 cmd 0x170 ctl 0x376 bmdma 0xd008 irq 15
[    3.126390] tun: Universal TUN/TAP device driver, 1.6
[    3.146333] PPP generic driver version 2.4.2
[    3.160697] ehci_hcd: USB 2.0 'Enhanced' Host Controller (EHCI) Driver
[    3.179741] ehci-pci: EHCI PCI platform driver
[    3.192660] ehci-platform: EHCI generic platform driver
[    3.206571] ohci_hcd: USB 1.1 'Open' Host Controller (OHCI) Driver
[    3.221370] ohci-pci: OHCI PCI platform driver
[    3.233850] ohci-platform: OHCI generic platform driver
[    3.247990] uhci_hcd: USB Universal Host Controller Interface driver
[    3.264059] i8042: PNP: PS/2 Controller [PNP0303:PS2K,PNP0f03:PS2M] at 0x60,0x64 irq 1,12
[    3.297513] serio: i8042 KBD port at 0x60,0x64 irq 1
[    3.359883] serio: i8042 AUX port at 0x60,0x64 irq 12
[    3.374271] mousedev: PS/2 mouse device common for all mice
[    3.391106] rtc_cmos rtc_cmos: rtc core: registered rtc_cmos as rtc0
[    3.406129] rtc_cmos rtc_cmos: alarms up to one day, 114 bytes nvram
[    3.419930] i2c /dev entries driver
[    3.428812] device-mapper: uevent: version 1.0.3
[    3.439610] device-mapper: ioctl: 4.37.0-ioctl (2017-09-20) initialised: dm-devel@redhat.com
[    3.461903] ledtrig-cpu: registered to indicate activity on CPUs
[    3.480473] input: AT Translated Set 2 keyboard as /devices/platform/i8042/serio0/input/input2
[    3.503867] NET: Registered protocol family 10
[    3.543683] Segment Routing with IPv6
[    3.553560] NET: Registered protocol family 17
[    3.566215] Key type dns_resolver registered
[    3.579935] mce: Using 0 MCE banks
[    3.589015] RAS: Correctable Errors collector initialized.
[    3.603705] sched_clock: Marking stable (3603578606, 0)->(6382437082, -2778858476)
[    3.636435] registered taskstats version 1
[    3.645698] Loading compiled-in X.509 certificates
[    3.668814] Loaded X.509 cert 'Build time autogenerated kernel key: cdc7189136aaa35407544516090e2034d9c28e14'
[    3.691924] Loaded X.509 cert 'Canonical Ltd. Live Patch Signing: 14df34d1a87cf37625abec039ef2bf521249b969'
[    3.714945] Loaded X.509 cert 'Canonical Ltd. Kernel Module Signing: 88f752e560a1e0737e31163a466ad7b70a850c19'
[    3.736918] blacklist: Loading compiled-in revocation X.509 certificates
[    3.753663] Loaded X.509 cert 'Canonical Ltd. Secure Boot Signing: 61482aa2830d0ab2ad5af10b7250da9033ddcef0'
[    3.775500] Loaded X.509 cert 'Canonical Ltd. Secure Boot Signing (2017): 242ade75ac4a15e50d50c84b0d45ff3eae707a03'
[    3.798125] Loaded X.509 cert 'Canonical Ltd. Secure Boot Signing (ESM 2018): 365188c1d374d6b07c3c8f240f8ef722433d6a8b'
[    3.821172] Loaded X.509 cert 'Canonical Ltd. Secure Boot Signing (2019): c0746fd6c5da3ae827864651ad66ae47fe24b3e8'
[    3.845611] Loaded X.509 cert 'Canonical Ltd. Secure Boot Signing (2021 v1): a8d54bbb3825cfb94fa13c9f8a594a195c107b8d'
[    3.868817] Loaded X.509 cert 'Canonical Ltd. Secure Boot Signing (2021 v2): 4cf046892d6fd3c9a5b03f98d845f90851dc6a8c'
[    3.896069] Loaded X.509 cert 'Canonical Ltd. Secure Boot Signing (2021 v3): 100437bb6de6e469b581e61cd66bce3ef4ed53af'
[    3.917444] Loaded X.509 cert 'Canonical Ltd. Secure Boot Signing (Ubuntu Core 2019): c1d57b8f6b743f23ee41f4f7ee292f06eecadfb9'
[    3.940371] zswap: loaded using pool lzo/zbud
[    3.971107] Key type big_key registered
[    3.980624] Key type trusted registered
[    4.001035] Key type encrypted registered
[    4.011179] AppArmor: AppArmor sha1 policy hashing enabled
[    4.025213] ima: No TPM chip found, activating TPM-bypass! (rc=-19)
[    4.039824] ima: Allocated hash algorithm: sha1
[    4.050623] evm: HMAC attrs: 0x1
[    4.061436]   Magic number: 4:830:545
[    4.071430] tty ttyS21: hash matches
[    4.082625] rtc_cmos rtc_cmos: setting system clock to 2024-12-04 19:30:19 UTC (1733340619)
[    4.101993] BIOS EDD facility v0.16 2004-Jun-25, 0 devices found
[    4.116801] EDD information not available.
[    4.135220] Freeing unused kernel image memory: 2480K
[    4.160594] Write protecting the kernel read-only data: 20480k
[    4.175042] Freeing unused kernel image memory: 2008K
[    4.191787] Freeing unused kernel image memory: 1820K
[    4.223622] x86/mm: Checked W+X mappings: passed, no W+X pages found.
[    4.240798] x86/mm: Checking user space page tables
[    4.271087] x86/mm: Checked W+X mappings: passed, no W+X pages found.
Loading, please wait...
starting version 237
[    4.577520] e1000: Intel(R) PRO/1000 Network Driver - version 7.3.21-k8-NAPI
[    4.600617] e1000: Copyright (c) 1999-2006 Intel Corporation.
[    4.655282] Fusion MPT base driver 3.04.20
[    4.666900] Copyright (c) 1999-2008 LSI Corporation
[    4.802485] SSE version of gcm_enc/dec engaged.
[    4.910783] Fusion MPT SPI Host driver 3.04.20
[    5.013770] input: ImExPS/2 Generic Explorer Mouse as /devices/platform/i8042/serio1/input/input4
[    6.638434] e1000 0000:00:03.0 eth0: (PCI:33MHz:32-bit) 02:3b:7b:b7:3b:2d
[    6.650681] e1000 0000:00:03.0 eth0: Intel(R) PRO/1000 Network Connection
[    6.671382] mptbase: ioc0: Initiating bringup
[    7.016942] ioc0: LSI53C1030 A0: Capabilities={Initiator}
[    8.354067] scsi host2: ioc0: LSI53C1030 A0, FwRev=00000000h, Ports=1, MaxQ=256, IRQ=20
[    9.834393] scsi 2:0:0:0: Direct-Access     VBOX     HARDDISK         1.0  PQ: 0 ANSI: 5
[   10.461910] scsi target2:0:0: Beginning Domain Validation
[   10.495844] scsi target2:0:0: Domain Validation skipping write tests
[   10.508177] scsi target2:0:0: Ending Domain Validation
[   10.519906] scsi target2:0:0: asynchronous
[   10.532997] scsi 2:0:1:0: Direct-Access     VBOX     HARDDISK         1.0  PQ: 0 ANSI: 5
[   10.856298] scsi target2:0:1: Beginning Domain Validation
[   10.889490] scsi target2:0:1: Domain Validation skipping write tests
[   10.901460] scsi target2:0:1: Ending Domain Validation
[   10.912916] scsi target2:0:1: asynchronous
[   10.951928] sd 2:0:0:0: Attached scsi generic sg0 type 0
[   10.964145] sd 2:0:1:0: Attached scsi generic sg1 type 0
[   10.980996] sd 2:0:0:0: [sda] 83886080 512-byte logical blocks: (42.9 GB/40.0 GiB)
[   11.001292] sd 2:0:0:0: [sda] Write Protect is off
[   11.016947] sd 2:0:1:0: [sdb] 20480 512-byte logical blocks: (10.5 MB/10.0 MiB)
[   11.034277] sd 2:0:0:0: [sda] Incomplete mode parameter data
[   11.049488] sd 2:0:0:0: [sda] Assuming drive cache: write through
[   11.074948] sd 2:0:1:0: [sdb] Write Protect is off
[   11.087194] sd 2:0:1:0: [sdb] Incomplete mode parameter data
[   11.092361]  sda: sda1
[   11.100223] sd 2:0:1:0: [sdb] Assuming drive cache: write through
[   11.128434] sd 2:0:0:0: [sda] Attached SCSI disk
[   11.147214] sd 2:0:1:0: [sdb] Attached SCSI disk
[   11.211271] e1000 0000:00:08.0 eth1: (PCI:33MHz:32-bit) 08:00:27:a0:fd:dc
[   11.225875] e1000 0000:00:08.0 eth1: Intel(R) PRO/1000 Network Connection
[   12.297672] e1000 0000:00:09.0 eth2: (PCI:33MHz:32-bit) 08:00:27:e2:c4:a1
[   12.311889] e1000 0000:00:09.0 eth2: Intel(R) PRO/1000 Network Connection
[   12.331889] e1000 0000:00:03.0 enp0s3: renamed from eth0
[   12.357477] e1000 0000:00:08.0 enp0s8: renamed from eth1
[   12.421247] e1000 0000:00:09.0 enp0s9: renamed from eth2
Begin: Loading essential drivers ... [   15.996254] raid6: sse2x1   gen()  6165 MB/s
[   16.052289] raid6: sse2x1   xor()  4499 MB/s
[   16.108232] raid6: sse2x2   gen()  7367 MB/s
[   16.164734] raid6: sse2x2   xor()  3801 MB/s
[   16.223517] raid6: sse2x4   gen()  8596 MB/s
[   16.280390] raid6: sse2x4   xor()  4724 MB/s
[   16.288832] raid6: using algorithm sse2x4 gen() 8596 MB/s
[   16.299545] raid6: .... xor() 4724 MB/s, rmw enabled
[   16.309467] raid6: using ssse3x2 recovery algorithm
[   16.323572] xor: measuring software checksum speed
[   21.129150]    prefetch64-sse: -1698131.-296 MB/sec
[   21.222731]    generic_sse: 23101.000 MB/sec
[   21.231934] xor: using function: generic_sse (23101.000 MB/sec)
[   21.249304] async_tx: api initialized (async)
done.
Begin: Running /scripts/init-premount ... done.
Begin: Mounting root file system ... Begin: Running /scripts/local-top ... done.
Begin: Running /scripts/local-premount ... [   21.402079] Btrfs loaded, crc32c=crc32c-intel
Scanning for Btrfs filesystems
done.
Begin: Will now check root file system ... fsck from util-linux 2.31.1
[/sbin/fsck.ext4 (1) -- /dev/sda1] fsck.ext4 -a -C0 /dev/sda1 
cloudimg-rootfs: clean, 118381/5120000 files, 906050/10485499 blocks
done.
[   21.589603] EXT4-fs (sda1): mounted filesystem with ordered data mode. Opts: (null)
done.
Begin: Running /scripts/local-bottom ... done.
Begin: Running /scripts/init-bottom ... done.
[   22.391734] ip_tables: (C) 2000-2006 Netfilter Core Team
[   22.432560] systemd[1]: systemd 237 running in system mode. (+PAM +AUDIT +SELINUX +IMA +APPARMOR +SMACK +SYSVINIT +UTMP +LIBCRYPTSETUP +GCRYPT +GNUTLS +ACL +XZ +LZ4 +SECCOMP +BLKID +ELFUTILS +KMOD -IDN2 +IDN -PCRE2 default-hierarchy=hybrid)
[   22.472749] systemd[1]: Detected virtualization oracle.
[   22.483735] systemd[1]: Detected architecture x86-64.

Welcome to [1mUbuntu 18.04.6 LTS[0m!

[   22.566170] systemd[1]: Set hostname to <puppet>.
[   23.324564] systemd[1]: Reached target System Time Synchronized.
[[0;32m  OK  [0m] Reached target System Time Synchronized.
[   23.369492] systemd[1]: Created slice User and Session Slice.
[[0;32m  OK  [0m] Created slice User and Session Slice.
[   23.392617] systemd[1]: Reached target Mounting snaps.
[[0;32m  OK  [0m] Reached target Mounting snaps.
[   23.412926] systemd[1]: Reached target User and Group Name Lookups.
[[0;32m  OK  [0m] Reached target User and Group Name Lookups.
[   23.441614] systemd[1]: Created slice System Slice.
[[0;32m  OK  [0m] Created slice System Slice.
[   23.463429] systemd[1]: Listening on Device-mapper event daemon FIFOs.
[[0;32m  OK  [0m] Listening on Device-mapper event daemon FIFOs.
[[0;32m  OK  [0m] Listening on udev Kernel Socket.
[[0;32m  OK  [0m] Listening on Network Service Netlink Socket.
[[0;32m  OK  [0m] Listening on Syslog Socket.
[[0;32m  OK  [0m] Listening on Journal Audit Socket.
[[0;32m  OK  [0m] Listening on fsck to fsckd communication Socket.
[[0;32m  OK  [0m] Listening on LVM2 poll daemon socket.
[[0;32m  OK  [0m] Listening on Journal Socket (/dev/log).
[[0;32m  OK  [0m] Created slice system-serial\x2dgetty.slice.
[[0;32m  OK  [0m] Reached target Mounted snaps.
[[0;32m  OK  [0m] Set up automount Arbitrary Executabâ€¦rmats File System Automount Point.
[[0;32m  OK  [0m] Listening on /dev/initctl Compatibility Named Pipe.
[[0;32m  OK  [0m] Listening on Journal Socket.
         Starting Journal Service...
         Mounting Huge Pages File System...
         Starting Uncomplicated firewall...
         Starting Set the console keyboard layout...
         Mounting Kernel Debug File System...
         Starting Load Kernel Modules...
         Starting Remount Root and Kernel File Systems...
         Starting Create list of required stâ€¦ce nodes for the current kernel...
[[0;32m  OK  [0m] Listening on LVM2 metadata daemon socket.
         Starting Monitoring of LVM2 mirrorsâ€¦ng dmeventd or progress polling...
[[0;32m  OK  [0m] Listening on udev Control Socket.
         Starting udev Coldplug all Devices...
[[0;32m  OK  [0m] Reached target Swap.
[[0;32m  OK  [0m] Reached target Slices.
[[0;32m  OK  [0m] Started Forward Password Requests to Wall Directory Watch.
         Mounting POSIX Message Queue File System...
[[0;32m  OK  [0m] Mounted Huge Pages File System.
[[0;32m  OK  [0m] Started Uncomplicated firewall.
[[0;32m  OK  [0m] Mounted Kernel Debug File System.
[[0;32m  OK  [0m] Mounted POSIX Message Queue File System.
[[0;32m  OK  [0m] Started Journal Service.
[   23.811960] Loading iSCSI transport class v2.0-870.
[[0;32m  OK  [0m] Started Create list of required staâ€¦vice nodes for the current kernel.
         Starting Create Static Device Nodes in /dev...
[   23.889050] EXT4-fs (sda1): re-mounted. Opts: (null)
[[0;32m  OK  [0m] Started Remount Root and Kernel File Systems.
         Starting Flush Journal to Persistent Storage...
         Starting Load/Save Random Seed...
[   24.011630] iscsi: registered transport (tcp)
[[0;32m  OK  [0m] Started Create Static Device Nodes in /dev.
         Starting udev Kernel Device Manager...
[[0;32m  OK  [0m] Started udev Coldplug all Devices.
[[0;32m  OK  [0m] Started Load/Save Random Seed.
[   24.113990] systemd-journald[407]: Received request to flush runtime journal from PID 1
[[0;32m  OK  [0m] Started LVM2 metadata daemon.
[[0;32m  OK  [0m] Started udev Kernel Device Manager.
[[0;32m  OK  [0m] Started Set the console keyboard layout.
[[0;32m  OK  [0m] Started Dispatch Password Requests to Console Directory Watch.
[[0;32m  OK  [0m] Reached target Local Encrypted Volumes.
[[0;32m  OK  [0m] Started Monitoring of LVM2 mirrors,â€¦sing dmeventd or progress polling.
[[0;32m  OK  [0m] Reached target Local File Systems (Pre).
[[0;32m  OK  [0m] Reached target Local File Systems.
         Starting Set console font and keymap...
         Starting AppArmor initialization...
         Starting Tell Plymouth To Write Out Runtime Data...
         Starting ebtables ruleset management...
[   24.710748] iscsi: registered transport (iser)
[[0;32m  OK  [0m] Started Set console font and keymap.
[[0;32m  OK  [0m] Started Tell Plymouth To Write Out Runtime Data.
[[0;32m  OK  [0m] Started Load Kernel Modules.
         Mounting FUSE Control File System...
         Mounting Kernel Configuration File System...
         Starting Apply Kernel Variables...
[[0;32m  OK  [0m] Mounted Kernel Configuration File System.
[[0;32m  OK  [0m] Mounted FUSE Control File System.
[[0;32m  OK  [0m] Started Flush Journal to Persistent Storage.
         Starting Create Volatile Files and Directories...
[[0;32m  OK  [0m] Started Apply Kernel Variables.
[[0;32m  OK  [0m] Started Create Volatile Files and Directories.
         Starting Update UTMP about System Boot/Shutdown...
[[0;32m  OK  [0m] Started ebtables ruleset management.
[[0;32m  OK  [0m] Started Update UTMP about System Boot/Shutdown.
[[0;32m  OK  [0m] Started AppArmor initialization.
         Starting Load AppArmor profiles managed internally by snapd...
         Starting Initial cloud-init job (pre-networking)...
         Mounting Arbitrary Executable File Formats File System...
[[0;32m  OK  [0m] Found device /dev/ttyS0.
[[0;32m  OK  [0m] Mounted Arbitrary Executable File Formats File System.
[[0;32m  OK  [0m] Started Load AppArmor profiles managed internally by snapd.
[[0;32m  OK  [0m] Listening on Load/Save RF Kill Switch Status /dev/rfkill Watch.
[   30.735143] cloud-init[539]: Cloud-init v. 23.1.2-0ubuntu0~18.04.1 running 'init-local' at Wed, 04 Dec 2024 19:30:45 +0000. Up 30.31 seconds.
[[0;32m  OK  [0m] Started Initial cloud-init job (pre-networking).
[[0;32m  OK  [0m] Reached target Network (Pre).
         Starting Network Service...
[[0;32m  OK  [0m] Started Network Service.
         Starting Wait for Network to be Configured...
         Starting Network Name Resolution...
[[0;32m  OK  [0m] Started Network Name Resolution.
[[0;32m  OK  [0m] Reached target Host and Network Name Lookups.
[[0;32m  OK  [0m] Reached target Network.
[[0;32m  OK  [0m] Started Wait for Network to be Configured.
         Starting Initial cloud-init job (metadata service crawler)...
[   34.941301] cloud-init[684]: Cloud-init v. 23.1.2-0ubuntu0~18.04.1 running 'init' at Wed, 04 Dec 2024 19:30:49 +0000. Up 34.47 seconds.
[   34.964529] cloud-init[684]: ci-info: ++++++++++++++++++++++++++++++++++++++Net device info+++++++++++++++++++++++++++++++++++++++
[   34.977885] cloud-init[684]: ci-info: +--------+------+-----------------------------+---------------+--------+-------------------+
[   34.991335] cloud-init[684]: ci-info: | Device |  Up  |           Address           |      Mask     | Scope  |     Hw-Address    |
[   35.004719] cloud-init[684]: ci-info: +--------+------+-----------------------------+---------------+--------+-------------------+
[   35.015730] cloud-init[684]: ci-info: | enp0s3 | True |          10.0.2.15          | 255.255.255.0 | global | 02:3b:7b:b7:3b:2d |
[   35.025796] cloud-init[684]: ci-info: | enp0s3 | True |  fe80::3b:7bff:feb7:3b2d/64 |       .       |  link  | 02:3b:7b:b7:3b:2d |
[   35.036081] cloud-init[684]: ci-info: | enp0s8 | True |        192.168.50.10        | 255.255.255.0 | global | 08:00:27:a0:fd:dc |
[   35.049276] cloud-init[684]: ci-info: | enp0s8 | True | fe80::a00:27ff:fea0:fddc/64 |       .       |  link  | 08:00:27:a0:fd:dc |
[   35.059551] cloud-init[684]: ci-info: | enp0s9 | True |          10.0.0.29          | 255.255.255.0 | global | 08:00:27:e2:c4:a1 |
[   35.069483] cloud-init[684]: ci-info: | enp0s9 | True | fe80::a00:27ff:fee2:c4a1/64 |       .       |  link  | 08:00:27:e2:c4:a1 |
[   35.079261] cloud-init[684]: ci-info: |   lo   | True |          127.0.0.1          |   255.0.0.0   |  host  |         .         |
[   35.091637] cloud-init[684]: ci-info: |   lo   | True |           ::1/128           |       .       |  host  |         .         |
[   35.101571] cloud-init[684]: ci-info: +--------+------+-----------------------------+---------------+--------+-------------------+
[   35.111747] cloud-init[684]: ci-info: ++++++++++++++++++++++++++++++Route IPv4 info++++++++++++++++++++++++++++++
[   35.122710] cloud-init[684]: ci-info: +-------+--------------+------------+-----------------+-----------+-------+
[   35.134799] cloud-init[684]: ci-info: | Route | Destination  |  Gateway   |     Genmask     | Interface | Flags |
[   35.144006] cloud-init[684]: ci-info: +-------+--------------+------------+-----------------+-----------+-------+
[   35.155069] cloud-init[684]: ci-info: |   0   |   0.0.0.0    | 10.0.0.138 |     0.0.0.0     |   enp0s9  |   UG  |
[   35.171191] cloud-init[684]: ci-info: |   1   |   0.0.0.0    |  10.0.2.2  |     0.0.0.0     |   enp0s3  |   UG  |
[   35.183581] cloud-init[684]: ci-info: |   2   |   10.0.0.0   |  0.0.0.0   |  255.255.255.0  |   enp0s9  |   U   |
[   35.199534] cloud-init[684]: ci-info: |   3   |  10.0.0.138  |  0.0.0.0   | 255.255.255.255 |   enp0s9  |   UH  |
[   35.214901] cloud-init[684]: ci-info: |   4   |   10.0.2.0   |  0.0.0.0   |  255.255.255.0  |   enp0s3  |   U   |
[   35.230500] cloud-init[684]: ci-info: |   5   |   10.0.2.2   |  0.0.0.0   | 255.255.255.255 |   enp0s3  |   UH  |
[   35.247243] cloud-init[684]: ci-info: |   6   | 192.168.50.0 |  0.0.0.0   |  255.255.255.0  |   enp0s8  |   U   |
[   35.255370] cloud-init[684]: ci-info: +-------+--------------+------------+-----------------+-----------+-------+
[   35.266714] cloud-init[684]: ci-info: ++++++++++++++++++++++++++++Route IPv6 info++++++++++++++++++++++++++++
[   35.274714] cloud-init[684]: ci-info: +-------+-------------+---------------------------+-----------+-------+
[   35.284960] cloud-init[684]: ci-info: | Route | Destination |          Gateway          | Interface | Flags |
[   35.294005] cloud-init[684]: ci-info: +-------+-------------+---------------------------+-----------+-------+
[   35.303089] cloud-init[684]: ci-info: |   1   |  fe80::/64  |             ::            |   enp0s9  |   U   |
[   35.311061] cloud-init[684]: ci-info: |   2   |  fe80::/64  |             ::            |   enp0s8  |   U   |
[   35.319411] cloud-init[684]: ci-info: |   3   |  fe80::/64  |             ::            |   enp0s3  |   U   |
[   35.328917] cloud-init[684]: ci-info: |   4   |     ::/0    | fe80::5e6a:80ff:fe91:a2fa |   enp0s9  |   UG  |
[   35.338918] cloud-init[684]: ci-info: |   6   |    local    |             ::            |   enp0s3  |   U   |
[   35.348010] cloud-init[684]: ci-info: |   7   |    local    |             ::            |   enp0s8  |   U   |
[   35.357323] cloud-init[684]: ci-info: |   8   |    local    |             ::            |   enp0s9  |   U   |
[   35.365915] cloud-init[684]: ci-info: |   9   |   ff00::/8  |             ::            |   enp0s9  |   U   |
[   35.374936] cloud-init[684]: ci-info: |   10  |   ff00::/8  |             ::            |   enp0s8  |   U   |
[   35.384465] cloud-init[684]: ci-info: |   11  |   ff00::/8  |             ::            |   enp0s3  |   U   |
[   35.394001] cloud-init[684]: ci-info: +-------+-------------+---------------------------+-----------+-------+
[[0;32m  OK  [0m] Started Initial cloud-init job (metadata service crawler).
[[0;32m  OK  [0m] Reached target Network is Online.
         Starting Availability of block devices...
[[0;32m  OK  [0m] Reached target Remote File Systems (Pre).
         Mounting /mynetworklab...
[[0;32m  OK  [0m] Reached target System Initialization.
[[0;32m  OK  [0m] Listening on D-Bus System Message Bus Socket.
[[0;32m  OK  [0m] Started Message of the Day.
[[0;32m  OK  [0m] Listening on Open-iSCSI iscsid Socket.
[[0;32m  OK  [0m] Started Discard unused blocks once a week.
[[0;32m  OK  [0m] Started ACPI Events Check.
[[0;32m  OK  [0m] Reached target Paths.
         Starting Socket activation for snappy daemon.
[[0;32m  OK  [0m] Listening on cloud-init hotplug hook socket.
         Starting LXD - unix socket.
[[0;32m  OK  [0m] Started Daily Cleanup of Temporary Directories.
[[0;32m  OK  [0m] Listening on ACPID Listen Socket.
[[0;32m  OK  [0m] Listening on UUID daemon activation socket.
[[0;32m  OK  [0m] Started Ubuntu Advantage Timer for running repeated jobs.
[[0;32m  OK  [0m] Started Daily apt download activities.
[[0;32m  OK  [0m] Started Daily apt upgrade and clean activities.
[[0;32m  OK  [0m] Reached target Timers.
[[0;32m  OK  [0m] Reached target Cloud-config availability.
[[0;32m  OK  [0m] Started Availability of block devices.
[[0;32m  OK  [0m] Mounted /mynetworklab.
[[0;32m  OK  [0m] Listening on Socket activation for snappy daemon.
[[0;32m  OK  [0m] Listening on LXD - unix socket.
[[0;32m  OK  [0m] Reached target Sockets.
[[0;32m  OK  [0m] Reached target Basic System.
         Starting System Logging Service...
[[0;32m  OK  [0m] Started Regular background program processing daemon.
         Starting Login Service...
[[0;32m  OK  [0m] Reached target Login Prompts (Pre).
[[0;32m  OK  [0m] Started irqbalance daemon.
         Starting LSB: Record successful boot for GRUB...
[[0;32m  OK  [0m] Started Puppet agent.
[[0;32m  OK  [0m] Started FUSE filesystem for LXC.
         Starting OpenBSD Secure Shell server...
         Starting Virtualbox guest utils...
         Starting Dispatcher daemon for systemd-networkd...
         Starting LXD - container startup/shutdown...
[[0;32m  OK  [0m] Started D-Bus System Message Bus.
[[0;32m  OK  [0m] Started Login Service.
[[0;32m  OK  [0m] Started Unattended Upgrades Shutdown.
         Starting Accounts Service...
[[0;32m  OK  [0m] Started Deferred execution scheduler.
         Starting Snap Daemon...
[[0;32m  OK  [0m] Reached target Remote File Systems.
         Starting The Apache HTTP Server...
         Starting LSB: automatic crash report generation...
         Starting Permit User Sessions...
[[0;32m  OK  [0m] Started System Logging Service.
[[0;32m  OK  [0m] Started OpenBSD Secure Shell server.
[[0;32m  OK  [0m] Started Permit User Sessions.
         Starting Terminate Plymouth Boot Screen...
         Starting Hold until boot process finishes up...
[[0;32m  OK  [0m] Started Hold until boot process finishes up.
[[0;32m  OK  [0m] Started Terminate Plymouth Boot Screen.
[[0;32m  OK  [0m] Started Serial Getty on ttyS0.
         Starting Set console scheme...
[[0;32m  OK  [0m] Started Set console scheme.
[[0;32m  OK  [0m] Created slice system-getty.slice.
[[0;32m  OK  [0m] Started Getty on tty1.
[[0;32m  OK  [0m] Reached target Login Prompts.
         Starting Authorization Manager...
[[0;32m  OK  [0m] Started LSB: automatic crash report generation.
[[0;32m  OK  [0m] Started LSB: Record successful boot for GRUB.
[[0;32m  OK  [0m] Started Dispatcher daemon for systemd-networkd.
[[0;32m  OK  [0m] Started Virtualbox guest utils.
[[0;32m  OK  [0m] Started Authorization Manager.
[[0;32m  OK  [0m] Started Accounts Service.
[[0;32m  OK  [0m] Started The Apache HTTP Server.
[[0;32m  OK  [0m] Started LXD - container startup/shutdown.
[[0;32m  OK  [0m] Created slice User Slice of vagrant.
         Starting User Manager for UID 1000...
[[0;32m  OK  [0m] Started Session 1 of user vagrant.
[[0;32m  OK  [0m] Started User Manager for UID 1000.
[[0;32m  OK  [0m] Started Snap Daemon.
         Starting Wait until snapd is fully seeded...
         Starting Time & Date Service...
[[0;32m  OK  [0m] Started Time & Date Service.
[[0;32m  OK  [0m] Started Wait until snapd is fully seeded.
         Starting Apply the settings specified in cloud-config...

Ubuntu 18.04.6 LTS puppet ttyS0

puppet login: [   44.874939] cloud-init[1191]: Cloud-init v. 23.1.2-0ubuntu0~18.04.1 running 'modules:config' at Wed, 04 Dec 2024 19:30:59 +0000. Up 43.81 seconds.
[   48.853130] cloud-init[1330]: Cloud-init v. 23.1.2-0ubuntu0~18.04.1 running 'modules:final' at Wed, 04 Dec 2024 19:31:03 +0000. Up 47.60 seconds.
[   48.856254] cloud-init[1330]: Cloud-init v. 23.1.2-0ubuntu0~18.04.1 finished at Wed, 04 Dec 2024 19:31:04 +0000. Datasource DataSourceNoCloud [seed=/dev/sdb][dsmode=net].  Up 48.63 seconds
