[    0.000000] Linux version 4.15.0-213-generic (buildd@lcy02-amd64-079) (gcc version 7.5.0 (Ubuntu 7.5.0-3ubuntu1~18.04)) #224-Ubuntu SMP Mon Jun 19 13:30:12 UTC 2023 (Ubuntu 4.15.0-213.224-generic 4.15.18)
[    0.000000] Command line: BOOT_IMAGE=/boot/vmlinuz-4.15.0-213-generic root=UUID=f685bb41-0e3b-40c4-89c1-eea0f0583525 ro console=tty1 console=ttyS0
[    0.000000] KERNEL supported cpus:
[    0.000000]   Intel GenuineIntel
[    0.000000]   AMD AuthenticAMD
[    0.000000]   Centaur CentaurHauls
[    0.000000] x86/fpu: x87 FPU will use FXSAVE
[    0.000000] e820: BIOS-provided physical RAM map:
[    0.000000] BIOS-e820: [mem 0x0000000000000000-0x000000000009fbff] usable
[    0.000000] BIOS-e820: [mem 0x000000000009fc00-0x000000000009ffff] reserved
[    0.000000] BIOS-e820: [mem 0x00000000000f0000-0x00000000000fffff] reserved
[    0.000000] BIOS-e820: [mem 0x0000000000100000-0x000000001ffeffff] usable
[    0.000000] BIOS-e820: [mem 0x000000001fff0000-0x000000001fffffff] ACPI data
[    0.000000] BIOS-e820: [mem 0x00000000fec00000-0x00000000fec00fff] reserved
[    0.000000] BIOS-e820: [mem 0x00000000fee00000-0x00000000fee00fff] reserved
[    0.000000] BIOS-e820: [mem 0x00000000fffc0000-0x00000000ffffffff] reserved
[    0.000000] NX (Execute Disable) protection: active
[    0.000000] SMBIOS 2.5 present.
[    0.000000] DMI: innotek GmbH VirtualBox/VirtualBox, BIOS VirtualBox 12/01/2006
[    0.000000] Hypervisor detected: KVM
[    0.000000] e820: last_pfn = 0x1fff0 max_arch_pfn = 0x400000000
[    0.000000] MTRR: Disabled
[    0.000000] x86/PAT: MTRRs disabled, skipping PAT initialization too.
[    0.000000] CPU MTRRs all blank - virtualized system.
[    0.000000] x86/PAT: Configuration [0-7]: WB  WT  UC- UC  WB  WT  UC- UC  
[    0.000000] found SMP MP-table at [mem 0x0009fff0-0x0009ffff]
[    0.000000] Scanning 1 areas for low memory corruption
[    0.000000] RAMDISK: [mem 0x1d9fd000-0x1ede7fff]
[    0.000000] ACPI: Early table checksum verification disabled
[    0.000000] ACPI: RSDP 0x00000000000E0000 000024 (v02 VBOX  )
[    0.000000] ACPI: XSDT 0x000000001FFF0030 00003C (v01 VBOX   VBOXXSDT 00000001 ASL  00000061)
[    0.000000] ACPI: FACP 0x000000001FFF00F0 0000F4 (v04 VBOX   VBOXFACP 00000001 ASL  00000061)
[    0.000000] ACPI: DSDT 0x000000001FFF0610 002353 (v02 VBOX   VBOXBIOS 00000002 INTL 20100528)
[    0.000000] ACPI: FACS 0x000000001FFF0200 000040
[    0.000000] ACPI: FACS 0x000000001FFF0200 000040
[    0.000000] ACPI: APIC 0x000000001FFF0240 00005C (v02 VBOX   VBOXAPIC 00000001 ASL  00000061)
[    0.000000] ACPI: SSDT 0x000000001FFF02A0 00036C (v01 VBOX   VBOXCPUT 00000002 INTL 20100528)
[    0.000000] ACPI: Reserving FACP table memory at [mem 0x1fff00f0-0x1fff01e3]
[    0.000000] ACPI: Reserving DSDT table memory at [mem 0x1fff0610-0x1fff2962]
[    0.000000] ACPI: Reserving FACS table memory at [mem 0x1fff0200-0x1fff023f]
[    0.000000] ACPI: Reserving FACS table memory at [mem 0x1fff0200-0x1fff023f]
[    0.000000] ACPI: Reserving APIC table memory at [mem 0x1fff0240-0x1fff029b]
[    0.000000] ACPI: Reserving SSDT table memory at [mem 0x1fff02a0-0x1fff060b]
[    0.000000] No NUMA configuration found
[    0.000000] Faking a node at [mem 0x0000000000000000-0x000000001ffeffff]
[    0.000000] NODE_DATA(0) allocated [mem 0x1ffc5000-0x1ffeffff]
[    0.000000] kvm-clock: cpu 0, msr 0:1ff44001, primary cpu clock
[    0.000000] kvm-clock: Using msrs 4b564d01 and 4b564d00
[    0.000000] kvm-clock: using sched offset of 7405635177 cycles
[    0.000000] clocksource: kvm-clock: mask: 0xffffffffffffffff max_cycles: 0x1cd42e4dffb, max_idle_ns: 881590591483 ns
[    0.000000] Zone ranges:
[    0.000000]   DMA      [mem 0x0000000000001000-0x0000000000ffffff]
[    0.000000]   DMA32    [mem 0x0000000001000000-0x000000001ffeffff]
[    0.000000]   Normal   empty
[    0.000000]   Device   empty
[    0.000000] Movable zone start for each node
[    0.000000] Early memory node ranges
[    0.000000]   node   0: [mem 0x0000000000001000-0x000000000009efff]
[    0.000000]   node   0: [mem 0x0000000000100000-0x000000001ffeffff]
[    0.000000] Reserved but unavailable: 104 pages
[    0.000000] Initmem setup node 0 [mem 0x0000000000001000-0x000000001ffeffff]
[    0.000000] ACPI: PM-Timer IO Port: 0x4008
[    0.000000] IOAPIC[0]: apic_id 2, version 32, address 0xfec00000, GSI 0-23
[    0.000000] ACPI: INT_SRC_OVR (bus 0 bus_irq 0 global_irq 2 dfl dfl)
[    0.000000] ACPI: INT_SRC_OVR (bus 0 bus_irq 9 global_irq 9 low level)
[    0.000000] Using ACPI (MADT) for SMP configuration information
[    0.000000] smpboot: Allowing 2 CPUs, 0 hotplug CPUs
[    0.000000] PM: Registered nosave memory: [mem 0x00000000-0x00000fff]
[    0.000000] PM: Registered nosave memory: [mem 0x0009f000-0x0009ffff]
[    0.000000] PM: Registered nosave memory: [mem 0x000a0000-0x000effff]
[    0.000000] PM: Registered nosave memory: [mem 0x000f0000-0x000fffff]
[    0.000000] e820: [mem 0x20000000-0xfebfffff] available for PCI devices
[    0.000000] Booting paravirtualized kernel on KVM
[    0.000000] clocksource: refined-jiffies: mask: 0xffffffff max_cycles: 0xffffffff, max_idle_ns: 7645519600211568 ns
[    0.000000] setup_percpu: NR_CPUS:8192 nr_cpumask_bits:2 nr_cpu_ids:2 nr_node_ids:1
[    0.000000] percpu: Embedded 50 pages/cpu s167936 r8192 d28672 u1048576
[    0.000000] PV qspinlock hash table entries: 256 (order: 0, 4096 bytes)
[    0.000000] Built 1 zonelists, mobility grouping on.  Total pages: 128889
[    0.000000] Policy zone: DMA32
[    0.000000] Kernel command line: BOOT_IMAGE=/boot/vmlinuz-4.15.0-213-generic root=UUID=f685bb41-0e3b-40c4-89c1-eea0f0583525 ro console=tty1 console=ttyS0
[    0.000000] Memory: 465680K/523832K available (12300K kernel code, 2477K rwdata, 4324K rodata, 2480K init, 2720K bss, 58152K reserved, 0K cma-reserved)
[    0.000000] SLUB: HWalign=64, Order=0-3, MinObjects=0, CPUs=2, Nodes=1
[    0.000000] Kernel/User page tables isolation: enabled
[    0.000000] ftrace: allocating 39508 entries in 155 pages
[    0.004000] Hierarchical RCU implementation.
[    0.004000] 	RCU restricting CPUs from NR_CPUS=8192 to nr_cpu_ids=2.
[    0.004000] 	Tasks RCU enabled.
[    0.004000] RCU: Adjusting geometry for rcu_fanout_leaf=16, nr_cpu_ids=2
[    0.004000] NR_IRQS: 524544, nr_irqs: 440, preallocated irqs: 16
[    0.004000] random: crng init done
[    0.004000] Console: colour VGA+ 80x25
[    0.004000] console [tty1] enabled
[    0.004000] console [ttyS0] enabled
[    0.004000] ACPI: Core revision 20170831
[    0.004000] ACPI: 2 ACPI AML tables successfully acquired and loaded
[    0.004000] APIC: Switch to symmetric I/O mode setup
[    0.008000] ..TIMER: vector=0x30 apic1=0 pin1=2 apic2=-1 pin2=-1
[    0.008020] tsc: Detected 1991.998 MHz processor
[    0.012025] Calibrating delay loop (skipped) preset value.. 3983.99 BogoMIPS (lpj=7967992)
[    0.016018] pid_max: default: 32768 minimum: 301
[    0.020082] Security Framework initialized
[    0.024018] Yama: becoming mindful.
[    0.028076] AppArmor: AppArmor initialized
[    0.032256] Dentry cache hash table entries: 65536 (order: 7, 524288 bytes)
[    0.036088] Inode-cache hash table entries: 32768 (order: 6, 262144 bytes)
[    0.040047] Mount-cache hash table entries: 1024 (order: 1, 8192 bytes)
[    0.044031] Mountpoint-cache hash table entries: 1024 (order: 1, 8192 bytes)
[    0.059611] Last level iTLB entries: 4KB 64, 2MB 8, 4MB 8
[    0.060015] Last level dTLB entries: 4KB 64, 2MB 0, 4MB 0, 1GB 4
[    0.064021] Spectre V1 : Mitigation: usercopy/swapgs barriers and __user pointer sanitization
[    0.068015] Spectre V2 : Mitigation: Retpolines
[    0.072010] Spectre V2 : Spectre v2 / SpectreRSB mitigation: Filling RSB on context switch
[    0.076009] Spectre V2 : Spectre v2 / SpectreRSB : Filling RSB on VMEXIT
[    0.080008] RETBleed: WARNING: Spectre v2 mitigation leaves CPU vulnerable to RETBleed attacks, data leaks possible!
[    0.084013] RETBleed: Vulnerable
[    0.088015] Speculative Store Bypass: Vulnerable
[    0.092236] MDS: Mitigation: Clear CPU buffers
[    0.096011] MMIO Stale Data: Mitigation: Clear CPU buffers
[    0.100013] SRBDS: Unknown: Dependent on hypervisor status
[    0.104622] Freeing SMP alternatives memory: 36K
[    0.228221] APIC calibration not consistent with PM-Timer: 101ms instead of 100ms
[    0.232000] APIC delta adjusted to PM-Timer: 6283148 (6397488)
[    0.233557] smpboot: CPU0: Intel(R) Core(TM) i7-8550U CPU @ 1.80GHz (family: 0x6, model: 0x8e, stepping: 0xa)
[    0.236239] Performance Events: unsupported p6 CPU model 142 no PMU driver, software events only.
[    0.244478] Hierarchical SRCU implementation.
[    0.252103] NMI watchdog: Perf event create on CPU 0 failed with -2
[    0.256013] NMI watchdog: Perf NMI watchdog permanently disabled
[    0.260202] smp: Bringing up secondary CPUs ...
[    0.264241] x86: Booting SMP configuration:
[    0.268012] .... node  #0, CPUs:      #1
[    0.004000] kvm-clock: cpu 1, msr 0:1ff44041, secondary cpu clock
[    0.314275] TSC synchronization [CPU#0 -> CPU#1]:
[    0.316000] Measured 94284 cycles TSC warp between CPUs, turning off TSC clock.
[    0.316000] tsc: Marking TSC unstable due to check_tsc_sync_source failed
[    0.320794] smp: Brought up 1 node, 2 CPUs
[    0.324027] smpboot: Max logical packages: 1
[    0.328021] smpboot: Total of 2 processors activated (7967.99 BogoMIPS)
[    0.336793] devtmpfs: initialized
[    0.340183] x86/mm: Memory block size: 128MB
[    0.348263] evm: security.selinux
[    0.352446] evm: security.SMACK64
[    0.356022] evm: security.SMACK64EXEC
[    0.360010] evm: security.SMACK64TRANSMUTE
[    0.364014] evm: security.SMACK64MMAP
[    0.368015] evm: security.apparmor
[    0.372017] evm: security.ima
[    0.376015] evm: security.capability
[    0.384798] clocksource: jiffies: mask: 0xffffffff max_cycles: 0xffffffff, max_idle_ns: 7645041785100000 ns
[    0.388042] futex hash table entries: 512 (order: 3, 32768 bytes)
[    0.392120] pinctrl core: initialized pinctrl subsystem
[    0.397400] RTC time: 21:46:25, date: 01/04/25
[    0.406042] NET: Registered protocol family 16
[    0.408227] audit: initializing netlink subsys (disabled)
[    0.416027] audit: type=2000 audit(1736027191.049:1): state=initialized audit_enabled=0 res=1
[    0.456031] cpuidle: using governor ladder
[    0.460037] cpuidle: using governor menu
[    0.464101] ACPI: bus type PCI registered
[    0.468018] acpiphp: ACPI Hot Plug PCI Controller Driver version: 0.5
[    0.477120] PCI: Using configuration type 1 for base access
[    0.492125] HugeTLB registered 2.00 MiB page size, pre-allocated 0 pages
[    0.504590] ACPI: Added _OSI(Module Device)
[    0.508020] ACPI: Added _OSI(Processor Device)
[    0.512016] ACPI: Added _OSI(3.0 _SCP Extensions)
[    0.516013] ACPI: Added _OSI(Processor Aggregator Device)
[    0.520019] ACPI: Added _OSI(Linux-Dell-Video)
[    0.524015] ACPI: Added _OSI(Linux-Lenovo-NV-HDMI-Audio)
[    0.528020] ACPI: Added _OSI(Linux-HPI-Hybrid-Graphics)
[    0.534297] ACPI: Executed 1 blocks of module-level executable AML code
[    0.548121] ACPI: Interpreter enabled
[    0.552044] ACPI: (supports S0 S5)
[    0.556017] ACPI: Using IOAPIC for interrupt routing
[    0.561521] PCI: Using host bridge windows from ACPI; if necessary, use "pci=nocrs" and report a bug
[    0.564707] ACPI: Enabled 2 GPEs in block 00 to 07
[    0.604973] ACPI: PCI Root Bridge [PCI0] (domain 0000 [bus 00-ff])
[    0.608029] acpi PNP0A03:00: _OSC: OS supports [ASPM ClockPM Segments MSI]
[    0.614142] acpi PNP0A03:00: _OSC: not requesting OS control; OS requires [ExtendedConfig ASPM ClockPM MSI]
[    0.616043] acpi PNP0A03:00: fail to add MMCONFIG information, can't access extended PCI configuration space under this bridge.
[    0.624437] PCI host bridge to bus 0000:00
[    0.632029] pci_bus 0000:00: root bus resource [io  0x0000-0x0cf7 window]
[    0.636016] pci_bus 0000:00: root bus resource [io  0x0d00-0xffff window]
[    0.640016] pci_bus 0000:00: root bus resource [mem 0x000a0000-0x000bffff window]
[    0.644021] pci_bus 0000:00: root bus resource [mem 0x20000000-0xfdffffff window]
[    0.648026] pci_bus 0000:00: root bus resource [bus 00-ff]
[    0.686233] pci 0000:00:01.1: legacy IDE quirk: reg 0x10: [io  0x01f0-0x01f7]
[    0.688017] pci 0000:00:01.1: legacy IDE quirk: reg 0x14: [io  0x03f6]
[    0.692026] pci 0000:00:01.1: legacy IDE quirk: reg 0x18: [io  0x0170-0x0177]
[    0.696018] pci 0000:00:01.1: legacy IDE quirk: reg 0x1c: [io  0x0376]
[    0.862047] pci 0000:00:07.0: quirk: [io  0x4000-0x403f] claimed by PIIX4 ACPI
[    0.928182] pci 0000:00:07.0: quirk: [io  0x4100-0x410f] claimed by PIIX4 SMB
[    1.084164] ACPI: PCI Interrupt Link [LNKA] (IRQs 5 9 10 *11)
[    1.119139] ACPI: PCI Interrupt Link [LNKB] (IRQs 5 9 *10 11)
[    1.148979] ACPI: PCI Interrupt Link [LNKC] (IRQs 5 *9 10 11)
[    1.176757] ACPI: PCI Interrupt Link [LNKD] (IRQs 5 9 10 *11)
[    1.208437] SCSI subsystem initialized
[    1.232809] pci 0000:00:02.0: vgaarb: setting as boot VGA device
[    1.236000] pci 0000:00:02.0: vgaarb: VGA device added: decodes=io+mem,owns=io+mem,locks=none
[    1.236029] pci 0000:00:02.0: vgaarb: bridge control possible
[    1.240015] vgaarb: loaded
[    1.244230] ACPI: bus type USB registered
[    1.248065] usbcore: registered new interface driver usbfs
[    1.252191] usbcore: registered new interface driver hub
[    1.256073] usbcore: registered new device driver usb
[    1.264455] EDAC MC: Ver: 3.0.0
[    1.280334] PCI: Using ACPI for IRQ routing
[    1.290650] NetLabel: Initializing
[    1.292023] NetLabel:  domain hash size = 128
[    1.296014] NetLabel:  protocols = UNLABELED CIPSOv4 CALIPSO
[    1.300083] NetLabel:  unlabeled traffic allowed by default
[    1.308016] clocksource: Switched to clocksource kvm-clock
[    1.544085] VFS: Disk quotas dquot_6.6.0
[    1.568827] VFS: Dquot-cache hash table entries: 512 (order 0, 4096 bytes)
[    1.601218] AppArmor: AppArmor Filesystem Enabled
[    1.623230] pnp: PnP ACPI init
[    1.646760] pnp: PnP ACPI: found 3 devices
[    1.688693] clocksource: acpi_pm: mask: 0xffffff max_cycles: 0xffffff, max_idle_ns: 2085701024 ns
[    1.725924] NET: Registered protocol family 2
[    1.748163] IP idents hash table entries: 8192 (order: 4, 65536 bytes)
[    1.780984] TCP established hash table entries: 4096 (order: 3, 32768 bytes)
[    1.810628] TCP bind hash table entries: 4096 (order: 4, 65536 bytes)
[    1.838949] TCP: Hash tables configured (established 4096 bind 4096)
[    1.869788] UDP hash table entries: 256 (order: 1, 8192 bytes)
[    1.907929] UDP-Lite hash table entries: 256 (order: 1, 8192 bytes)
[    1.934896] NET: Registered protocol family 1
[    1.954942] pci 0000:00:00.0: Limiting direct PCI/PCI transfers
[    1.981639] pci 0000:00:01.0: Activating ISA DMA hang workarounds
[    2.004560] pci 0000:00:02.0: Video device with shadowed ROM at [mem 0x000c0000-0x000dffff]
[    2.037653] Unpacking initramfs...
[    2.796271] Freeing initrd memory: 20396K
[    3.688023] clocksource: tsc: mask: 0xffffffffffffffff max_cycles: 0x396d4e5fc9d, max_idle_ns: 881590756024 ns
[    3.714735] platform rtc_cmos: registered platform RTC device (no PNP device found)
[    3.739105] Scanning for low memory corruption every 60 seconds
[    3.766415] Initialise system trusted keyrings
[    3.781516] Key type blacklist registered
[    3.798303] workingset: timestamp_bits=36 max_order=17 bucket_order=0
[    3.827453] zbud: loaded
[    3.848786] squashfs: version 4.0 (2009/01/31) Phillip Lougher
[    3.873185] fuse init (API version 7.26)
[    3.954049] Key type asymmetric registered
[    3.973084] Asymmetric key parser 'x509' registered
[    3.991888] Block layer SCSI generic (bsg) driver version 0.4 loaded (major 246)
[    4.021436] io scheduler noop registered
[    4.038106] io scheduler deadline registered
[    4.055857] io scheduler cfq registered (default)
[    4.076951] ACPI: AC Adapter [AC] (on-line)
[    4.094099] input: Power Button as /devices/LNXSYSTM:00/LNXPWRBN:00/input/input0
[    4.122803] ACPI: Power Button [PWRF]
[    4.136488] input: Sleep Button as /devices/LNXSYSTM:00/LNXSLPBN:00/input/input1
[    4.160808] ACPI: Sleep Button [SLPF]
[    4.178413] Serial: 8250/16550 driver, 32 ports, IRQ sharing enabled
[    4.183593] ACPI: Battery Slot [BAT0] (battery present)
[    4.283660] 00:02: ttyS0 at I/O 0x3f8 (irq = 4, base_baud = 115200) is a 16550A
[    4.325015] Linux agpgart interface v0.103
[    4.380055] loop: module loaded
[    4.400150] scsi host0: ata_piix
[    4.415511] scsi host1: ata_piix
[    4.427400] ata1: PATA max UDMA/33 cmd 0x1f0 ctl 0x3f6 bmdma 0xd000 irq 14
[    4.431118] ata2: PATA max UDMA/33 cmd 0x170 ctl 0x376 bmdma 0xd008 irq 15
[    4.477455] tun: Universal TUN/TAP device driver, 1.6
[    4.498646] PPP generic driver version 2.4.2
[    4.513635] ehci_hcd: USB 2.0 'Enhanced' Host Controller (EHCI) Driver
[    4.535530] ehci-pci: EHCI PCI platform driver
[    4.552731] ehci-platform: EHCI generic platform driver
[    4.572088] ohci_hcd: USB 1.1 'Open' Host Controller (OHCI) Driver
[    4.598524] ohci-pci: OHCI PCI platform driver
[    4.618880] ohci-platform: OHCI generic platform driver
[    4.639521] uhci_hcd: USB Universal Host Controller Interface driver
[    4.667852] i8042: PNP: PS/2 Controller [PNP0303:PS2K,PNP0f03:PS2M] at 0x60,0x64 irq 1,12
[    4.713647] serio: i8042 KBD port at 0x60,0x64 irq 1
[    4.734090] serio: i8042 AUX port at 0x60,0x64 irq 12
[    4.828577] mousedev: PS/2 mouse device common for all mice
[    4.863119] rtc_cmos rtc_cmos: rtc core: registered rtc_cmos as rtc0
[    4.892362] input: AT Translated Set 2 keyboard as /devices/platform/i8042/serio0/input/input2
[    4.924839] rtc_cmos rtc_cmos: alarms up to one day, 114 bytes nvram
[    4.951443] i2c /dev entries driver
[    4.971021] device-mapper: uevent: version 1.0.3
[    5.001366] device-mapper: ioctl: 4.37.0-ioctl (2017-09-20) initialised: dm-devel@redhat.com
[    5.041045] ledtrig-cpu: registered to indicate activity on CPUs
[    5.079706] NET: Registered protocol family 10
[    5.141465] Segment Routing with IPv6
[    5.159125] NET: Registered protocol family 17
[    5.185283] Key type dns_resolver registered
[    5.209343] mce: Using 0 MCE banks
[    5.228984] RAS: Correctable Errors collector initialized.
[    5.253321] sched_clock: Marking stable (5252570822, 0)->(9467065337, -4214494515)
[    5.305053] registered taskstats version 1
[    5.322645] Loading compiled-in X.509 certificates
[    5.358511] Loaded X.509 cert 'Build time autogenerated kernel key: cdc7189136aaa35407544516090e2034d9c28e14'
[    5.397929] Loaded X.509 cert 'Canonical Ltd. Live Patch Signing: 14df34d1a87cf37625abec039ef2bf521249b969'
[    5.441133] Loaded X.509 cert 'Canonical Ltd. Kernel Module Signing: 88f752e560a1e0737e31163a466ad7b70a850c19'
[    5.484093] blacklist: Loading compiled-in revocation X.509 certificates
[    5.516044] Loaded X.509 cert 'Canonical Ltd. Secure Boot Signing: 61482aa2830d0ab2ad5af10b7250da9033ddcef0'
[    5.590510] Loaded X.509 cert 'Canonical Ltd. Secure Boot Signing (2017): 242ade75ac4a15e50d50c84b0d45ff3eae707a03'
[    5.638227] Loaded X.509 cert 'Canonical Ltd. Secure Boot Signing (ESM 2018): 365188c1d374d6b07c3c8f240f8ef722433d6a8b'
[    5.684960] Loaded X.509 cert 'Canonical Ltd. Secure Boot Signing (2019): c0746fd6c5da3ae827864651ad66ae47fe24b3e8'
[    5.734439] Loaded X.509 cert 'Canonical Ltd. Secure Boot Signing (2021 v1): a8d54bbb3825cfb94fa13c9f8a594a195c107b8d'
[    5.794439] Loaded X.509 cert 'Canonical Ltd. Secure Boot Signing (2021 v2): 4cf046892d6fd3c9a5b03f98d845f90851dc6a8c'
[    5.844146] Loaded X.509 cert 'Canonical Ltd. Secure Boot Signing (2021 v3): 100437bb6de6e469b581e61cd66bce3ef4ed53af'
[    5.894376] Loaded X.509 cert 'Canonical Ltd. Secure Boot Signing (Ubuntu Core 2019): c1d57b8f6b743f23ee41f4f7ee292f06eecadfb9'
[    5.942557] zswap: loaded using pool lzo/zbud
[    6.014086] Key type big_key registered
[    6.032097] Key type trusted registered
[    6.075018] Key type encrypted registered
[    6.091738] AppArmor: AppArmor sha1 policy hashing enabled
[    6.113522] ima: No TPM chip found, activating TPM-bypass! (rc=-19)
[    6.139082] ima: Allocated hash algorithm: sha1
[    6.159245] evm: HMAC attrs: 0x1
[    6.179600]   Magic number: 9:732:802
[    6.200342] rtc_cmos rtc_cmos: setting system clock to 2025-01-04 21:46:31 UTC (1736027191)
[    6.236600] BIOS EDD facility v0.16 2004-Jun-25, 0 devices found
[    6.259317] EDD information not available.
[    6.296884] Freeing unused kernel image memory: 2480K
[    6.349042] Write protecting the kernel read-only data: 20480k
[    6.377970] Freeing unused kernel image memory: 2008K
[    6.401124] Freeing unused kernel image memory: 1820K
[    6.458680] x86/mm: Checked W+X mappings: passed, no W+X pages found.
[    6.484868] x86/mm: Checking user space page tables
[    6.532372] x86/mm: Checked W+X mappings: passed, no W+X pages found.
Loading, please wait...
starting version 237
[    7.125782] e1000: Intel(R) PRO/1000 Network Driver - version 7.3.21-k8-NAPI
[    7.156861] e1000: Copyright (c) 1999-2006 Intel Corporation.
[    7.334246] Fusion MPT base driver 3.04.20
[    7.349253] Copyright (c) 1999-2008 LSI Corporation
[    7.448493] SSE version of gcm_enc/dec engaged.
[    7.501917] Fusion MPT SPI Host driver 3.04.20
[    7.640869] input: ImExPS/2 Generic Explorer Mouse as /devices/platform/i8042/serio1/input/input4
[    9.555358] e1000 0000:00:03.0 eth0: (PCI:33MHz:32-bit) 02:3b:7b:b7:3b:2d
[    9.580007] e1000 0000:00:03.0 eth0: Intel(R) PRO/1000 Network Connection
[   11.512939] e1000 0000:00:08.0 eth1: (PCI:33MHz:32-bit) 08:00:27:62:7c:8c
[   11.539332] e1000 0000:00:08.0 eth1: Intel(R) PRO/1000 Network Connection
[   11.571273] mptbase: ioc0: Initiating bringup
[   11.714450] ioc0: LSI53C1030 A0: Capabilities={Initiator}
[   12.041304] scsi host2: ioc0: LSI53C1030 A0, FwRev=00000000h, Ports=1, MaxQ=256, IRQ=20
[   12.240719] scsi 2:0:0:0: Direct-Access     VBOX     HARDDISK         1.0  PQ: 0 ANSI: 5
[   12.413498] scsi target2:0:0: Beginning Domain Validation
[   12.464032] scsi target2:0:0: Domain Validation skipping write tests
[   12.486140] scsi target2:0:0: Ending Domain Validation
[   12.505440] scsi target2:0:0: asynchronous
[   12.525652] scsi 2:0:1:0: Direct-Access     VBOX     HARDDISK         1.0  PQ: 0 ANSI: 5
[   12.809184] scsi target2:0:1: Beginning Domain Validation
[   12.876644] scsi target2:0:1: Domain Validation skipping write tests
[   12.896787] scsi target2:0:1: Ending Domain Validation
[   12.914439] scsi target2:0:1: asynchronous
[   12.998655] sd 2:0:0:0: [sda] 83886080 512-byte logical blocks: (42.9 GB/40.0 GiB)
[   13.029810] sd 2:0:0:0: [sda] Write Protect is off
[   13.047686] sd 2:0:0:0: Attached scsi generic sg0 type 0
[   13.070178] sd 2:0:0:0: [sda] Incomplete mode parameter data
[   13.091263] sd 2:0:0:0: [sda] Assuming drive cache: write through
[   13.118108] sd 2:0:1:0: Attached scsi generic sg1 type 0
[   13.142918] sd 2:0:1:0: [sdb] 20480 512-byte logical blocks: (10.5 MB/10.0 MiB)
[   13.178893]  sda: sda1
[   13.189584] sd 2:0:1:0: [sdb] Write Protect is off
[   13.229830] sd 2:0:0:0: [sda] Attached SCSI disk
[   13.254774] sd 2:0:1:0: [sdb] Incomplete mode parameter data
[   13.278989] sd 2:0:1:0: [sdb] Assuming drive cache: write through
[   13.332509] sd 2:0:1:0: [sdb] Attached SCSI disk
[   14.141965] e1000 0000:00:09.0 eth2: (PCI:33MHz:32-bit) 08:00:27:5c:12:d0
[   14.163520] e1000 0000:00:09.0 eth2: Intel(R) PRO/1000 Network Connection
[   14.189840] e1000 0000:00:08.0 enp0s8: renamed from eth1
[   14.769157] e1000 0000:00:03.0 enp0s3: renamed from eth0
[   14.808094] e1000 0000:00:09.0 enp0s9: renamed from eth2
Begin: Loading essential drivers ... [   22.480699] raid6: sse2x1   gen()  3337 MB/s
[   22.540145] raid6: sse2x1   xor()  2658 MB/s
[   22.596407] raid6: sse2x2   gen()  4793 MB/s
[   22.656600] raid6: sse2x2   xor()  2760 MB/s
[   22.716583] raid6: sse2x4   gen()  6135 MB/s
[   22.776212] raid6: sse2x4   xor()  3908 MB/s
[   22.787967] raid6: using algorithm sse2x4 gen() 6135 MB/s
[   22.801695] raid6: .... xor() 3908 MB/s, rmw enabled
[   22.814256] raid6: using ssse3x2 recovery algorithm
[   22.834594] xor: measuring software checksum speed
[   22.884760]    prefetch64-sse:  7649.000 MB/sec
[   22.932393]    generic_sse:  7587.000 MB/sec
[   22.945556] xor: using function: prefetch64-sse (7649.000 MB/sec)
[   22.970161] async_tx: api initialized (async)
done.
Begin: Running /scripts/init-premount ... done.
Begin: Mounting root file system ... Begin: Running /scripts/local-top ... done.
Begin: Running /scripts/local-premount ... [   23.148053] Btrfs loaded, crc32c=crc32c-intel
Scanning for Btrfs filesystems
done.
Begin: Will now check root file system ... fsck from util-linux 2.31.1
[/sbin/fsck.ext4 (1) -- /dev/sda1] fsck.ext4 -a -C0 /dev/sda1 
cloudimg-rootfs: clean, 112341/5120000 files, 957713/10485499 blocks
done.
[   23.379140] EXT4-fs (sda1): mounted filesystem with ordered data mode. Opts: (null)
done.
Begin: Running /scripts/local-bottom ... done.
Begin: Running /scripts/init-bottom ... done.
[   24.073336] ip_tables: (C) 2000-2006 Netfilter Core Team
[   24.123629] systemd[1]: systemd 237 running in system mode. (+PAM +AUDIT +SELINUX +IMA +APPARMOR +SMACK +SYSVINIT +UTMP +LIBCRYPTSETUP +GCRYPT +GNUTLS +ACL +XZ +LZ4 +SECCOMP +BLKID +ELFUTILS +KMOD -IDN2 +IDN -PCRE2 default-hierarchy=hybrid)
[   24.176619] systemd[1]: Detected virtualization oracle.
[   24.189504] systemd[1]: Detected architecture x86-64.

Welcome to [1mUbuntu 18.04.6 LTS[0m!

[   24.286857] systemd[1]: Set hostname to <db>.
[   25.263559] systemd[1]: sysinit.target: Found ordering cycle on cloud-init.service/start
[   25.282559] systemd[1]: sysinit.target: Found dependency on networking.service/start
[   25.301376] systemd[1]: sysinit.target: Found dependency on network-pre.target/start
[   25.322789] systemd[1]: sysinit.target: Found dependency on firewalld.service/stop
[   25.341568] systemd[1]: sysinit.target: Found dependency on dbus.service/start
[   25.361405] systemd[1]: sysinit.target: Found dependency on basic.target/start
[[0;1;31m SKIP [0m] Ordering cycle found, skipping Initâ€¦nit job (metadata service crawler)
[[0;32m  OK  [0m] Started Forward Password Requests to Wall Directory Watch.
[[0;32m  OK  [0m] Set up automount Arbitrary Executabâ€¦rmats File System Automount Point.
[[0;32m  OK  [0m] Created slice System Slice.
[[0;32m  OK  [0m] Listening on Journal Socket (/dev/log).
[[0;32m  OK  [0m] Listening on Network Service Netlink Socket.
[[0;32m  OK  [0m] Listening on fsck to fsckd communication Socket.
[[0;32m  OK  [0m] Listening on Syslog Socket.
[[0;32m  OK  [0m] Listening on udev Kernel Socket.
[[0;32m  OK  [0m] Created slice system-serial\x2dgetty.slice.
[[0;32m  OK  [0m] Listening on LVM2 metadata daemon socket.
[[0;32m  OK  [0m] Listening on Journal Socket.
         Starting Uncomplicated firewall...
         Starting Load Kernel Modules...
[[0;32m  OK  [0m] Reached target Mounting snaps.
         Starting Create list of required stâ€¦ce nodes for the current kernel...
[[0;32m  OK  [0m[   25.668137] Loading iSCSI transport class v2.0-870.
] Listening on LVM2 poll daemon socket.
         Mounting POSIX Message Queue File System...
[[0;32m  OK  [0m] Created slice User and Session Slice.
[   25.735995] iscsi: registered transport (tcp)
         Mounting Kernel Debug File System...
[[0;32m  OK  [0m] Listening on /dev/initctl Compatibility Named Pipe.
[[0;32m  OK  [0m] Listening on Device-mapper event daemon FIFOs.
         Starting Monitoring of LVM2 mirrorsâ€¦ng dmeventd or progress polling...
         Starting Remount Root and Kernel File Systems...
[[0;32m  OK  [0m] Reached target User and Group Name Lookups.
         Mounting Huge Pages File System...
[[0;32m  OK  [0m] Started ntp-systemd-netif.path.
[[0;32m  OK  [0m] Reached target Swap.
[[0;32m  OK  [0m] Reached target Slices.
         Starting Set the console keyboard layout...
[[0;32m  OK  [0m] Listening on Journal Audit Socket.
[   25.982003] iscsi: registered transport (iser)
[   26.043362] EXT4-fs (sda1): re-mounted. Opts: (null)
         Starting Journal Service...
[[0;32m  OK  [0m] Listening on udev Control Socket.
         Starting udev Coldplug all Devices...
[[0;32m  OK  [0m] Reached target System Time Synchronized.
[[0;32m  OK  [0m] Started Uncomplicated firewall.
[[0;32m  OK  [0m] Started Create list of required staâ€¦vice nodes for the current kernel.
[[0;32m  OK  [0m] Mounted POSIX Message Queue File System.
[[0;32m  OK  [0m] Mounted Kernel Debug File System.
[[0;32m  OK  [0m] Started Remount Root and Kernel File Systems.
[[0;32m  OK  [0m] Mounted Huge Pages File System.
         Starting Load/Save Random Seed...
[   26.245521] arp_tables: arp_tables: (C) 2002 David S. Miller
         Starting Create Static Device Nodes in /dev...
[[0;32m  OK  [0m] Started LVM2 metadata daemon.
[[0;32m  OK  [0m] Started Create Static Device Nodes in /dev.
[[0;32m  OK  [0m] Started Load/Save Random Seed.
         Starting udev Kernel Device Manager...
[[0;32m  OK  [0m] Started Monitoring of LVM2 mirrors,â€¦sing dmeventd or progress polling.
[   26.704155] bridge: filtering via arp/ip/ip6tables is no longer available by default. Update your scripts to load br_netfilter if you need this.
[[0;32m  OK  [0m] Started udev Coldplug all Devices.
[   26.811726] Bridge firewalling registered
[[0;32m  OK  [0m] Started Journal Service.
         Starting Flush Journal to Persistent Storage...
[   26.964770] systemd-journald[424]: Received request to flush runtime journal from PID 1
[[0;32m  OK  [0m] Started udev Kernel Device Manager.
[[0;32m  OK  [0m] Started Set the console keyboard layout.
[   27.089883] ip6_tables: (C) 2000-2006 Netfilter Core Team
[[0;32m  OK  [0m] Reached target Local File Systems (Pre).
         Mounting Mount unit for network-manager, revision 934...
         Mounting Mount unit for core22, revision 1663...
         Mounting Mount unit for snapd, revision 23258...
         Mounting Mount unit for core22, revision 1722...
[[0;32m  OK  [0m] Started Dispatch Password Requests to Console Directory Watch.
[[0;32m  OK  [0m] Reached target Local Encrypted Volumes.
[[0;32m  OK  [0m] Mounted Mount unit for network-manager, revision 934.
[[0;32m  OK  [0m] Mounted Mount unit for core22, revision 1663.
[[0;32m  OK  [0m] Mounted Mount unit for snapd, revision 23258.
[[0;32m  OK  [0m] Mounted Mount unit for core22, revision 1722.
[[0;32m  OK  [0m] Reached target Mounted snaps.
[[0;32m  OK  [0m] Reached target Local File Systems.
         Starting Tell Plymouth To Write Out Runtime Data...
         Starting AppArmor initialization...
         Starting Set console font and keymap...
[[0;32m  OK  [0m] Started Tell Plymouth To Write Out Runtime Data.
[[0;32m  OK  [0m] Started Set console font and keymap.
[[0;32m  OK  [0m] Started Load Kernel Modules.
         Starting netfilter persistent configuration...
         Mounting Kernel Configuration File System...
         Starting Apply Kernel Variables...
         Mounting FUSE Control File System...
[[0;32m  OK  [0m] Started Flush Journal to Persistent Storage.
[[0;32m  OK  [0m] Mounted Kernel Configuration File System.
[[0;32m  OK  [0m] Mounted FUSE Control File System.
         Starting Create Volatile Files and Directories...
[[0;32m  OK  [0m] Started Apply Kernel Variables.
[[0;32m  OK  [0m] Started Create Volatile Files and Directories.
         Starting Network Time Synchronization...
         Starting Update UTMP about System Boot/Shutdown...
         Starting Tell Plymouth To Write Out Runtime Data...
[[0;32m  OK  [0m] Started Update UTMP about System Boot/Shutdown.
[[0;32m  OK  [0m] Started Tell Plymouth To Write Out Runtime Data.
[[0;32m  OK  [0m] Started Network Time Synchronization.
[[0;32m  OK  [0m] Started AppArmor initialization.
         Starting Load AppArmor profiles managed internally by snapd...
         Starting Initial cloud-init job (pre-networking)...
         Mounting Arbitrary Executable File Formats File System...
[[0;32m  OK  [0m] Mounted Arbitrary Executable File Formats File System.
[[0;32m  OK  [0m] Found device /dev/ttyS0.
[[0;32m  OK  [0m] Started netfilter persistent configuration.
[[0;32m  OK  [0m] Listening on Load/Save RF Kill Switch Status /dev/rfkill Watch.
[[0;32m  OK  [0m] Started Load AppArmor profiles managed internally by snapd.
[   38.990601] cloud-init[588]: Cloud-init v. 23.1.2-0ubuntu0~18.04.1 running 'init-local' at Sat, 04 Jan 2025 21:47:03 +0000. Up 38.34 seconds.
[[0;32m  OK  [0m] Started Initial cloud-init job (pre-networking).
[[0;32m  OK  [0m] Reached target Cloud-config availability.
[[0;32m  OK  [0m] Reached target System Initialization.
         Starting LXD - unix socket.
[[0;32m  OK  [0m] Listening on UUID daemon activation socket.
[[0;32m  OK  [0m] Started Daily apt download activities.
[[0;32m  OK  [0m] Started ACPI Events Check.
[[0;32m  OK  [0m] Listening on Open-iSCSI iscsid Socket.
[[0;32m  OK  [0m] Reached target Paths.
[[0;32m  OK  [0m] Started Discard unused blocks once a week.
[[0;32m  OK  [0m] Started Daily apt upgrade and clean activities.
[[0;32m  OK  [0m] Started Message of the Day.
         Starting Socket activation for snappy daemon.
[[0;32m  OK  [0m] Listening on cloud-init hotplug hook socket.
[[0;32m  OK  [0m] Listening on D-Bus System Message Bus Socket.
[[0;32m  OK  [0m] Started Ubuntu Advantage Timer for running repeated jobs.
[[0;32m  OK  [0m] Listening on ACPID Listen Socket.
[[0;32m  OK  [0m] Started Daily Cleanup of Temporary Directories.
[[0;32m  OK  [0m] Reached target Timers.
[[0;32m  OK  [0m] Listening on LXD - unix socket.
[[0;32m  OK  [0m] Listening on Socket activation for snappy daemon.
[[0;32m  OK  [0m] Reached target Sockets.
[[0;32m  OK  [0m] Reached target Basic System.
         Starting System Logging Service...
[[0;32m  OK  [0m] Reached target Login Prompts (Pre).
[[0;32m  OK  [0m] Started Regular background program processing daemon.
         Starting Snap Daemon...
[[0;32m  OK  [0m] Started irqbalance daemon.
         Starting LSB: Record successful boot for GRUB...
[[0;32m  OK  [0m] Started FUSE filesystem for LXC.
[[0;32m  OK  [0m] Started D-Bus System Message Bus.
         Starting firewalld - dynamic firewall daemon...
[[0;32m  OK  [0m] Started Deferred execution scheduler.
         Starting Dispatcher daemon for systemd-networkd...
[[0;32m  OK  [0m] Started ntp-systemd-netif.service.
         Starting Login Service...
         Starting Accounts Service...
         Starting LXD - container startup/shutdown...
[[0;32m  OK  [0m] Started System Logging Service.
[[0;32m  OK  [0m] Started Login Service.
[[0;32m  OK  [0m] Started LSB: Record successful boot for GRUB.
         Starting Authorization Manager...
[[0;32m  OK  [0m] Started Authorization Manager.
[[0;32m  OK  [0m] Started Accounts Service.
[[0;32m  OK  [0m] Started LXD - container startup/shutdown.
[[0;32m  OK  [0m] Started Dispatcher daemon for systemd-networkd.
[[0;32m  OK  [0m] Started firewalld - dynamic firewall daemon.
[[0;32m  OK  [0m] Reached target Network (Pre).
         Starting Network Service...
         Starting Raise network interfaces...
[[0;32m  OK  [0m] Started Network Service.
         Starting Wait for Network to be Configured...
         Starting Network Name Resolution...
[[0;32m  OK  [0m] Started Raise network interfaces.
[[0;32m  OK  [0m] Started Network Name Resolution.
[[0;32m  OK  [0m] Reached target Network.
[[0;32m  OK  [0m] Started Service for snap application network-manager.networkmanager.
[[0;32m  OK  [0m] Started Unattended Upgrades Shutdown.
         Starting MariaDB 10.1.48 database server...
[[0;32m  OK  [0m] Reached target Host and Network Name Lookups.
[[0;32m  OK  [0m] Started ntp-systemd-netif.service.
[[0;32m  OK  [0m] Started ntp-systemd-netif.service.
[[0;32m  OK  [0m] Started Wait for Network to be Configured.
[[0;32m  OK  [0m] Reached target Network is Online.
         Starting OpenBSD Secure Shell server...
         Starting Availability of block devices...
[[0;32m  OK  [0m] Reached target Remote File Systems (Pre).
[[0;32m  OK  [0m] Started Puppet agent.
         Mounting /vagrant...
[[0;32m  OK  [0m] Started Availability of block devices.
[[0;32m  OK  [0m] Mounted /vagrant.
[[0;32m  OK  [0m] Reached target Remote File Systems.
         Starting LSB: automatic crash report generation...
         Starting Permit User Sessions...
[[0;32m  OK  [0m] Started Permit User Sessions.
         Starting Hold until boot process finishes up...
         Starting Terminate Plymouth Boot Screen...
[[0;32m  OK  [0m] Started Hold until boot process finishes up.
[[0;32m  OK  [0m] Started Terminate Plymouth Boot Screen.
         Starting Set console scheme...
[[0;32m  OK  [0m] Started Serial Getty on ttyS0.
[[0;32m  OK  [0m] Started Set console scheme.
[[0;32m  OK  [0m] Created slice system-getty.slice.
[[0;32m  OK  [0m] Started Getty on tty1.
[[0;32m  OK  [0m] Reached target Login Prompts.
[[0;32m  OK  [0m] Started OpenBSD Secure Shell server.
[[0;32m  OK  [0m] Started LSB: automatic crash report generation.
[[0;32m  OK  [0m] Started Snap Daemon.
         Starting Wait until snapd is fully seeded...
         Starting Time & Date Service...
[[0;32m  OK  [0m] Started Time & Date Service.

Ubuntu 18.04.6 LTS db ttyS0

db login: [   71.160194] cloud-init[1425]: Cloud-init v. 23.1.2-0ubuntu0~18.04.1 running 'modules:config' at Sat, 04 Jan 2025 21:47:36 +0000. Up 69.53 seconds.
[   78.666705] cloud-init[1938]: Cloud-init v. 23.1.2-0ubuntu0~18.04.1 running 'modules:final' at Sat, 04 Jan 2025 21:47:45 +0000. Up 77.77 seconds.
[   79.105732] cloud-init[1938]: Cloud-init v. 23.1.2-0ubuntu0~18.04.1 finished at Sat, 04 Jan 2025 21:47:45 +0000. Datasource DataSourceNoCloud [seed=/dev/sdb][dsmode=net].  Up 78.63 seconds
