[    0.000000] Linux version 4.15.0-212-generic (buildd@lcy02-amd64-083) (gcc version 7.5.0 (Ubuntu 7.5.0-3ubuntu1~18.04)) #223-Ubuntu SMP Tue May 23 13:09:22 UTC 2023 (Ubuntu 4.15.0-212.223-generic 4.15.18)
[    0.000000] Command line: BOOT_IMAGE=/boot/vmlinuz-4.15.0-212-generic root=LABEL=cloudimg-rootfs ro console=tty1 console=ttyS0
[    0.000000] KERNEL supported cpus:
[    0.000000]   Intel GenuineIntel
[    0.000000]   AMD AuthenticAMD
[    0.000000]   Centaur CentaurHauls
[    0.000000] x86/fpu: x87 FPU will use FXSAVE
[    0.000000] e820: BIOS-provided physical RAM map:
[    0.000000] BIOS-e820: [mem 0x0000000000000000-0x000000000009fbff] usable
[    0.000000] BIOS-e820: [mem 0x000000000009fc00-0x000000000009ffff] reserved
[    0.000000] BIOS-e820: [mem 0x00000000000f0000-0x00000000000fffff] reserved
[    0.000000] BIOS-e820: [mem 0x0000000000100000-0x00000000bffeffff] usable
[    0.000000] BIOS-e820: [mem 0x00000000bfff0000-0x00000000bfffffff] ACPI data
[    0.000000] BIOS-e820: [mem 0x00000000fec00000-0x00000000fec00fff] reserved
[    0.000000] BIOS-e820: [mem 0x00000000fee00000-0x00000000fee00fff] reserved
[    0.000000] BIOS-e820: [mem 0x00000000fffc0000-0x00000000ffffffff] reserved
[    0.000000] NX (Execute Disable) protection: active
[    0.000000] SMBIOS 2.5 present.
[    0.000000] DMI: innotek GmbH VirtualBox/VirtualBox, BIOS VirtualBox 12/01/2006
[    0.000000] Hypervisor detected: KVM
[    0.000000] e820: last_pfn = 0xbfff0 max_arch_pfn = 0x400000000
[    0.000000] MTRR: Disabled
[    0.000000] x86/PAT: MTRRs disabled, skipping PAT initialization too.
[    0.000000] CPU MTRRs all blank - virtualized system.
[    0.000000] x86/PAT: Configuration [0-7]: WB  WT  UC- UC  WB  WT  UC- UC  
[    0.000000] found SMP MP-table at [mem 0x0009fff0-0x0009ffff]
[    0.000000] Scanning 1 areas for low memory corruption
[    0.000000] RAMDISK: [mem 0x359cb000-0x36cdcfff]
[    0.000000] ACPI: Early table checksum verification disabled
[    0.000000] ACPI: RSDP 0x00000000000E0000 000024 (v02 VBOX  )
[    0.000000] ACPI: XSDT 0x00000000BFFF0030 00003C (v01 VBOX   VBOXXSDT 00000001 ASL  00000061)
[    0.000000] ACPI: FACP 0x00000000BFFF00F0 0000F4 (v04 VBOX   VBOXFACP 00000001 ASL  00000061)
[    0.000000] ACPI: DSDT 0x00000000BFFF0610 002353 (v02 VBOX   VBOXBIOS 00000002 INTL 20100528)
[    0.000000] ACPI: FACS 0x00000000BFFF0200 000040
[    0.000000] ACPI: FACS 0x00000000BFFF0200 000040
[    0.000000] ACPI: APIC 0x00000000BFFF0240 00005C (v02 VBOX   VBOXAPIC 00000001 ASL  00000061)
[    0.000000] ACPI: SSDT 0x00000000BFFF02A0 00036C (v01 VBOX   VBOXCPUT 00000002 INTL 20100528)
[    0.000000] ACPI: Reserving FACP table memory at [mem 0xbfff00f0-0xbfff01e3]
[    0.000000] ACPI: Reserving DSDT table memory at [mem 0xbfff0610-0xbfff2962]
[    0.000000] ACPI: Reserving FACS table memory at [mem 0xbfff0200-0xbfff023f]
[    0.000000] ACPI: Reserving FACS table memory at [mem 0xbfff0200-0xbfff023f]
[    0.000000] ACPI: Reserving APIC table memory at [mem 0xbfff0240-0xbfff029b]
[    0.000000] ACPI: Reserving SSDT table memory at [mem 0xbfff02a0-0xbfff060b]
[    0.000000] No NUMA configuration found
[    0.000000] Faking a node at [mem 0x0000000000000000-0x00000000bffeffff]
[    0.000000] NODE_DATA(0) allocated [mem 0xbffc5000-0xbffeffff]
[    0.000000] kvm-clock: cpu 0, msr 0:bff44001, primary cpu clock
[    0.000000] kvm-clock: Using msrs 4b564d01 and 4b564d00
[    0.000000] kvm-clock: using sched offset of 5272223752 cycles
[    0.000000] clocksource: kvm-clock: mask: 0xffffffffffffffff max_cycles: 0x1cd42e4dffb, max_idle_ns: 881590591483 ns
[    0.000000] Zone ranges:
[    0.000000]   DMA      [mem 0x0000000000001000-0x0000000000ffffff]
[    0.000000]   DMA32    [mem 0x0000000001000000-0x00000000bffeffff]
[    0.000000]   Normal   empty
[    0.000000]   Device   empty
[    0.000000] Movable zone start for each node
[    0.000000] Early memory node ranges
[    0.000000]   node   0: [mem 0x0000000000001000-0x000000000009efff]
[    0.000000]   node   0: [mem 0x0000000000100000-0x00000000bffeffff]
[    0.000000] Reserved but unavailable: 104 pages
[    0.000000] Initmem setup node 0 [mem 0x0000000000001000-0x00000000bffeffff]
[    0.000000] ACPI: PM-Timer IO Port: 0x4008
[    0.000000] IOAPIC[0]: apic_id 2, version 32, address 0xfec00000, GSI 0-23
[    0.000000] ACPI: INT_SRC_OVR (bus 0 bus_irq 0 global_irq 2 dfl dfl)
[    0.000000] ACPI: INT_SRC_OVR (bus 0 bus_irq 9 global_irq 9 low level)
[    0.000000] Using ACPI (MADT) for SMP configuration information
[    0.000000] smpboot: Allowing 2 CPUs, 0 hotplug CPUs
[    0.000000] PM: Registered nosave memory: [mem 0x00000000-0x00000fff]
[    0.000000] PM: Registered nosave memory: [mem 0x0009f000-0x0009ffff]
[    0.000000] PM: Registered nosave memory: [mem 0x000a0000-0x000effff]
[    0.000000] PM: Registered nosave memory: [mem 0x000f0000-0x000fffff]
[    0.000000] e820: [mem 0xc0000000-0xfebfffff] available for PCI devices
[    0.000000] Booting paravirtualized kernel on KVM
[    0.000000] clocksource: refined-jiffies: mask: 0xffffffff max_cycles: 0xffffffff, max_idle_ns: 7645519600211568 ns
[    0.000000] setup_percpu: NR_CPUS:8192 nr_cpumask_bits:2 nr_cpu_ids:2 nr_node_ids:1
[    0.000000] percpu: Embedded 50 pages/cpu s167936 r8192 d28672 u1048576
[    0.000000] PV qspinlock hash table entries: 256 (order: 0, 4096 bytes)
[    0.000000] Built 1 zonelists, mobility grouping on.  Total pages: 774009
[    0.000000] Policy zone: DMA32
[    0.000000] Kernel command line: BOOT_IMAGE=/boot/vmlinuz-4.15.0-212-generic root=LABEL=cloudimg-rootfs ro console=tty1 console=ttyS0
[    0.000000] Memory: 3047028K/3145272K available (12300K kernel code, 2477K rwdata, 4324K rodata, 2480K init, 2720K bss, 98244K reserved, 0K cma-reserved)
[    0.000000] SLUB: HWalign=64, Order=0-3, MinObjects=0, CPUs=2, Nodes=1
[    0.000000] Kernel/User page tables isolation: enabled
[    0.000000] ftrace: allocating 39508 entries in 155 pages
[    0.004000] Hierarchical RCU implementation.
[    0.004000] 	RCU restricting CPUs from NR_CPUS=8192 to nr_cpu_ids=2.
[    0.004000] 	Tasks RCU enabled.
[    0.004000] RCU: Adjusting geometry for rcu_fanout_leaf=16, nr_cpu_ids=2
[    0.004000] NR_IRQS: 524544, nr_irqs: 440, preallocated irqs: 16
[    0.004000] random: crng init done
[    0.004000] Console: colour VGA+ 80x25
[    0.004000] console [tty1] enabled
[    0.004000] console [ttyS0] enabled
[    0.004000] ACPI: Core revision 20170831
[    0.004000] ACPI: 2 ACPI AML tables successfully acquired and loaded
[    0.004000] APIC: Switch to symmetric I/O mode setup
[    0.004000] ..TIMER: vector=0x30 apic1=0 pin1=2 apic2=-1 pin2=-1
[    0.004009] tsc: Detected 1991.998 MHz processor
[    0.008017] Calibrating delay loop (skipped) preset value.. 3983.99 BogoMIPS (lpj=7967992)
[    0.012008] pid_max: default: 32768 minimum: 301
[    0.016054] Security Framework initialized
[    0.020006] Yama: becoming mindful.
[    0.024041] AppArmor: AppArmor initialized
[    0.046042] Dentry cache hash table entries: 524288 (order: 10, 4194304 bytes)
[    0.065342] Inode-cache hash table entries: 262144 (order: 9, 2097152 bytes)
[    0.068614] Mount-cache hash table entries: 8192 (order: 4, 65536 bytes)
[    0.072541] Mountpoint-cache hash table entries: 8192 (order: 4, 65536 bytes)
[    0.084349] Last level iTLB entries: 4KB 64, 2MB 8, 4MB 8
[    0.088004] Last level dTLB entries: 4KB 64, 2MB 0, 4MB 0, 1GB 4
[    0.092006] Spectre V1 : Mitigation: usercopy/swapgs barriers and __user pointer sanitization
[    0.096005] Spectre V2 : Mitigation: Retpolines
[    0.100005] Spectre V2 : Spectre v2 / SpectreRSB mitigation: Filling RSB on context switch
[    0.104004] Spectre V2 : Spectre v2 / SpectreRSB : Filling RSB on VMEXIT
[    0.108005] RETBleed: WARNING: Spectre v2 mitigation leaves CPU vulnerable to RETBleed attacks, data leaks possible!
[    0.116011] RETBleed: Vulnerable
[    0.120010] Speculative Store Bypass: Vulnerable
[    0.124159] MDS: Mitigation: Clear CPU buffers
[    0.128020] MMIO Stale Data: Mitigation: Clear CPU buffers
[    0.132010] SRBDS: Unknown: Dependent on hypervisor status
[    0.136310] Freeing SMP alternatives memory: 36K
[    0.260312] APIC calibration not consistent with PM-Timer: 101ms instead of 100ms
[    0.264000] APIC delta adjusted to PM-Timer: 6346874 (6442356)
[    0.264837] smpboot: CPU0: Intel(R) Core(TM) i7-8550U CPU @ 1.80GHz (family: 0x6, model: 0x8e, stepping: 0xa)
[    0.268892] Performance Events: unsupported p6 CPU model 142 no PMU driver, software events only.
[    0.272207] Hierarchical SRCU implementation.
[    0.277553] NMI watchdog: Perf event create on CPU 0 failed with -2
[    0.280004] NMI watchdog: Perf NMI watchdog permanently disabled
[    0.288251] smp: Bringing up secondary CPUs ...
[    0.294008] x86: Booting SMP configuration:
[    0.296005] .... node  #0, CPUs:      #1
[    0.004000] kvm-clock: cpu 1, msr 0:bff44041, secondary cpu clock
[    0.318525] TSC synchronization [CPU#0 -> CPU#1]:
[    0.320000] Measured 66264 cycles TSC warp between CPUs, turning off TSC clock.
[    0.320000] tsc: Marking TSC unstable due to check_tsc_sync_source failed
[    0.324458] smp: Brought up 1 node, 2 CPUs
[    0.328011] smpboot: Max logical packages: 1
[    0.336009] smpboot: Total of 2 processors activated (7967.99 BogoMIPS)
[    0.348134] devtmpfs: initialized
[    0.352213] x86/mm: Memory block size: 128MB
[    0.361688] evm: security.selinux
[    0.364005] evm: security.SMACK64
[    0.368004] evm: security.SMACK64EXEC
[    0.372004] evm: security.SMACK64TRANSMUTE
[    0.376004] evm: security.SMACK64MMAP
[    0.380004] evm: security.apparmor
[    0.384004] evm: security.ima
[    0.388004] evm: security.capability
[    0.396951] clocksource: jiffies: mask: 0xffffffff max_cycles: 0xffffffff, max_idle_ns: 7645041785100000 ns
[    0.400015] futex hash table entries: 512 (order: 3, 32768 bytes)
[    0.404416] pinctrl core: initialized pinctrl subsystem
[    0.409149] RTC time: 18:40:19, date: 01/08/25
[    0.414224] NET: Registered protocol family 16
[    0.416247] audit: initializing netlink subsys (disabled)
[    0.420367] audit: type=2000 audit(1736361625.597:1): state=initialized audit_enabled=0 res=1
[    0.440009] cpuidle: using governor ladder
[    0.444012] cpuidle: using governor menu
[    0.448055] ACPI: bus type PCI registered
[    0.452005] acpiphp: ACPI Hot Plug PCI Controller Driver version: 0.5
[    0.460215] PCI: Using configuration type 1 for base access
[    0.476003] HugeTLB registered 2.00 MiB page size, pre-allocated 0 pages
[    0.492418] ACPI: Added _OSI(Module Device)
[    0.500010] ACPI: Added _OSI(Processor Device)
[    0.508009] ACPI: Added _OSI(3.0 _SCP Extensions)
[    0.520009] ACPI: Added _OSI(Processor Aggregator Device)
[    0.532018] ACPI: Added _OSI(Linux-Dell-Video)
[    0.544017] ACPI: Added _OSI(Linux-Lenovo-NV-HDMI-Audio)
[    0.556010] ACPI: Added _OSI(Linux-HPI-Hybrid-Graphics)
[    0.572136] ACPI: Executed 1 blocks of module-level executable AML code
[    0.593047] ACPI: Interpreter enabled
[    0.604036] ACPI: (supports S0 S5)
[    0.612009] ACPI: Using IOAPIC for interrupt routing
[    0.624777] PCI: Using host bridge windows from ACPI; if necessary, use "pci=nocrs" and report a bug
[    0.644541] ACPI: Enabled 2 GPEs in block 00 to 07
[    0.680157] ACPI: PCI Root Bridge [PCI0] (domain 0000 [bus 00-ff])
[    0.692017] acpi PNP0A03:00: _OSC: OS supports [ASPM ClockPM Segments MSI]
[    0.705443] acpi PNP0A03:00: _OSC: not requesting OS control; OS requires [ExtendedConfig ASPM ClockPM MSI]
[    0.724021] acpi PNP0A03:00: fail to add MMCONFIG information, can't access extended PCI configuration space under this bridge.
[    0.745059] PCI host bridge to bus 0000:00
[    0.752009] pci_bus 0000:00: root bus resource [io  0x0000-0x0cf7 window]
[    0.768007] pci_bus 0000:00: root bus resource [io  0x0d00-0xffff window]
[    0.780006] pci_bus 0000:00: root bus resource [mem 0x000a0000-0x000bffff window]
[    0.792011] pci_bus 0000:00: root bus resource [mem 0xc0000000-0xfdffffff window]
[    0.808007] pci_bus 0000:00: root bus resource [bus 00-ff]
[    0.831625] pci 0000:00:01.1: legacy IDE quirk: reg 0x10: [io  0x01f0-0x01f7]
[    0.844008] pci 0000:00:01.1: legacy IDE quirk: reg 0x14: [io  0x03f6]
[    0.856007] pci 0000:00:01.1: legacy IDE quirk: reg 0x18: [io  0x0170-0x0177]
[    0.868006] pci 0000:00:01.1: legacy IDE quirk: reg 0x1c: [io  0x0376]
[    0.928667] pci 0000:00:07.0: quirk: [io  0x4000-0x403f] claimed by PIIX4 ACPI
[    0.940071] pci 0000:00:07.0: quirk: [io  0x4100-0x410f] claimed by PIIX4 SMB
[    0.994794] ACPI: PCI Interrupt Link [LNKA] (IRQs 5 9 10 *11)
[    1.012243] ACPI: PCI Interrupt Link [LNKB] (IRQs 5 9 *10 11)
[    1.028701] ACPI: PCI Interrupt Link [LNKC] (IRQs 5 *9 10 11)
[    1.044440] ACPI: PCI Interrupt Link [LNKD] (IRQs 5 9 10 *11)
[    1.061589] SCSI subsystem initialized
[    1.072455] pci 0000:00:02.0: vgaarb: setting as boot VGA device
[    1.076000] pci 0000:00:02.0: vgaarb: VGA device added: decodes=io+mem,owns=io+mem,locks=none
[    1.104018] pci 0000:00:02.0: vgaarb: bridge control possible
[    1.120012] vgaarb: loaded
[    1.128140] ACPI: bus type USB registered
[    1.140184] usbcore: registered new interface driver usbfs
[    1.152032] usbcore: registered new interface driver hub
[    1.160034] usbcore: registered new device driver usb
[    1.172403] EDAC MC: Ver: 3.0.0
[    1.188009] PCI: Using ACPI for IRQ routing
[    1.200795] NetLabel: Initializing
[    1.208009] NetLabel:  domain hash size = 128
[    1.224015] NetLabel:  protocols = UNLABELED CIPSOv4 CALIPSO
[    1.241329] NetLabel:  unlabeled traffic allowed by default
[    1.256582] clocksource: Switched to clocksource kvm-clock
[    1.412029] VFS: Disk quotas dquot_6.6.0
[    1.425028] VFS: Dquot-cache hash table entries: 512 (order 0, 4096 bytes)
[    1.448546] AppArmor: AppArmor Filesystem Enabled
[    1.466708] pnp: PnP ACPI init
[    1.481700] pnp: PnP ACPI: found 3 devices
[    1.508484] clocksource: acpi_pm: mask: 0xffffff max_cycles: 0xffffff, max_idle_ns: 2085701024 ns
[    1.535037] NET: Registered protocol family 2
[    1.553595] IP idents hash table entries: 65536 (order: 7, 524288 bytes)
[    1.573292] TCP established hash table entries: 32768 (order: 6, 262144 bytes)
[    1.598186] TCP bind hash table entries: 32768 (order: 7, 524288 bytes)
[    1.624352] TCP: Hash tables configured (established 32768 bind 32768)
[    1.644847] UDP hash table entries: 2048 (order: 4, 65536 bytes)
[    1.665976] UDP-Lite hash table entries: 2048 (order: 4, 65536 bytes)
[    1.685781] NET: Registered protocol family 1
[    1.700221] pci 0000:00:00.0: Limiting direct PCI/PCI transfers
[    1.723151] pci 0000:00:01.0: Activating ISA DMA hang workarounds
[    1.745008] pci 0000:00:02.0: Video device with shadowed ROM at [mem 0x000c0000-0x000dffff]
[    1.774613] Unpacking initramfs...
[    3.976092] Freeing initrd memory: 19528K
[    4.358449] clocksource: tsc: mask: 0xffffffffffffffff max_cycles: 0x396d4e5fc9d, max_idle_ns: 881590756024 ns
[    4.379349] platform rtc_cmos: registered platform RTC device (no PNP device found)
[    4.395775] Scanning for low memory corruption every 60 seconds
[    4.411822] Initialise system trusted keyrings
[    4.422257] Key type blacklist registered
[    4.432007] workingset: timestamp_bits=36 max_order=20 bucket_order=0
[    4.450131] zbud: loaded
[    4.460776] squashfs: version 4.0 (2009/01/31) Phillip Lougher
[    4.474349] fuse init (API version 7.26)
[    4.520585] Key type asymmetric registered
[    4.529512] Asymmetric key parser 'x509' registered
[    4.539981] Block layer SCSI generic (bsg) driver version 0.4 loaded (major 246)
[    4.554904] io scheduler noop registered
[    4.563604] io scheduler deadline registered
[    4.572496] io scheduler cfq registered (default)
[    4.585281] ACPI: AC Adapter [AC] (on-line)
[    4.595766] input: Power Button as /devices/LNXSYSTM:00/LNXPWRBN:00/input/input0
[    4.612493] ACPI: Power Button [PWRF]
[    4.620496] input: Sleep Button as /devices/LNXSYSTM:00/LNXSLPBN:00/input/input1
[    4.635056] ACPI: Sleep Button [SLPF]
[    4.645661] Serial: 8250/16550 driver, 32 ports, IRQ sharing enabled
[    4.648612] ACPI: Battery Slot [BAT0] (battery present)
[    4.710622] 00:02: ttyS0 at I/O 0x3f8 (irq = 4, base_baud = 115200) is a 16550A
[    4.736991] Linux agpgart interface v0.103
[    4.769801] loop: module loaded
[    4.783546] scsi host0: ata_piix
[    4.795181] scsi host1: ata_piix
[    4.802985] ata1: PATA max UDMA/33 cmd 0x1f0 ctl 0x3f6 bmdma 0xd000 irq 14
[    4.817809] ata2: PATA max UDMA/33 cmd 0x170 ctl 0x376 bmdma 0xd008 irq 15
[    4.832994] tun: Universal TUN/TAP device driver, 1.6
[    4.846474] PPP generic driver version 2.4.2
[    4.857973] ehci_hcd: USB 2.0 'Enhanced' Host Controller (EHCI) Driver
[    4.875928] ehci-pci: EHCI PCI platform driver
[    4.889102] ehci-platform: EHCI generic platform driver
[    4.902586] ohci_hcd: USB 1.1 'Open' Host Controller (OHCI) Driver
[    4.920109] ohci-pci: OHCI PCI platform driver
[    4.931896] ohci-platform: OHCI generic platform driver
[    4.947092] uhci_hcd: USB Universal Host Controller Interface driver
[    4.963016] i8042: PNP: PS/2 Controller [PNP0303:PS2K,PNP0f03:PS2M] at 0x60,0x64 irq 1,12
[    4.995681] serio: i8042 KBD port at 0x60,0x64 irq 1
[    5.049985] serio: i8042 AUX port at 0x60,0x64 irq 12
[    5.112023] mousedev: PS/2 mouse device common for all mice
[    5.135653] rtc_cmos rtc_cmos: rtc core: registered rtc_cmos as rtc0
[    5.135682] input: AT Translated Set 2 keyboard as /devices/platform/i8042/serio0/input/input2
[    5.155469] rtc_cmos rtc_cmos: alarms up to one day, 114 bytes nvram
[    5.187778] i2c /dev entries driver
[    5.198154] device-mapper: uevent: version 1.0.3
[    5.209600] device-mapper: ioctl: 4.37.0-ioctl (2017-09-20) initialised: dm-devel@redhat.com
[    5.228455] ledtrig-cpu: registered to indicate activity on CPUs
[    5.246753] NET: Registered protocol family 10
[    5.277854] Segment Routing with IPv6
[    5.287712] NET: Registered protocol family 17
[    5.298644] Key type dns_resolver registered
[    5.309941] mce: Using 0 MCE banks
[    5.318399] RAS: Correctable Errors collector initialized.
[    5.330908] sched_clock: Marking stable (5330780335, 0)->(7256179586, -1925399251)
[    5.354635] registered taskstats version 1
[    5.364520] Loading compiled-in X.509 certificates
[    5.386790] Loaded X.509 cert 'Build time autogenerated kernel key: b5b26778eaa3ab3a4a6cee031137706e947d12ad'
[    5.407339] Loaded X.509 cert 'Canonical Ltd. Live Patch Signing: 14df34d1a87cf37625abec039ef2bf521249b969'
[    5.427360] Loaded X.509 cert 'Canonical Ltd. Kernel Module Signing: 88f752e560a1e0737e31163a466ad7b70a850c19'
[    5.446285] blacklist: Loading compiled-in revocation X.509 certificates
[    5.459230] Loaded X.509 cert 'Canonical Ltd. Secure Boot Signing: 61482aa2830d0ab2ad5af10b7250da9033ddcef0'
[    5.477292] Loaded X.509 cert 'Canonical Ltd. Secure Boot Signing (2017): 242ade75ac4a15e50d50c84b0d45ff3eae707a03'
[    5.498550] Loaded X.509 cert 'Canonical Ltd. Secure Boot Signing (ESM 2018): 365188c1d374d6b07c3c8f240f8ef722433d6a8b'
[    5.522126] Loaded X.509 cert 'Canonical Ltd. Secure Boot Signing (2019): c0746fd6c5da3ae827864651ad66ae47fe24b3e8'
[    5.541621] Loaded X.509 cert 'Canonical Ltd. Secure Boot Signing (2021 v1): a8d54bbb3825cfb94fa13c9f8a594a195c107b8d'
[    5.563347] Loaded X.509 cert 'Canonical Ltd. Secure Boot Signing (2021 v2): 4cf046892d6fd3c9a5b03f98d845f90851dc6a8c'
[    5.582312] Loaded X.509 cert 'Canonical Ltd. Secure Boot Signing (2021 v3): 100437bb6de6e469b581e61cd66bce3ef4ed53af'
[    5.601374] Loaded X.509 cert 'Canonical Ltd. Secure Boot Signing (Ubuntu Core 2019): c1d57b8f6b743f23ee41f4f7ee292f06eecadfb9'
[    5.621684] zswap: loaded using pool lzo/zbud
[    5.655611] Key type big_key registered
[    5.664240] Key type trusted registered
[    5.681205] Key type encrypted registered
[    5.688862] AppArmor: AppArmor sha1 policy hashing enabled
[    5.698325] ima: No TPM chip found, activating TPM-bypass! (rc=-19)
[    5.710816] ima: Allocated hash algorithm: sha1
[    5.719314] evm: HMAC attrs: 0x1
[    5.727696]   Magic number: 9:611:695
[    5.735427] pci 0000:00:00.0: hash matches
[    5.745302] rtc_cmos rtc_cmos: setting system clock to 2025-01-08 18:40:24 UTC (1736361624)
[    5.762072] BIOS EDD facility v0.16 2004-Jun-25, 0 devices found
[    5.773692] EDD information not available.
[    5.788559] Freeing unused kernel image memory: 2480K
[    5.812686] Write protecting the kernel read-only data: 20480k
[    5.826592] Freeing unused kernel image memory: 2008K
[    5.837020] Freeing unused kernel image memory: 1820K
[    5.857090] x86/mm: Checked W+X mappings: passed, no W+X pages found.
[    5.869032] x86/mm: Checking user space page tables
[    5.887143] x86/mm: Checked W+X mappings: passed, no W+X pages found.
Loading, please wait...
starting version 237
[    6.142066] e1000: Intel(R) PRO/1000 Network Driver - version 7.3.21-k8-NAPI
[    6.156805] e1000: Copyright (c) 1999-2006 Intel Corporation.
[    6.185651] Fusion MPT base driver 3.04.20
[    6.196385] Copyright (c) 1999-2008 LSI Corporation
[    6.259054] Fusion MPT SPI Host driver 3.04.20
[    6.324466] SSE version of gcm_enc/dec engaged.
[    6.561081] input: ImExPS/2 Generic Explorer Mouse as /devices/platform/i8042/serio1/input/input4
[    7.787936] e1000 0000:00:03.0 eth0: (PCI:33MHz:32-bit) 02:3b:7b:b7:3b:2d
[    7.799243] e1000 0000:00:03.0 eth0: Intel(R) PRO/1000 Network Connection
[    9.085864] e1000 0000:00:08.0 eth1: (PCI:33MHz:32-bit) 08:00:27:d1:17:8c
[    9.111731] e1000 0000:00:08.0 eth1: Intel(R) PRO/1000 Network Connection
[    9.146822] mptbase: ioc0: Initiating bringup
[    9.301886] ioc0: LSI53C1030 A0: Capabilities={Initiator}
[    9.696784] scsi host2: ioc0: LSI53C1030 A0, FwRev=00000000h, Ports=1, MaxQ=256, IRQ=20
[    9.908831] scsi 2:0:0:0: Direct-Access     VBOX     HARDDISK         1.0  PQ: 0 ANSI: 5
[   10.116885] scsi target2:0:0: Beginning Domain Validation
[   10.159551] scsi target2:0:0: Domain Validation skipping write tests
[   10.181434] scsi target2:0:0: Ending Domain Validation
[   10.206012] scsi target2:0:0: asynchronous
[   10.225317] scsi 2:0:1:0: Direct-Access     VBOX     HARDDISK         1.0  PQ: 0 ANSI: 5
[   10.548725] scsi target2:0:1: Beginning Domain Validation
[   10.594739] scsi target2:0:1: Domain Validation skipping write tests
[   10.624631] scsi target2:0:1: Ending Domain Validation
[   10.643444] scsi target2:0:1: asynchronous
[   10.701914] sd 2:0:0:0: [sda] 83886080 512-byte logical blocks: (42.9 GB/40.0 GiB)
[   10.730534] sd 2:0:0:0: [sda] Write Protect is off
[   10.747744] sd 2:0:0:0: Attached scsi generic sg0 type 0
[   10.766264] sd 2:0:0:0: [sda] Incomplete mode parameter data
[   10.789064] sd 2:0:0:0: [sda] Assuming drive cache: write through
[   10.810850] sd 2:0:1:0: Attached scsi generic sg1 type 0
[   10.832173] sd 2:0:1:0: [sdb] 20480 512-byte logical blocks: (10.5 MB/10.0 MiB)
[   10.863807] sd 2:0:1:0: [sdb] Write Protect is off
[   10.882026] sd 2:0:1:0: [sdb] Incomplete mode parameter data
[   10.906383] sd 2:0:1:0: [sdb] Assuming drive cache: write through
[   10.937941]  sda: sda1
[   10.984051] sd 2:0:0:0: [sda] Attached SCSI disk
[   11.009237] sd 2:0:1:0: [sdb] Attached SCSI disk
[   12.232666] e1000 0000:00:09.0 eth2: (PCI:33MHz:32-bit) 08:00:27:c9:7a:7e
[   12.258066] e1000 0000:00:09.0 eth2: Intel(R) PRO/1000 Network Connection
[   12.295492] e1000 0000:00:08.0 enp0s8: renamed from eth1
[   17.321984] e1000 0000:00:03.0 enp0s3: renamed from eth0
[   17.397245] e1000 0000:00:09.0 enp0s9: renamed from eth2
Begin: Loading essential drivers ... [   21.261172] raid6: sse2x1   gen()  5278 MB/s
[   21.332398] raid6: sse2x1   xor()  3990 MB/s
[   21.985214] raid6: sse2x2   gen() 74153 MB/s
[   22.056568] raid6: sse2x2   xor()  3177 MB/s
[   22.128910] raid6: sse2x4   gen()  4423 MB/s
[   22.991287] raid6: sse2x4   xor() 81285 MB/s
[   23.001623] raid6: using algorithm sse2x2 gen() 74153 MB/s
[   23.014487] raid6: .... xor() 3177 MB/s, rmw enabled
[   23.026520] raid6: using ssse3x2 recovery algorithm
[   23.043591] xor: measuring software checksum speed
[   23.098610]    prefetch64-sse:  8306.000 MB/sec
[   23.148639]    generic_sse:  9076.000 MB/sec
[   23.158930] xor: using function: generic_sse (9076.000 MB/sec)
[   23.175797] async_tx: api initialized (async)
done.
Begin: Running /scripts/init-premount ... done.
Begin: Mounting root file system ... Begin: Running /scripts/local-top ... done.
Begin: Running /scripts/local-premount ... [   23.368006] Btrfs loaded, crc32c=crc32c-intel
Scanning for Btrfs filesystems
done.
Warning: fsck not present, so skipping root file system
[   23.561987] EXT4-fs (sda1): mounted filesystem with ordered data mode. Opts: (null)
done.
Begin: Running /scripts/local-bottom ... done.
Begin: Running /scripts/init-bottom ... done.
[   24.141044] ip_tables: (C) 2000-2006 Netfilter Core Team
[   24.226099] systemd[1]: systemd 237 running in system mode. (+PAM +AUDIT +SELINUX +IMA +APPARMOR +SMACK +SYSVINIT +UTMP +LIBCRYPTSETUP +GCRYPT +GNUTLS +ACL +XZ +LZ4 +SECCOMP +BLKID +ELFUTILS +KMOD -IDN2 +IDN -PCRE2 default-hierarchy=hybrid)
[   24.288902] systemd[1]: Detected virtualization oracle.
[   24.303209] systemd[1]: Detected architecture x86-64.

Welcome to [1mUbuntu 18.04.6 LTS[0m!

[   24.439438] systemd[1]: Set hostname to <ubuntu>.
[   24.470061] systemd[1]: Initializing machine ID from random generator.
[   24.486016] systemd[1]: Installed transient /etc/machine-id file.
[   25.403858] systemd[1]: Started Forward Password Requests to Wall Directory Watch.
[[0;32m  OK  [0m] Started Forward Password Requests to Wall Directory Watch.
[   25.429454] systemd[1]: Set up automount Arbitrary Executable File Formats File System Automount Point.
[[0;32m  OK  [0m] Set up automount Arbitrary Executabâ€¦rmats File System Automount Point.
[   25.459634] systemd[1]: Reached target Mounting snaps.
[[0;32m  OK  [0m] Reached target Mounting snaps.
[   25.477479] systemd[1]: Reached target Swap.
[[0;32m  OK  [0m] Reached target Swap.
[[0;32m  OK  [0m] Created slice System Slice.
[[0;32m  OK  [0m] Listening on Network Service Netlink Socket.
[[0;32m  OK  [0m] Created slice system-serial\x2dgetty.slice.
[[0;32m  OK  [0m] Listening on Journal Socket.
         Starting Load Kernel Modules...
         Starting Create list of required stâ€¦ce nodes for the current kernel...
         Mounting Kernel Debug File System...
         Starting Set the console keyboard layout...
[   25.600553] Loading iSCSI transport class v2.0-870.
         Starting Uncomplicated firewall...
[[0;32m  OK  [0m] Listening on Journal Socket (/dev/log).
         Mounting Huge Pages File System...
[[0;32m  OK  [0m] Listening on Device-mapper event daemon FIFOs.
         Mounting POSIX Message Queue File System...
[[0;32m  OK  [0m] Listening on LVM2 poll daemon socket.
[[0;32m  OK  [0m] Listening on /dev/initctl Compatibility Named Pipe.
[[0;32m  OK  [0m] Listening on Syslog Socket.
[[0;32m  OK  [0m] Listening on Journal Audit Socket.
[   25.711451] iscsi: registered transport (tcp)
         Starting Journal Service...
[[0;32m  OK  [0m] Listening on fsck to fsckd communication Socket.
         Starting File System Check on Root Device...
[[0;32m  OK  [0m] Created slice User and Session Slice.
[[0;32m  OK  [0m] Reached target Slices.
[[0;32m  OK  [0m] Reached target System Time Synchronized.
[[0;32m  OK  [0m] Reached target User and Group Name Lookups.
[[0;32m  OK  [0m] Listening on udev Kernel Socket.
[[0;32m  OK  [0m] Listening on LVM2 metadata daemon socket.
         Starting Monitoring of LVM2 mirrorsâ€¦ng dmeventd or progress polling...
[[0;32m  OK  [0m] Reached target Mounted snaps.
[[0;32m  OK  [0m] Listening on udev Control Socket.
         Starting udev Coldplug all Devices...
[[0;32m  OK  [0m] Started Create list of required staâ€¦vice nodes for the current kernel.
[[0;32m  OK  [0m] Mounted Kernel Debug File System.
[[0;32m  OK  [0m] Started Uncomplicated firewall.
[[0;32m  OK  [0m] Mounted Huge Pages File System.
[[0;32m  OK  [0m] Mounted POSIX Message Queue File System.
[[0;32m  OK  [0m] Started File System Check Daemon to report status.
         Starting Create Static Device Nodes in /dev...
[[0;32m  OK  [0m] Started File System Check on Root Device.
         Starting Remount Root and Kernel File Systems...
[[0;32m  OK  [0m] Started udev Coldplug all Devices.
[   26.197671] EXT4-fs (sda1): re-mounted. Opts: (null)
[[0;32m  OK  [0m] Started Create Static Device Nodes in /dev.
[[0;32m  OK  [0m] Started Remount Root and Kernel File Systems.
         Starting Load/Save Random Seed...
         Starting udev Kernel Device Manager...
[[0;32m  OK  [0m] Started Journal Service.
[   26.359063] iscsi: registered transport (iser)
[[0;32m  OK  [0m] Started Load/Save Random Seed.
[[0;32m  OK  [0m] Started Load Kernel Modules.
[[0;32m  OK  [0m] Started LVM2 metadata daemon.
         Mounting Kernel Configuration File System...
         Starting Apply Kernel Variables...
         Mounting FUSE Control File System...
         Starting Flush Journal to Persistent Storage...
[[0;32m  OK  [0m] Mounted Kernel Configuration File System.
[[0;32m  OK  [0m] Mounted FUSE Control File System.
[   26.727397] systemd-journald[420]: Received request to flush runtime journal from PID 1
[[0;32m  OK  [0m] Started udev Kernel Device Manager.
[[0;32m  OK  [0m] Started Apply Kernel Variables.
[[0;32m  OK  [0m] Started Monitoring of LVM2 mirrors,â€¦sing dmeventd or progress polling.
[[0;32m  OK  [0m] Started Flush Journal to Persistent Storage.
[[0;32m  OK  [0m] Found device /dev/ttyS0.
[[0;32m  OK  [0m] Listening on Load/Save RF Kill Switch Status /dev/rfkill Watch.
[[0;32m  OK  [0m] Started Set the console keyboard layout.
[[0;32m  OK  [0m] Reached target Local File Systems (Pre).
[[0;32m  OK  [0m] Reached target Local File Systems.
         Starting AppArmor initialization...
         Starting Commit a transient machine-id on disk...
         Starting ebtables ruleset management...
         Starting Set console font and keymap...
         Starting Tell Plymouth To Write Out Runtime Data...
         Starting Create Volatile Files and Directories...
[[0;32m  OK  [0m] Started Dispatch Password Requests to Console Directory Watch.
[[0;32m  OK  [0m] Reached target Local Encrypted Volumes.
[[0;32m  OK  [0m] Started Tell Plymouth To Write Out Runtime Data.
[[0;32m  OK  [0m] Started Commit a transient machine-id on disk.
[[0;32m  OK  [0m] Started Create Volatile Files and Directories.
         Starting Update UTMP about System Boot/Shutdown...
[[0;32m  OK  [0m] Started Update UTMP about System Boot/Shutdown.
[[0;32m  OK  [0m] Started ebtables ruleset management.
         Mounting Arbitrary Executable File Formats File System...
[[0;32m  OK  [0m] Mounted Arbitrary Executable File Formats File System.
[[0;32m  OK  [0m] Started AppArmor initialization.
         Starting Initial cloud-init job (pre-networking)...
         Starting Load AppArmor profiles managed internally by snapd...
[[0;32m  OK  [0m] Started Load AppArmor profiles managed internally by snapd.
[[0;32m  OK  [0m] Started Set console font and keymap.
[   43.518482] cloud-init[792]: Cloud-init v. 23.1.2-0ubuntu0~18.04.1 running 'init-local' at Wed, 08 Jan 2025 18:40:59 +0000. Up 40.68 seconds.
[[0;32m  OK  [0m] Started Initial cloud-init job (pre-networking).
[[0;32m  OK  [0m] Reached target Network (Pre).
         Starting Network Service...
[[0;32m  OK  [0m] Started Network Service.
         Starting Wait for Network to be Configured...
         Starting Network Name Resolution...
[[0;32m  OK  [0m] Started Network Name Resolution.
[[0;32m  OK  [0m] Reached target Host and Network Name Lookups.
[[0;32m  OK  [0m] Reached target Network.
[[0;32m  OK  [0m] Started Wait for Network to be Configured.
         Starting Initial cloud-init job (metadata service crawler)...
[   48.530448] cloud-init[937]: Cloud-init v. 23.1.2-0ubuntu0~18.04.1 running 'init' at Wed, 08 Jan 2025 18:41:06 +0000. Up 47.91 seconds.
[   48.545286] cloud-init[937]: ci-info: ++++++++++++++++++++++++++++++++++++++Net device info+++++++++++++++++++++++++++++++++++++++
[   48.560667] cloud-init[937]: ci-info: +--------+-------+----------------------------+---------------+--------+-------------------+
[   48.577299] cloud-init[937]: ci-info: | Device |   Up  |          Address           |      Mask     | Scope  |     Hw-Address    |
[   48.593024] cloud-init[937]: ci-info: +--------+-------+----------------------------+---------------+--------+-------------------+
[   48.612181] cloud-init[937]: ci-info: | enp0s3 |  True |         10.0.2.15          | 255.255.255.0 | global | 02:3b:7b:b7:3b:2d |
[   48.634506] cloud-init[937]: ci-info: | enp0s3 |  True | fe80::3b:7bff:feb7:3b2d/64 |       .       |  link  | 02:3b:7b:b7:3b:2d |
[   48.656188] cloud-init[937]: ci-info: | enp0s8 | False |             .              |       .       |   .    | 08:00:27:d1:17:8c |
[   48.691953] cloud-init[937]: ci-info: | enp0s9 | False |             .              |       .       |   .    | 08:00:27:c9:7a:7e |
[   48.722452] cloud-init[937]: ci-info: |   lo   |  True |         127.0.0.1          |   255.0.0.0   |  host  |         .         |
[   48.751319] cloud-init[937]: ci-info: |   lo   |  True |          ::1/128           |       .       |  host  |         .         |
[   48.781555] cloud-init[937]: ci-info: +--------+-------+----------------------------+---------------+--------+-------------------+
[   48.820114] cloud-init[937]: ci-info: ++++++++++++++++++++++++++++Route IPv4 info+++++++++++++++++++++++++++++
[   48.851009] cloud-init[937]: ci-info: +-------+-------------+----------+-----------------+-----------+-------+
[   48.879818] cloud-init[937]: ci-info: | Route | Destination | Gateway  |     Genmask     | Interface | Flags |
[   48.903370] cloud-init[937]: ci-info: +-------+-------------+----------+-----------------+-----------+-------+
[   48.931790] cloud-init[937]: ci-info: |   0   |   0.0.0.0   | 10.0.2.2 |     0.0.0.0     |   enp0s3  |   UG  |
[   48.959495] cloud-init[937]: ci-info: |   1   |   10.0.2.0  | 0.0.0.0  |  255.255.255.0  |   enp0s3  |   U   |
[   48.985174] cloud-init[937]: ci-info: |   2   |   10.0.2.2  | 0.0.0.0  | 255.255.255.255 |   enp0s3  |   UH  |
[   49.011162] cloud-init[937]: ci-info: +-------+-------------+----------+-----------------+-----------+-------+
[   49.037609] cloud-init[937]: ci-info: +++++++++++++++++++Route IPv6 info+++++++++++++++++++
[   49.067363] cloud-init[937]: ci-info: +-------+-------------+---------+-----------+-------+
[   49.098659] cloud-init[937]: ci-info: | Route | Destination | Gateway | Interface | Flags |
[   49.117222] cloud-init[937]: ci-info: +-------+-------------+---------+-----------+-------+
[   49.137674] cloud-init[937]: ci-info: |   1   |  fe80::/64  |    ::   |   enp0s3  |   U   |
[   49.161511] cloud-init[937]: ci-info: |   3   |    local    |    ::   |   enp0s3  |   U   |
[   49.186149] cloud-init[937]: ci-info: |   4   |   ff00::/8  |    ::   |   enp0s3  |   U   |
[   49.209372] cloud-init[937]: ci-info: +-------+-------------+---------+-----------+-------+
[   52.049031] cloud-init[937]: Generating public/private rsa key pair.
[   52.060379] cloud-init[937]: Your identification has been saved in /etc/ssh/ssh_host_rsa_key.
[   52.074203] cloud-init[937]: Your public key has been saved in /etc/ssh/ssh_host_rsa_key.pub.
[   52.092428] cloud-init[937]: The key fingerprint is:
[   52.101588] cloud-init[937]: SHA256:TffGMYGPAzLh0E9I1UbzR/lDklkDnwe+an8hyQ6XV7U root@ubuntu-bionic
[   52.114610] cloud-init[937]: The key's randomart image is:
[   52.123873] cloud-init[937]: +---[RSA 2048]----+
[   52.131119] cloud-init[937]: |      .oo+.oooBoo|
[   52.139726] cloud-init[937]: |       o= o +B.*+|
[   52.147064] cloud-init[937]: |        .=.o.oBo*|
[   52.154401] cloud-init[937]: |         o..oo.E+|
[   52.163380] cloud-init[937]: |        S . ..B o|
[   52.170351] cloud-init[937]: |           . O o |
[   52.178470] cloud-init[937]: |            * o .|
[   52.186570] cloud-init[937]: |           . o  .|
[   52.193519] cloud-init[937]: |              .. |
[   52.201412] cloud-init[937]: +----[SHA256]-----+
[   52.221321] cloud-init[937]: Generating public/private dsa key pair.
[   52.247120] cloud-init[937]: Your identification has been saved in /etc/ssh/ssh_host_dsa_key.
[   52.281443] cloud-init[937]: Your public key has been saved in /etc/ssh/ssh_host_dsa_key.pub.
[   52.311234] cloud-init[937]: The key fingerprint is:
[   52.335397] cloud-init[937]: SHA256:bL//LtzhPC9F63wjsUya4GiSJtvUAMS5XK/0Y+WViYw root@ubuntu-bionic
[   52.367637] cloud-init[937]: The key's randomart image is:
[   52.395356] cloud-init[937]: +---[DSA 1024]----+
[[   52.422700] cloud-init[937]: |  ...            |
[   52.425882] cloud-init[937]: |  .o .           |
[   52.426494] cloud-init[937]: |  ..o . o . o    |
[   52.431723] cloud-init[937]: |   o.. E + +    .|
[   52.436067] cloud-init[937]: |    ..o S .    ..|
[   52.439930] cloud-init[937]: |     .o= +   o...|
[   52.447016] cloud-init[937]: |     .o.+ o.=+=o |
[   52.451668] cloud-init[937]: |   .o+ o . +o+*+.|
[   52.455316] cloud-init[937]: |   .+.o   ...++++|
[   52.458845] cloud-init[937]: +----[SHA256]-----+
[   52.462608] cloud-init[937]: Generating public/private ecdsa key pair.
[   52.464922] cloud-init[937]: Your identification has been saved in /etc/ssh/ssh_host_ecdsa_key.
[   52.466124] cloud-init[937]: Your public key has been saved in /etc/ssh/ssh_host_ecdsa_key.pub.
[   52.467779] cloud-init[937]: The key fingerprint is:
[   52.472685] cloud-init[937]: SHA256:dpkIU80Halk36RNYfO2g3Byv6WDGkwDot6UcLTi3HLU root@ubuntu-bionic
[   52.477078] cloud-init[937]: The key's randomart image is:
[   52.478602] cloud-init[937]: +---[ECDSA 256]---+
[   52.483934] cloud-init[937]: |       ..oo=+. . |
[   52.488060] cloud-init[937]: |      ...+=.=.+ .|
[   52.492226] cloud-init[937]: |     .o.++ = * = |
[   52.502607] cloud-init[937]: |      ++*.Eo= o o|
[   52.505667] cloud-init[937]: |       *SO+o o o |
[   52.506349] cloud-init[937]: |       .*.  B o  |
[   52.507989] cloud-init[937]: |           o +   |
[   52.511944] cloud-init[937]: |              .  |
[   52.525008] cloud-init[937]: |                 |
[   52.526577] cloud-init[937]: +----[SHA256]-----+
[   52.528112] cloud-init[937]: Generating public/private ed25519 key pair.
[   52.532182] cloud-init[937]: Your identification has been saved in /etc/ssh/ssh_host_ed25519_key.
[   52.535460] cloud-init[937]: Your public key has been saved in /etc/ssh/ssh_host_ed25519_key.pub.
[   52.538752] cloud-init[937]: The key fingerprint is:
[   52.548111] cloud-init[937]: SHA256:0K8OQnjyxqObEl8ez6gXk91FklvUCNHQN/JFUdWwaa4 root@ubuntu-bionic
[   52.551961] cloud-init[937]: The key's randomart image is:
[   52.555891] cloud-init[937]: +--[ED25519 256]--+
[   52.559654] cloud-init[937]: |        +O.o .++=|
[   52.563306] cloud-init[937]: |       .o B + .o.|
[   52.567947] cloud-init[937]: |      . .= + o+  |
[   52.571196] cloud-init[937]: |   .   .... .o   |
[   52.574989] cloud-init[937]: |  o oo .S..   .  |
[   52.578420] cloud-init[937]: |.  ** . ..   .   |
[   52.583643] cloud-init[937]: | o o*B. .   E    |
[   52.589900] cloud-init[937]: |. .++ooo         |
[   52.592629] cloud-init[937]: | .=+    .        |
[   52.593472] cloud-init[937]: +----[SHA256]-----+
[0;32m  OK  [0m] Started Initial cloud-init job (metadata service crawler).
[[0;32m  OK  [0m] Reached target Network is Online.
         Starting Availability of block devices...
[[0;32m  OK  [0m] Reached target Remote File Systems (Pre).
[[0;32m  OK  [0m] Reached target Remote File Systems.
[[0;32m  OK  [0m] Reached target System Initialization.
[[0;32m  OK  [0m] Listening on cloud-init hotplug hook socket.
         Starting Socket activation for snappy daemon.
[[0;32m  OK  [0m] Listening on D-Bus System Message Bus Socket.
[[0;32m  OK  [0m] Started Ubuntu Advantage Timer for running repeated jobs.
[[0;32m  OK  [0m] Started Daily Cleanup of Temporary Directories.
         Starting LXD - unix socket.
[[0;32m  OK  [0m] Listening on Open-iSCSI iscsid Socket.
[[0;32m  OK  [0m] Started ACPI Events Check.
[[0;32m  OK  [0m] Started Discard unused blocks once a week.
[[0;32m  OK  [0m] Started Daily apt download activities.
[[0;32m  OK  [0m] Started Daily apt upgrade and clean activities.
[[0;32m  OK  [0m] Listening on UUID daemon activation socket.
[[0;32m  OK  [0m] Started Message of the Day.
[[0;32m  OK  [0m] Reached target Timers.
[[0;32m  OK  [0m] Listening on ACPID Listen Socket.
[[0;32m  OK  [0m] Reached target Paths.
[[0;32m  OK  [0m] Reached target Cloud-config availability.
[[0;32m  OK  [0m] Started Availability of block devices.
[[0;32m  OK  [0m] Listening on Socket activation for snappy daemon.
[[0;32m  OK  [0m] Listening on LXD - unix socket.
[[0;32m  OK  [0m] Reached target Sockets.
[[0;32m  OK  [0m] Reached target Basic System.
[[0;32m  OK  [0m] Started D-Bus System Message Bus.
[[0;32m  OK  [0m] Started Deferred execution scheduler.
[[0;32m  OK  [0m] Started FUSE filesystem for LXC.
         Starting Accounts Service...
         Starting LSB: automatic crash report generation...
         Starting Virtualbox guest utils...
         Starting LSB: Record successful boot for GRUB...
[[0;32m  OK  [0m] Started Regular background program processing daemon.
         Starting Dispatcher daemon for systemd-networkd...
         Starting Permit User Sessions...
         Starting System Logging Service...
         Starting Pollinate to seed the pseudo random number generator...
[[0;32m  OK  [0m] Started irqbalance daemon.
         Starting Login Service...
[[0;32m  OK  [0m] Reached target Login Prompts (Pre).
         Starting LXD - container startup/shutdown...
         Starting Snap Daemon...
[[0;32m  OK  [0m] Started Permit User Sessions.
[[0;32m  OK  [0m] Started System Logging Service.
         Starting Authorization Manager...
         Starting Hold until boot process finishes up...
         Starting Terminate Plymouth Boot Screen...
[[0;32m  OK  [0m] Started Hold until boot process finishes up.
[[0;32m  OK  [0m] Started Terminate Plymouth Boot Screen.
         Starting Set console scheme...
[[0;32m  OK  [0m] Started Serial Getty on ttyS0.
[[0;32m  OK  [0m] Started LSB: automatic crash report generation.
[[0;32m  OK  [0m] Started Set console scheme.
[[0;32m  OK  [0m] Created slice system-getty.slice.
[[0;32m  OK  [0m] Started Getty on tty1.
[[0;32m  OK  [0m] Reached target Login Prompts.
[[0;32m  OK  [0m] Started Authorization Manager.
[[0;32m  OK  [0m] Started Accounts Service.
[[0;32m  OK  [0m] Started LSB: Record successful boot for GRUB.
[[0;32m  OK  [0m] Started Login Service.
[[0;32m  OK  [0m] Started Unattended Upgrades Shutdown.
[[0;32m  OK  [0m] Started Virtualbox guest utils.
[[0;32m  OK  [0m] Started LXD - container startup/shutdown.
[[0;32m  OK  [0m] Started Dispatcher daemon for systemd-networkd.
[[0;32m  OK  [0m] Started Pollinate to seed the pseudo random number generator.
         Starting OpenBSD Secure Shell server...
[[0;32m  OK  [0m] Started OpenBSD Secure Shell server.
[[0;32m  OK  [0m] Created slice User Slice of vagrant.
         Starting User Manager for UID 1000...
[[0;32m  OK  [0m] Started Session 1 of user vagrant.
[[0;32m  OK  [0m] Started User Manager for UID 1000.
[[0;32m  OK  [0m] Started Snap Daemon.
         Starting Wait until snapd is fully seeded...

Ubuntu 18.04.6 LTS ubuntu-bionic ttyS0

ubuntu-bionic login: [   73.243054] cloud-init[1473]: Cloud-init v. 23.1.2-0ubuntu0~18.04.1 running 'modules:config' at Wed, 08 Jan 2025 18:41:29 +0000. Up 71.16 seconds.
ci-info: no authorized SSH keys fingerprints found for user ubuntu.
<14>Jan  8 18:41:34 cloud-init: #############################################################
<14>Jan  8 18:41:34 cloud-init: -----BEGIN SSH HOST KEY FINGERPRINTS-----
<14>Jan  8 18:41:34 cloud-init: 1024 SHA256:bL//LtzhPC9F63wjsUya4GiSJtvUAMS5XK/0Y+WViYw root@ubuntu-bionic (DSA)
<14>Jan  8 18:41:34 cloud-init: 256 SHA256:dpkIU80Halk36RNYfO2g3Byv6WDGkwDot6UcLTi3HLU root@ubuntu-bionic (ECDSA)
<14>Jan  8 18:41:34 cloud-init: 256 SHA256:0K8OQnjyxqObEl8ez6gXk91FklvUCNHQN/JFUdWwaa4 root@ubuntu-bionic (ED25519)
<14>Jan  8 18:41:34 cloud-init: 2048 SHA256:TffGMYGPAzLh0E9I1UbzR/lDklkDnwe+an8hyQ6XV7U root@ubuntu-bionic (RSA)
<14>Jan  8 18:41:34 cloud-init: -----END SSH HOST KEY FINGERPRINTS-----
<14>Jan  8 18:41:34 cloud-init: #############################################################
-----BEGIN SSH HOST KEY KEYS-----
ecdsa-sha2-nistp256 AAAAE2VjZHNhLXNoYTItbmlzdHAyNTYAAAAIbmlzdHAyNTYAAABBBCo1PfN1JZnUlM5zuf14PQPJrafK3cR2OdLSHKa5/Yos1wJctWbUzxnzdrO57SLh4mNNC7F0IeiExo2Ik6dpIOw= root@ubuntu-bionic
ssh-ed25519 AAAAC3NzaC1lZDI1NTE5AAAAIMj+zgTnJQTMDEEDQglR+gdWZIIzqnNr41FXET5XtLMK root@ubuntu-bionic
ssh-rsa AAAAB3NzaC1yc2EAAAADAQABAAABAQDLe/DHt8XUbiA2wNr8tNITvKJkWaHTOjiIYY6XH7Ym5VaOdkBTEH/F4BUfRiXf2kwlacFBD9gkmRoBuAIM9LwWgSbredG9yKn3+J465xavib/Prqj8dKos8+bThgpfAIBdxggs0p9Wud8qqZd/+XofaQd6vC6jai0cn+O+ev13KjRk9I0Srafq/2ofpH6/JkVZyOTn6yhA1FMnMpXrmQ1EJRiilMeCDqIojpDXsm4hRcLxdEc0lHVWueSo6eP7mu7+RKBpec2QOjcYpAf49/6hSPMaWynPlKmN5cXhH2AhrhMQZ3NPQ++nzSD/9fLZNEkgpCFhjXDCKBhKaHvwoWIx root@ubuntu-bionic
-----END SSH HOST KEY KEYS-----
[   76.052875] cloud-init[1623]: Cloud-init v. 23.1.2-0ubuntu0~18.04.1 running 'modules:final' at Wed, 08 Jan 2025 18:41:33 +0000. Up 75.04 seconds.
[   76.083519] cloud-init[1623]: Cloud-init v. 23.1.2-0ubuntu0~18.04.1 finished at Wed, 08 Jan 2025 18:41:34 +0000. Datasource DataSourceNoCloud [seed=/dev/sdb][dsmode=net].  Up 75.92 seconds
