[    0.000000] Initializing cgroup subsys cpuset
[    0.000000] Initializing cgroup subsys cpu
[    0.000000] Initializing cgroup subsys cpuacct
[    0.000000] Linux version 4.4.0-210-generic (buildd@lgw01-amd64-009) (gcc version 5.4.0 20160609 (Ubuntu 5.4.0-6ubuntu1~16.04.12) ) #242-Ubuntu SMP Fri Apr 16 09:57:56 UTC 2021 (Ubuntu 4.4.0-210.242-generic 4.4.262)
[    0.000000] Command line: BOOT_IMAGE=/boot/vmlinuz-4.4.0-210-generic root=LABEL=cloudimg-rootfs ro console=tty1 console=ttyS0
[    0.000000] KERNEL supported cpus:
[    0.000000]   Intel GenuineIntel
[    0.000000]   AMD AuthenticAMD
[    0.000000]   Centaur CentaurHauls
[    0.000000] x86/fpu: Legacy x87 FPU detected.
[    0.000000] e820: BIOS-provided physical RAM map:
[    0.000000] BIOS-e820: [mem 0x0000000000000000-0x000000000009fbff] usable
[    0.000000] BIOS-e820: [mem 0x000000000009fc00-0x000000000009ffff] reserved
[    0.000000] BIOS-e820: [mem 0x00000000000f0000-0x00000000000fffff] reserved
[    0.000000] BIOS-e820: [mem 0x0000000000100000-0x000000001ffeffff] usable
[    0.000000] BIOS-e820: [mem 0x000000001fff0000-0x000000001fffffff] ACPI data
[    0.000000] BIOS-e820: [mem 0x00000000fec00000-0x00000000fec00fff] reserved
[    0.000000] BIOS-e820: [mem 0x00000000fee00000-0x00000000fee00fff] reserved
[    0.000000] BIOS-e820: [mem 0x00000000fffc0000-0x00000000ffffffff] reserved
[    0.000000] NX (Execute Disable) protection: active
[    0.000000] SMBIOS 2.5 present.
[    0.000000] Hypervisor detected: KVM
[    0.000000] e820: last_pfn = 0x1fff0 max_arch_pfn = 0x400000000
[    0.000000] MTRR: Disabled
[    0.000000] x86/PAT: MTRRs disabled, skipping PAT initialization too.
[    0.000000] CPU MTRRs all blank - virtualized system.
[    0.000000] x86/PAT: Configuration [0-7]: WB  WT  UC- UC  WB  WT  UC- UC  
[    0.000000] found SMP MP-table at [mem 0x0009fff0-0x0009ffff] mapped at [ffff88000009fff0]
[    0.000000] Scanning 1 areas for low memory corruption
[    0.000000] RAMDISK: [mem 0x1e8de000-0x1f767fff]
[    0.000000] ACPI: Early table checksum verification disabled
[    0.000000] ACPI: RSDP 0x00000000000E0000 000024 (v02 VBOX  )
[    0.000000] ACPI: XSDT 0x000000001FFF0030 00003C (v01 VBOX   VBOXXSDT 00000001 ASL  00000061)
[    0.000000] ACPI: FACP 0x000000001FFF00F0 0000F4 (v04 VBOX   VBOXFACP 00000001 ASL  00000061)
[    0.000000] ACPI: DSDT 0x000000001FFF0610 002353 (v02 VBOX   VBOXBIOS 00000002 INTL 20100528)
[    0.000000] ACPI: FACS 0x000000001FFF0200 000040
[    0.000000] ACPI: FACS 0x000000001FFF0200 000040
[    0.000000] ACPI: APIC 0x000000001FFF0240 00005C (v02 VBOX   VBOXAPIC 00000001 ASL  00000061)
[    0.000000] ACPI: SSDT 0x000000001FFF02A0 00036C (v01 VBOX   VBOXCPUT 00000002 INTL 20100528)
[    0.000000] No NUMA configuration found
[    0.000000] Faking a node at [mem 0x0000000000000000-0x000000001ffeffff]
[    0.000000] NODE_DATA(0) allocated [mem 0x1ffeb000-0x1ffeffff]
[    0.000000] kvm-clock: Using msrs 4b564d01 and 4b564d00
[    0.000000] kvm-clock: cpu 0, msr 0:1ffe3001, primary cpu clock
[    0.000000] kvm-clock: using sched offset of 6278308447 cycles
[    0.000000] clocksource: kvm-clock: mask: 0xffffffffffffffff max_cycles: 0x1cd42e4dffb, max_idle_ns: 881590591483 ns
[    0.000000] Zone ranges:
[    0.000000]   DMA      [mem 0x0000000000001000-0x0000000000ffffff]
[    0.000000]   DMA32    [mem 0x0000000001000000-0x000000001ffeffff]
[    0.000000]   Normal   empty
[    0.000000]   Device   empty
[    0.000000] Movable zone start for each node
[    0.000000] Early memory node ranges
[    0.000000]   node   0: [mem 0x0000000000001000-0x000000000009efff]
[    0.000000]   node   0: [mem 0x0000000000100000-0x000000001ffeffff]
[    0.000000] Initmem setup node 0 [mem 0x0000000000001000-0x000000001ffeffff]
[    0.000000] ACPI: PM-Timer IO Port: 0x4008
[    0.000000] IOAPIC[0]: apic_id 2, version 32, address 0xfec00000, GSI 0-23
[    0.000000] ACPI: INT_SRC_OVR (bus 0 bus_irq 0 global_irq 2 dfl dfl)
[    0.000000] ACPI: INT_SRC_OVR (bus 0 bus_irq 9 global_irq 9 low level)
[    0.000000] Using ACPI (MADT) for SMP configuration information
[    0.000000] smpboot: Allowing 2 CPUs, 0 hotplug CPUs
[    0.000000] PM: Registered nosave memory: [mem 0x00000000-0x00000fff]
[    0.000000] PM: Registered nosave memory: [mem 0x0009f000-0x0009ffff]
[    0.000000] PM: Registered nosave memory: [mem 0x000a0000-0x000effff]
[    0.000000] PM: Registered nosave memory: [mem 0x000f0000-0x000fffff]
[    0.000000] e820: [mem 0x20000000-0xfebfffff] available for PCI devices
[    0.000000] Booting paravirtualized kernel on KVM
[    0.000000] clocksource: refined-jiffies: mask: 0xffffffff max_cycles: 0xffffffff, max_idle_ns: 7645519600211568 ns
[    0.000000] setup_percpu: NR_CPUS:512 nr_cpumask_bits:512 nr_cpu_ids:2 nr_node_ids:1
[    0.000000] PERCPU: Embedded 33 pages/cpu @ffff88001fc00000 s95192 r8192 d31784 u1048576
[    0.000000] Built 1 zonelists in Node order, mobility grouping on.  Total pages: 128888
[    0.000000] Policy zone: DMA32
[    0.000000] Kernel command line: BOOT_IMAGE=/boot/vmlinuz-4.4.0-210-generic root=LABEL=cloudimg-rootfs ro console=tty1 console=ttyS0
[    0.000000] PID hash table entries: 2048 (order: 2, 16384 bytes)
[    0.000000] Memory: 481712K/523832K available (8644K kernel code, 1332K rwdata, 4044K rodata, 1492K init, 1164K bss, 42120K reserved, 0K cma-reserved)
[    0.000000] SLUB: HWalign=64, Order=0-3, MinObjects=0, CPUs=2, Nodes=1
[    0.000000] Kernel/User page tables isolation: enabled
[    0.000000] Hierarchical RCU implementation.
[    0.000000] 	Build-time adjustment of leaf fanout to 64.
[    0.000000] 	RCU restricting CPUs from NR_CPUS=512 to nr_cpu_ids=2.
[    0.000000] RCU: Adjusting geometry for rcu_fanout_leaf=64, nr_cpu_ids=2
[    0.000000] NR_IRQS:33024 nr_irqs:440 16
[    0.000000] Console: colour VGA+ 80x25
[    0.000000] console [tty1] enabled
[    0.000000] console [ttyS0] enabled
[    0.000000] tsc: Detected 1991.998 MHz processor
[    3.050435] Calibrating delay loop (skipped) preset value.. 3983.99 BogoMIPS (lpj=7967992)
[    3.106642] pid_max: default: 32768 minimum: 301
[    3.149201] ACPI: Core revision 20150930
[    3.186157] ACPI: 2 ACPI AML tables successfully acquired and loaded
[    3.234625] Security Framework initialized
[    3.263215] Yama: becoming mindful.
[    3.287530] AppArmor: AppArmor initialized
[    3.315600] Dentry cache hash table entries: 65536 (order: 7, 524288 bytes)
[    3.359385] Inode-cache hash table entries: 32768 (order: 6, 262144 bytes)
[    3.414041] Mount-cache hash table entries: 1024 (order: 1, 8192 bytes)
[    3.462338] Mountpoint-cache hash table entries: 1024 (order: 1, 8192 bytes)
[    3.514793] Initializing cgroup subsys io
[    3.540868] Initializing cgroup subsys memory
[    3.575399] Initializing cgroup subsys devices
[    3.612602] Initializing cgroup subsys freezer
[    3.642849] Initializing cgroup subsys net_cls
[    3.671545] Initializing cgroup subsys perf_event
[    3.698315] Initializing cgroup subsys net_prio
[    3.728670] Initializing cgroup subsys hugetlb
[    3.756309] Initializing cgroup subsys pids
[    3.818744] mce: CPU supports 0 MCE banks
[    3.840575] Last level iTLB entries: 4KB 64, 2MB 8, 4MB 8
[    3.881344] Last level dTLB entries: 4KB 64, 2MB 0, 4MB 0, 1GB 4
[    3.917978] Spectre V1 : Mitigation: usercopy/swapgs barriers and __user pointer sanitization
[    3.967964] Spectre V2 : Mitigation: Full generic retpoline
[    3.999198] Spectre V2 : Spectre v2 / SpectreRSB mitigation: Filling RSB on context switch
[    4.043709] Speculative Store Bypass: Vulnerable
[    4.071116] SRBDS: Unknown: Dependent on hypervisor status
[    4.109144] MDS: Mitigation: Clear CPU buffers
[    4.321275] Freeing SMP alternatives memory: 36K
[    4.672344] ftrace: allocating 32380 entries in 127 pages
[    7.580535] smpboot: APIC(0) Converting physical 0 to logical package 0
[    7.606992] smpboot: Max logical packages: 1
[    7.670421] ..TIMER: vector=0x30 apic1=0 pin1=2 apic2=-1 pin2=-1
[    7.796581] APIC calibration not consistent with PM-Timer: 103ms instead of 100ms
[    7.820050] APIC delta adjusted to PM-Timer: 6297017 (6521699)
[    7.837187] smpboot: CPU0: Intel(R) Core(TM) i7-8550U CPU @ 1.80GHz (family: 0x6, model: 0x8e, stepping: 0xa)
[    7.871158] Performance Events: unsupported p6 CPU model 142 no PMU driver, software events only.
[    8.489491] KVM setup paravirtual spinlock
[    8.507625] x86: Booting SMP configuration:
[    8.523785] .... node  #0, CPUs:      #1
[    8.548100] kvm-clock: cpu 1, msr 0:1ffe3041, secondary cpu clock
[    8.602555] mce: CPU supports 0 MCE banks
[    8.614064] TSC synchronization [CPU#0 -> CPU#1]:
[    8.630204] Measured 108395 cycles TSC warp between CPUs, turning off TSC clock.
[    8.653866] tsc: Marking TSC unstable due to check_tsc_sync_source failed
[    8.687333] x86: Booted up 1 node, 2 CPUs
[    8.704496] smpboot: Total of 2 processors activated (7967.99 BogoMIPS)
[    1.680027] devtmpfs: initialized
[    1.694101] evm: security.selinux
[    1.700015] evm: security.SMACK64
[    1.704013] evm: security.SMACK64EXEC
[    1.708011] evm: security.SMACK64TRANSMUTE
[    1.712013] evm: security.SMACK64MMAP
[    1.716023] evm: security.ima
[    1.720011] evm: security.capability
[    1.728761] clocksource: jiffies: mask: 0xffffffff max_cycles: 0xffffffff, max_idle_ns: 7645041785100000 ns
[    1.824051] futex hash table entries: 512 (order: 3, 32768 bytes)
[    1.860463] pinctrl core: initialized pinctrl subsystem
[    1.889421] RTC time: 23:20:48, date: 11/24/24
[    1.909802] NET: Registered protocol family 16
[    1.936033] cpuidle: using governor ladder
[    1.964041] cpuidle: using governor menu
[    1.984042] PCCT header not found.
[    2.000498] ACPI: bus type PCI registered
[    2.020013] acpiphp: ACPI Hot Plug PCI Controller Driver version: 0.5
[    2.042004] PCI: Using configuration type 1 for base access
[    2.092584] ACPI: Added _OSI(Module Device)
[    2.112012] ACPI: Added _OSI(Processor Device)
[    2.132017] ACPI: Added _OSI(3.0 _SCP Extensions)
[    2.152017] ACPI: Added _OSI(Processor Aggregator Device)
[    2.189503] ACPI: Executed 1 blocks of module-level executable AML code
[    2.248353] ACPI: Interpreter enabled
[    2.268047] ACPI: (supports S0 S5)
[    2.288185] ACPI: Using IOAPIC for interrupt routing
[    2.321067] PCI: Using host bridge windows from ACPI; if necessary, use "pci=nocrs" and report a bug
[    2.398893] ACPI: PCI Root Bridge [PCI0] (domain 0000 [bus 00-ff])
[    2.432034] acpi PNP0A03:00: _OSC: OS supports [ASPM ClockPM Segments MSI]
[    2.485882] acpi PNP0A03:00: _OSC: not requesting OS control; OS requires [ExtendedConfig ASPM ClockPM MSI]
[    2.556051] acpi PNP0A03:00: fail to add MMCONFIG information, can't access extended PCI configuration space under this bridge.
[    2.624265] PCI host bridge to bus 0000:00
[    2.664022] pci_bus 0000:00: root bus resource [io  0x0000-0x0cf7 window]
[    2.716027] pci_bus 0000:00: root bus resource [io  0x0d00-0xffff window]
[    2.764024] pci_bus 0000:00: root bus resource [mem 0x000a0000-0x000bffff window]
[    2.812028] pci_bus 0000:00: root bus resource [mem 0x20000000-0xfdffffff window]
[    2.860035] pci_bus 0000:00: root bus resource [bus 00-ff]
[    2.960330] pci 0000:00:01.1: legacy IDE quirk: reg 0x10: [io  0x01f0-0x01f7]
[    3.004029] pci 0000:00:01.1: legacy IDE quirk: reg 0x14: [io  0x03f6]
[    3.064022] pci 0000:00:01.1: legacy IDE quirk: reg 0x18: [io  0x0170-0x0177]
[    3.132025] pci 0000:00:01.1: legacy IDE quirk: reg 0x1c: [io  0x0376]
