[    0.000000] Linux version 4.15.0-213-generic (buildd@lcy02-amd64-079) (gcc version 7.5.0 (Ubuntu 7.5.0-3ubuntu1~18.04)) #224-Ubuntu SMP Mon Jun 19 13:30:12 UTC 2023 (Ubuntu 4.15.0-213.224-generic 4.15.18)
[    0.000000] Command line: BOOT_IMAGE=/boot/vmlinuz-4.15.0-213-generic root=UUID=f685bb41-0e3b-40c4-89c1-eea0f0583525 ro console=tty1 console=ttyS0
[    0.000000] KERNEL supported cpus:
[    0.000000]   Intel GenuineIntel
[    0.000000]   AMD AuthenticAMD
[    0.000000]   Centaur CentaurHauls
[    0.000000] x86/fpu: x87 FPU will use FXSAVE
[    0.000000] e820: BIOS-provided physical RAM map:
[    0.000000] BIOS-e820: [mem 0x0000000000000000-0x000000000009fbff] usable
[    0.000000] BIOS-e820: [mem 0x000000000009fc00-0x000000000009ffff] reserved
[    0.000000] BIOS-e820: [mem 0x00000000000f0000-0x00000000000fffff] reserved
[    0.000000] BIOS-e820: [mem 0x0000000000100000-0x00000000bffeffff] usable
[    0.000000] BIOS-e820: [mem 0x00000000bfff0000-0x00000000bfffffff] ACPI data
[    0.000000] BIOS-e820: [mem 0x00000000fec00000-0x00000000fec00fff] reserved
[    0.000000] BIOS-e820: [mem 0x00000000fee00000-0x00000000fee00fff] reserved
[    0.000000] BIOS-e820: [mem 0x00000000fffc0000-0x00000000ffffffff] reserved
[    0.000000] NX (Execute Disable) protection: active
[    0.000000] SMBIOS 2.5 present.
[    0.000000] DMI: innotek GmbH VirtualBox/VirtualBox, BIOS VirtualBox 12/01/2006
[    0.000000] Hypervisor detected: KVM
[    0.000000] e820: last_pfn = 0xbfff0 max_arch_pfn = 0x400000000
[    0.000000] MTRR: Disabled
[    0.000000] x86/PAT: MTRRs disabled, skipping PAT initialization too.
[    0.000000] CPU MTRRs all blank - virtualized system.
[    0.000000] x86/PAT: Configuration [0-7]: WB  WT  UC- UC  WB  WT  UC- UC  
[    0.000000] found SMP MP-table at [mem 0x0009fff0-0x0009ffff]
[    0.000000] Scanning 1 areas for low memory corruption
[    0.000000] RAMDISK: [mem 0x35819000-0x36c03fff]
[    0.000000] ACPI: Early table checksum verification disabled
[    0.000000] ACPI: RSDP 0x00000000000E0000 000024 (v02 VBOX  )
[    0.000000] ACPI: XSDT 0x00000000BFFF0030 00003C (v01 VBOX   VBOXXSDT 00000001 ASL  00000061)
[    0.000000] ACPI: FACP 0x00000000BFFF00F0 0000F4 (v04 VBOX   VBOXFACP 00000001 ASL  00000061)
[    0.000000] ACPI: DSDT 0x00000000BFFF0610 002353 (v02 VBOX   VBOXBIOS 00000002 INTL 20100528)
[    0.000000] ACPI: FACS 0x00000000BFFF0200 000040
[    0.000000] ACPI: FACS 0x00000000BFFF0200 000040
[    0.000000] ACPI: APIC 0x00000000BFFF0240 00005C (v02 VBOX   VBOXAPIC 00000001 ASL  00000061)
[    0.000000] ACPI: SSDT 0x00000000BFFF02A0 00036C (v01 VBOX   VBOXCPUT 00000002 INTL 20100528)
[    0.000000] ACPI: Reserving FACP table memory at [mem 0xbfff00f0-0xbfff01e3]
[    0.000000] ACPI: Reserving DSDT table memory at [mem 0xbfff0610-0xbfff2962]
[    0.000000] ACPI: Reserving FACS table memory at [mem 0xbfff0200-0xbfff023f]
[    0.000000] ACPI: Reserving FACS table memory at [mem 0xbfff0200-0xbfff023f]
[    0.000000] ACPI: Reserving APIC table memory at [mem 0xbfff0240-0xbfff029b]
[    0.000000] ACPI: Reserving SSDT table memory at [mem 0xbfff02a0-0xbfff060b]
[    0.000000] No NUMA configuration found
[    0.000000] Faking a node at [mem 0x0000000000000000-0x00000000bffeffff]
[    0.000000] NODE_DATA(0) allocated [mem 0xbffc5000-0xbffeffff]
[    0.000000] kvm-clock: cpu 0, msr 0:bff44001, primary cpu clock
[    0.000000] kvm-clock: Using msrs 4b564d01 and 4b564d00
[    0.000000] kvm-clock: using sched offset of 5254264954 cycles
[    0.000000] clocksource: kvm-clock: mask: 0xffffffffffffffff max_cycles: 0x1cd42e4dffb, max_idle_ns: 881590591483 ns
[    0.000000] Zone ranges:
[    0.000000]   DMA      [mem 0x0000000000001000-0x0000000000ffffff]
[    0.000000]   DMA32    [mem 0x0000000001000000-0x00000000bffeffff]
[    0.000000]   Normal   empty
[    0.000000]   Device   empty
[    0.000000] Movable zone start for each node
[    0.000000] Early memory node ranges
[    0.000000]   node   0: [mem 0x0000000000001000-0x000000000009efff]
[    0.000000]   node   0: [mem 0x0000000000100000-0x00000000bffeffff]
[    0.000000] Reserved but unavailable: 104 pages
[    0.000000] Initmem setup node 0 [mem 0x0000000000001000-0x00000000bffeffff]
[    0.000000] ACPI: PM-Timer IO Port: 0x4008
[    0.000000] IOAPIC[0]: apic_id 2, version 32, address 0xfec00000, GSI 0-23
[    0.000000] ACPI: INT_SRC_OVR (bus 0 bus_irq 0 global_irq 2 dfl dfl)
[    0.000000] ACPI: INT_SRC_OVR (bus 0 bus_irq 9 global_irq 9 low level)
[    0.000000] Using ACPI (MADT) for SMP configuration information
[    0.000000] smpboot: Allowing 2 CPUs, 0 hotplug CPUs
[    0.000000] PM: Registered nosave memory: [mem 0x00000000-0x00000fff]
[    0.000000] PM: Registered nosave memory: [mem 0x0009f000-0x0009ffff]
[    0.000000] PM: Registered nosave memory: [mem 0x000a0000-0x000effff]
[    0.000000] PM: Registered nosave memory: [mem 0x000f0000-0x000fffff]
[    0.000000] e820: [mem 0xc0000000-0xfebfffff] available for PCI devices
[    0.000000] Booting paravirtualized kernel on KVM
[    0.000000] clocksource: refined-jiffies: mask: 0xffffffff max_cycles: 0xffffffff, max_idle_ns: 7645519600211568 ns
[    0.000000] setup_percpu: NR_CPUS:8192 nr_cpumask_bits:2 nr_cpu_ids:2 nr_node_ids:1
[    0.000000] percpu: Embedded 50 pages/cpu s167936 r8192 d28672 u1048576
[    0.000000] PV qspinlock hash table entries: 256 (order: 0, 4096 bytes)
[    0.000000] Built 1 zonelists, mobility grouping on.  Total pages: 774009
[    0.000000] Policy zone: DMA32
[    0.000000] Kernel command line: BOOT_IMAGE=/boot/vmlinuz-4.15.0-213-generic root=UUID=f685bb41-0e3b-40c4-89c1-eea0f0583525 ro console=tty1 console=ttyS0
[    0.000000] Memory: 3046160K/3145272K available (12300K kernel code, 2477K rwdata, 4324K rodata, 2480K init, 2720K bss, 99112K reserved, 0K cma-reserved)
[    0.000000] SLUB: HWalign=64, Order=0-3, MinObjects=0, CPUs=2, Nodes=1
[    0.000000] Kernel/User page tables isolation: enabled
[    0.000000] ftrace: allocating 39508 entries in 155 pages
[    0.004000] Hierarchical RCU implementation.
[    0.004000] 	RCU restricting CPUs from NR_CPUS=8192 to nr_cpu_ids=2.
[    0.004000] 	Tasks RCU enabled.
[    0.004000] RCU: Adjusting geometry for rcu_fanout_leaf=16, nr_cpu_ids=2
[    0.004000] NR_IRQS: 524544, nr_irqs: 440, preallocated irqs: 16
[    0.004000] random: crng init done
[    0.004000] Console: colour VGA+ 80x25
[    0.004000] console [tty1] enabled
[    0.004000] console [ttyS0] enabled
[    0.004000] ACPI: Core revision 20170831
[    0.004000] ACPI: 2 ACPI AML tables successfully acquired and loaded
[    0.004000] APIC: Switch to symmetric I/O mode setup
[    0.004000] ..TIMER: vector=0x30 apic1=0 pin1=2 apic2=-1 pin2=-1
[    0.004012] tsc: Detected 1991.999 MHz processor
[    0.008024] Calibrating delay loop (skipped) preset value.. 3983.99 BogoMIPS (lpj=7967996)
[    0.012012] pid_max: default: 32768 minimum: 301
[    0.016074] Security Framework initialized
[    0.020011] Yama: becoming mindful.
[    0.024055] AppArmor: AppArmor initialized
[    0.048627] Dentry cache hash table entries: 524288 (order: 10, 4194304 bytes)
[    0.077639] Inode-cache hash table entries: 262144 (order: 9, 2097152 bytes)
[    0.080755] Mount-cache hash table entries: 8192 (order: 4, 65536 bytes)
[    0.084714] Mountpoint-cache hash table entries: 8192 (order: 4, 65536 bytes)
[    0.093617] Last level iTLB entries: 4KB 64, 2MB 8, 4MB 8
[    0.096006] Last level dTLB entries: 4KB 64, 2MB 0, 4MB 0, 1GB 4
[    0.100009] Spectre V1 : Mitigation: usercopy/swapgs barriers and __user pointer sanitization
[    0.104007] Spectre V2 : Mitigation: Retpolines
[    0.108005] Spectre V2 : Spectre v2 / SpectreRSB mitigation: Filling RSB on context switch
[    0.112006] Spectre V2 : Spectre v2 / SpectreRSB : Filling RSB on VMEXIT
[    0.116007] RETBleed: WARNING: Spectre v2 mitigation leaves CPU vulnerable to RETBleed attacks, data leaks possible!
[    0.120009] RETBleed: Vulnerable
[    0.124007] Speculative Store Bypass: Vulnerable
[    0.128230] MDS: Mitigation: Clear CPU buffers
[    0.132007] MMIO Stale Data: Mitigation: Clear CPU buffers
[    0.136007] SRBDS: Unknown: Dependent on hypervisor status
[    0.140319] Freeing SMP alternatives memory: 36K
[    0.263389] smpboot: CPU0: Intel(R) Core(TM) i7-8550U CPU @ 1.80GHz (family: 0x6, model: 0x8e, stepping: 0xa)
[    0.265048] Performance Events: unsupported p6 CPU model 142 no PMU driver, software events only.
[    0.268233] Hierarchical SRCU implementation.
[    0.276452] NMI watchdog: Perf event create on CPU 0 failed with -2
[    0.280152] NMI watchdog: Perf NMI watchdog permanently disabled
[    0.284837] smp: Bringing up secondary CPUs ...
[    0.290253] x86: Booting SMP configuration:
[    0.292007] .... node  #0, CPUs:      #1
[    0.004000] kvm-clock: cpu 1, msr 0:bff44041, secondary cpu clock
[    0.319207] TSC synchronization [CPU#0 -> CPU#1]:
[    0.320000] Measured 70728 cycles TSC warp between CPUs, turning off TSC clock.
[    0.320000] tsc: Marking TSC unstable due to check_tsc_sync_source failed
[    0.324386] smp: Brought up 1 node, 2 CPUs
[    0.328012] smpboot: Max logical packages: 1
[    0.332007] smpboot: Total of 2 processors activated (7967.99 BogoMIPS)
[    0.344157] devtmpfs: initialized
[    0.348232] x86/mm: Memory block size: 128MB
[    0.356277] evm: security.selinux
[    0.360005] evm: security.SMACK64
[    0.364004] evm: security.SMACK64EXEC
[    0.368004] evm: security.SMACK64TRANSMUTE
[    0.372005] evm: security.SMACK64MMAP
[    0.376005] evm: security.apparmor
[    0.380004] evm: security.ima
[    0.384005] evm: security.capability
[    0.392236] clocksource: jiffies: mask: 0xffffffff max_cycles: 0xffffffff, max_idle_ns: 7645041785100000 ns
[    0.396017] futex hash table entries: 512 (order: 3, 32768 bytes)
[    0.400458] pinctrl core: initialized pinctrl subsystem
[    0.408534] RTC time: 17:43:27, date: 12/07/24
[    0.414713] NET: Registered protocol family 16
[    0.416354] audit: initializing netlink subsys (disabled)
[    0.420530] audit: type=2000 audit(1733593412.058:1): state=initialized audit_enabled=0 res=1
[    0.452021] cpuidle: using governor ladder
[    0.456026] cpuidle: using governor menu
[    0.460091] ACPI: bus type PCI registered
[    0.464010] acpiphp: ACPI Hot Plug PCI Controller Driver version: 0.5
[    0.469850] PCI: Using configuration type 1 for base access
[    0.488696] HugeTLB registered 2.00 MiB page size, pre-allocated 0 pages
[    0.505105] ACPI: Added _OSI(Module Device)
[    0.508007] ACPI: Added _OSI(Processor Device)
[    0.512006] ACPI: Added _OSI(3.0 _SCP Extensions)
[    0.516008] ACPI: Added _OSI(Processor Aggregator Device)
[    0.520007] ACPI: Added _OSI(Linux-Dell-Video)
[    0.524008] ACPI: Added _OSI(Linux-Lenovo-NV-HDMI-Audio)
[    0.528012] ACPI: Added _OSI(Linux-HPI-Hybrid-Graphics)
[    0.534008] ACPI: Executed 1 blocks of module-level executable AML code
[    0.548000] ACPI: Interpreter enabled
[    0.548028] ACPI: (supports S0 S5)
[    0.552006] ACPI: Using IOAPIC for interrupt routing
[    0.556898] PCI: Using host bridge windows from ACPI; if necessary, use "pci=nocrs" and report a bug
[    0.560675] ACPI: Enabled 2 GPEs in block 00 to 07
[    0.597013] ACPI: PCI Root Bridge [PCI0] (domain 0000 [bus 00-ff])
[    0.600015] acpi PNP0A03:00: _OSC: OS supports [ASPM ClockPM Segments MSI]
[    0.608720] acpi PNP0A03:00: _OSC: not requesting OS control; OS requires [ExtendedConfig ASPM ClockPM MSI]
[    0.612038] acpi PNP0A03:00: fail to add MMCONFIG information, can't access extended PCI configuration space under this bridge.
[    0.620906] PCI host bridge to bus 0000:00
[    0.624009] pci_bus 0000:00: root bus resource [io  0x0000-0x0cf7 window]
[    0.628008] pci_bus 0000:00: root bus resource [io  0x0d00-0xffff window]
[    0.632012] pci_bus 0000:00: root bus resource [mem 0x000a0000-0x000bffff window]
[    0.636008] pci_bus 0000:00: root bus resource [mem 0xc0000000-0xfdffffff window]
[    0.640011] pci_bus 0000:00: root bus resource [bus 00-ff]
[    0.659200] pci 0000:00:01.1: legacy IDE quirk: reg 0x10: [io  0x01f0-0x01f7]
[    0.660008] pci 0000:00:01.1: legacy IDE quirk: reg 0x14: [io  0x03f6]
[    0.664009] pci 0000:00:01.1: legacy IDE quirk: reg 0x18: [io  0x0170-0x0177]
[    0.668008] pci 0000:00:01.1: legacy IDE quirk: reg 0x1c: [io  0x0376]
[    0.725610] pci 0000:00:07.0: quirk: [io  0x4000-0x403f] claimed by PIIX4 ACPI
[    0.728103] pci 0000:00:07.0: quirk: [io  0x4100-0x410f] claimed by PIIX4 SMB
[    0.762642] ACPI: PCI Interrupt Link [LNKA] (IRQs 5 9 10 *11)
[    0.765224] ACPI: PCI Interrupt Link [LNKB] (IRQs 5 9 *10 11)
[    0.768469] ACPI: PCI Interrupt Link [LNKC] (IRQs 5 *9 10 11)
[    0.772452] ACPI: PCI Interrupt Link [LNKD] (IRQs 5 9 10 *11)
[    0.777685] SCSI subsystem initialized
[    0.784245] pci 0000:00:02.0: vgaarb: setting as boot VGA device
[    0.788000] pci 0000:00:02.0: vgaarb: VGA device added: decodes=io+mem,owns=io+mem,locks=none
[    0.788015] pci 0000:00:02.0: vgaarb: bridge control possible
[    0.792005] vgaarb: loaded
[    0.796194] ACPI: bus type USB registered
[    0.804045] usbcore: registered new interface driver usbfs
[    0.808087] usbcore: registered new interface driver hub
[    0.812021] usbcore: registered new device driver usb
[    0.820018] EDAC MC: Ver: 3.0.0
[    0.832455] PCI: Using ACPI for IRQ routing
[    0.838207] NetLabel: Initializing
[    0.840006] NetLabel:  domain hash size = 128
[    0.844004] NetLabel:  protocols = UNLABELED CIPSOv4 CALIPSO
[    0.848039] NetLabel:  unlabeled traffic allowed by default
[    0.852476] clocksource: Switched to clocksource kvm-clock
[    0.883139] VFS: Disk quotas dquot_6.6.0
[    0.883139] VFS: Dquot-cache hash table entries: 512 (order 0, 4096 bytes)
[    0.883139] AppArmor: AppArmor Filesystem Enabled
[    0.883139] pnp: PnP ACPI init
[    0.883139] pnp: PnP ACPI: found 3 devices
[    1.085871] clocksource: acpi_pm: mask: 0xffffff max_cycles: 0xffffff, max_idle_ns: 2085701024 ns
[    1.088273] NET: Registered protocol family 2
[    1.088273] IP idents hash table entries: 65536 (order: 7, 524288 bytes)
[    1.139147] TCP established hash table entries: 32768 (order: 6, 262144 bytes)
[    1.159201] TCP bind hash table entries: 32768 (order: 7, 524288 bytes)
[    1.177492] TCP: Hash tables configured (established 32768 bind 32768)
[    1.177492] UDP hash table entries: 2048 (order: 4, 65536 bytes)
[    1.177492] UDP-Lite hash table entries: 2048 (order: 4, 65536 bytes)
[    1.177492] NET: Registered protocol family 1
[    1.177492] pci 0000:00:00.0: Limiting direct PCI/PCI transfers
[    1.177492] pci 0000:00:01.0: Activating ISA DMA hang workarounds
[    1.177492] pci 0000:00:02.0: Video device with shadowed ROM at [mem 0x000c0000-0x000dffff]
[    1.177492] Unpacking initramfs...
[    2.419616] Freeing initrd memory: 20396K
[    2.428993] clocksource: tsc: mask: 0xffffffffffffffff max_cycles: 0x396d4ffc055, max_idle_ns: 881590662783 ns
[    2.448990] platform rtc_cmos: registered platform RTC device (no PNP device found)
[    2.464792] Scanning for low memory corruption every 60 seconds
[    2.482021] Initialise system trusted keyrings
[    2.492015] Key type blacklist registered
[    2.502171] workingset: timestamp_bits=36 max_order=20 bucket_order=0
[    2.521851] zbud: loaded
[    2.530868] squashfs: version 4.0 (2009/01/31) Phillip Lougher
[    2.545929] fuse init (API version 7.26)
[    2.650676] Key type asymmetric registered
[    2.659353] Asymmetric key parser 'x509' registered
[    2.669444] Block layer SCSI generic (bsg) driver version 0.4 loaded (major 246)
[    2.685344] io scheduler noop registered
[    2.693585] io scheduler deadline registered
[    2.702825] io scheduler cfq registered (default)
[    2.714520] ACPI: AC Adapter [AC] (on-line)
[    2.724101] input: Power Button as /devices/LNXSYSTM:00/LNXPWRBN:00/input/input0
[    2.739737] ACPI: Power Button [PWRF]
[    2.747965] input: Sleep Button as /devices/LNXSYSTM:00/LNXSLPBN:00/input/input1
[    2.762552] ACPI: Sleep Button [SLPF]
[    2.773009] Serial: 8250/16550 driver, 32 ports, IRQ sharing enabled
[    2.776430] ACPI: Battery Slot [BAT0] (battery present)
[    2.825838] 00:02: ttyS0 at I/O 0x3f8 (irq = 4, base_baud = 115200) is a 16550A
[    2.843567] Linux agpgart interface v0.103
[    2.869511] loop: module loaded
[    2.884004] scsi host0: ata_piix
[    2.893691] scsi host1: ata_piix
[    2.901389] ata1: PATA max UDMA/33 cmd 0x1f0 ctl 0x3f6 bmdma 0xd000 irq 14
[    2.905139] ata2: PATA max UDMA/33 cmd 0x170 ctl 0x376 bmdma 0xd008 irq 15
[    2.928328] tun: Universal TUN/TAP device driver, 1.6
[    2.939149] PPP generic driver version 2.4.2
[    2.943016] ehci_hcd: USB 2.0 'Enhanced' Host Controller (EHCI) Driver
[    2.943016] ehci-pci: EHCI PCI platform driver
[    2.943016] ehci-platform: EHCI generic platform driver
[    2.943016] ohci_hcd: USB 1.1 'Open' Host Controller (OHCI) Driver
[    2.943016] ohci-pci: OHCI PCI platform driver
[    2.943016] ohci-platform: OHCI generic platform driver
[    2.943016] uhci_hcd: USB Universal Host Controller Interface driver
[    2.943016] i8042: PNP: PS/2 Controller [PNP0303:PS2K,PNP0f03:PS2M] at 0x60,0x64 irq 1,12
[    3.060922] serio: i8042 KBD port at 0x60,0x64 irq 1
[    3.074238] serio: i8042 AUX port at 0x60,0x64 irq 12
[    3.088822] mousedev: PS/2 mouse device common for all mice
[    3.108529] rtc_cmos rtc_cmos: rtc core: registered rtc_cmos as rtc0
[    3.122943] rtc_cmos rtc_cmos: alarms up to one day, 114 bytes nvram
[    3.136578] i2c /dev entries driver
[    3.145165] device-mapper: uevent: version 1.0.3
[    3.159067] device-mapper: ioctl: 4.37.0-ioctl (2017-09-20) initialised: dm-devel@redhat.com
[    3.221638] ledtrig-cpu: registered to indicate activity on CPUs
[    3.244097] input: AT Translated Set 2 keyboard as /devices/platform/i8042/serio0/input/input2
[    3.269055] NET: Registered protocol family 10
[    3.308624] Segment Routing with IPv6
[    3.321858] NET: Registered protocol family 17
[    3.335398] Key type dns_resolver registered
[    3.353460] mce: Using 0 MCE banks
[    3.365701] RAS: Correctable Errors collector initialized.
[    3.383105] sched_clock: Marking stable (3382962889, 0)->(6251307295, -2868344406)
[    3.416119] registered taskstats version 1
[    3.430257] Loading compiled-in X.509 certificates
[    3.463101] Loaded X.509 cert 'Build time autogenerated kernel key: cdc7189136aaa35407544516090e2034d9c28e14'
[    3.495233] Loaded X.509 cert 'Canonical Ltd. Live Patch Signing: 14df34d1a87cf37625abec039ef2bf521249b969'
[    3.530255] Loaded X.509 cert 'Canonical Ltd. Kernel Module Signing: 88f752e560a1e0737e31163a466ad7b70a850c19'
[    3.556825] blacklist: Loading compiled-in revocation X.509 certificates
[    3.574494] Loaded X.509 cert 'Canonical Ltd. Secure Boot Signing: 61482aa2830d0ab2ad5af10b7250da9033ddcef0'
[    3.600786] Loaded X.509 cert 'Canonical Ltd. Secure Boot Signing (2017): 242ade75ac4a15e50d50c84b0d45ff3eae707a03'
[    3.627264] Loaded X.509 cert 'Canonical Ltd. Secure Boot Signing (ESM 2018): 365188c1d374d6b07c3c8f240f8ef722433d6a8b'
[    3.657012] Loaded X.509 cert 'Canonical Ltd. Secure Boot Signing (2019): c0746fd6c5da3ae827864651ad66ae47fe24b3e8'
[    3.686454] Loaded X.509 cert 'Canonical Ltd. Secure Boot Signing (2021 v1): a8d54bbb3825cfb94fa13c9f8a594a195c107b8d'
[    3.713887] Loaded X.509 cert 'Canonical Ltd. Secure Boot Signing (2021 v2): 4cf046892d6fd3c9a5b03f98d845f90851dc6a8c'
[    3.744762] Loaded X.509 cert 'Canonical Ltd. Secure Boot Signing (2021 v3): 100437bb6de6e469b581e61cd66bce3ef4ed53af'
[    3.773698] Loaded X.509 cert 'Canonical Ltd. Secure Boot Signing (Ubuntu Core 2019): c1d57b8f6b743f23ee41f4f7ee292f06eecadfb9'
[    3.807584] zswap: loaded using pool lzo/zbud
[    3.861294] Key type big_key registered
[    3.874555] Key type trusted registered
[    3.903606] Key type encrypted registered
[    3.916756] AppArmor: AppArmor sha1 policy hashing enabled
[    3.933458] ima: No TPM chip found, activating TPM-bypass! (rc=-19)
[    3.953231] ima: Allocated hash algorithm: sha1
[    3.969674] evm: HMAC attrs: 0x1
[    3.982676]   Magic number: 4:52:744
[    3.993189]   hash matches /build/linux-Mw5WOx/linux-4.15.0/drivers/base/power/main.c:647
[    4.018667]   hash matches /build/linux-Mw5WOx/linux-4.15.0/drivers/base/power/main.c:599
[    4.047776] rtc_cmos rtc_cmos: setting system clock to 2024-12-07 17:43:31 UTC (1733593411)
[    4.076889] BIOS EDD facility v0.16 2004-Jun-25, 0 devices found
[    4.093511] EDD information not available.
[    4.117758] Freeing unused kernel image memory: 2480K
[    4.300630] Write protecting the kernel read-only data: 20480k
[    4.317633] Freeing unused kernel image memory: 2008K
[    4.330368] Freeing unused kernel image memory: 1820K
[    4.353378] x86/mm: Checked W+X mappings: passed, no W+X pages found.
[    4.367503] x86/mm: Checking user space page tables
[    4.389692] x86/mm: Checked W+X mappings: passed, no W+X pages found.
Loading, please wait...
starting version 237
[    4.646520] e1000: Intel(R) PRO/1000 Network Driver - version 7.3.21-k8-NAPI
[    4.664786] e1000: Copyright (c) 1999-2006 Intel Corporation.
[    4.695759] Fusion MPT base driver 3.04.20
[    4.705472] Copyright (c) 1999-2008 LSI Corporation
[    4.800567] Fusion MPT SPI Host driver 3.04.20
[    4.817210] SSE version of gcm_enc/dec engaged.
[    5.058422] input: ImExPS/2 Generic Explorer Mouse as /devices/platform/i8042/serio1/input/input4
[    6.114660] e1000 0000:00:03.0 eth0: (PCI:33MHz:32-bit) 02:3b:7b:b7:3b:2d
[    6.126741] e1000 0000:00:03.0 eth0: Intel(R) PRO/1000 Network Connection
[    6.144970] mptbase: ioc0: Initiating bringup
[    6.896716] ioc0: LSI53C1030 A0: Capabilities={Initiator}
[    7.972366] scsi host2: ioc0: LSI53C1030 A0, FwRev=00000000h, Ports=1, MaxQ=256, IRQ=20
[    8.375295] scsi 2:0:0:0: Direct-Access     VBOX     HARDDISK         1.0  PQ: 0 ANSI: 5
[    8.425188] scsi target2:0:0: Beginning Domain Validation
[    8.454513] scsi target2:0:0: Domain Validation skipping write tests
[    8.470647] scsi target2:0:0: Ending Domain Validation
[    8.486643] scsi target2:0:0: asynchronous
[    8.504540] scsi 2:0:1:0: Direct-Access     VBOX     HARDDISK         1.0  PQ: 0 ANSI: 5
[    8.852479] scsi target2:0:1: Beginning Domain Validation
[    8.888952] scsi target2:0:1: Domain Validation skipping write tests
[    8.910388] scsi target2:0:1: Ending Domain Validation
[    8.927206] scsi target2:0:1: asynchronous
[    8.967668] sd 2:0:0:0: Attached scsi generic sg0 type 0
[    8.983940] sd 2:0:1:0: [sdb] 20480 512-byte logical blocks: (10.5 MB/10.0 MiB)
[    9.005596] sd 2:0:1:0: Attached scsi generic sg1 type 0
[    9.023641] sd 2:0:0:0: [sda] 83886080 512-byte logical blocks: (42.9 GB/40.0 GiB)
[    9.056840] sd 2:0:1:0: [sdb] Write Protect is off
[    9.073063] sd 2:0:1:0: [sdb] Incomplete mode parameter data
[    9.089582] sd 2:0:1:0: [sdb] Assuming drive cache: write through
[    9.108161] sd 2:0:0:0: [sda] Write Protect is off
[    9.123518] sd 2:0:0:0: [sda] Incomplete mode parameter data
[    9.142046] sd 2:0:0:0: [sda] Assuming drive cache: write through
[    9.192137]  sda: sda1
[    9.202023] sd 2:0:1:0: [sdb] Attached SCSI disk
[    9.220620] sd 2:0:0:0: [sda] Attached SCSI disk
[    9.854260] e1000 0000:00:08.0 eth1: (PCI:33MHz:32-bit) 08:00:27:a0:fd:dc
[    9.872940] e1000 0000:00:08.0 eth1: Intel(R) PRO/1000 Network Connection
[   10.967783] e1000 0000:00:09.0 eth2: (PCI:33MHz:32-bit) 08:00:27:e2:c4:a1
[   10.981624] e1000 0000:00:09.0 eth2: Intel(R) PRO/1000 Network Connection
[   10.999078] e1000 0000:00:08.0 enp0s8: renamed from eth1
