[    0.000000] Linux version 4.15.0-213-generic (buildd@lcy02-amd64-079) (gcc version 7.5.0 (Ubuntu 7.5.0-3ubuntu1~18.04)) #224-Ubuntu SMP Mon Jun 19 13:30:12 UTC 2023 (Ubuntu 4.15.0-213.224-generic 4.15.18)
[    0.000000] Command line: BOOT_IMAGE=/boot/vmlinuz-4.15.0-213-generic root=UUID=f685bb41-0e3b-40c4-89c1-eea0f0583525 ro console=tty1 console=ttyS0
[    0.000000] KERNEL supported cpus:
[    0.000000]   Intel GenuineIntel
[    0.000000]   AMD AuthenticAMD
[    0.000000]   Centaur CentaurHauls
[    0.000000] x86/fpu: x87 FPU will use FXSAVE
[    0.000000] e820: BIOS-provided physical RAM map:
[    0.000000] BIOS-e820: [mem 0x0000000000000000-0x000000000009fbff] usable
[    0.000000] BIOS-e820: [mem 0x000000000009fc00-0x000000000009ffff] reserved
[    0.000000] BIOS-e820: [mem 0x00000000000f0000-0x00000000000fffff] reserved
[    0.000000] BIOS-e820: [mem 0x0000000000100000-0x00000000bffeffff] usable
[    0.000000] BIOS-e820: [mem 0x00000000bfff0000-0x00000000bfffffff] ACPI data
[    0.000000] BIOS-e820: [mem 0x00000000fec00000-0x00000000fec00fff] reserved
[    0.000000] BIOS-e820: [mem 0x00000000fee00000-0x00000000fee00fff] reserved
[    0.000000] BIOS-e820: [mem 0x00000000fffc0000-0x00000000ffffffff] reserved
[    0.000000] NX (Execute Disable) protection: active
[    0.000000] SMBIOS 2.5 present.
[    0.000000] DMI: innotek GmbH VirtualBox/VirtualBox, BIOS VirtualBox 12/01/2006
[    0.000000] Hypervisor detected: KVM
[    0.000000] e820: last_pfn = 0xbfff0 max_arch_pfn = 0x400000000
[    0.000000] MTRR: Disabled
[    0.000000] x86/PAT: MTRRs disabled, skipping PAT initialization too.
[    0.000000] CPU MTRRs all blank - virtualized system.
[    0.000000] x86/PAT: Configuration [0-7]: WB  WT  UC- UC  WB  WT  UC- UC  
[    0.000000] found SMP MP-table at [mem 0x0009fff0-0x0009ffff]
[    0.000000] Scanning 1 areas for low memory corruption
[    0.000000] RAMDISK: [mem 0x35819000-0x36c03fff]
[    0.000000] ACPI: Early table checksum verification disabled
[    0.000000] ACPI: RSDP 0x00000000000E0000 000024 (v02 VBOX  )
[    0.000000] ACPI: XSDT 0x00000000BFFF0030 00003C (v01 VBOX   VBOXXSDT 00000001 ASL  00000061)
[    0.000000] ACPI: FACP 0x00000000BFFF00F0 0000F4 (v04 VBOX   VBOXFACP 00000001 ASL  00000061)
[    0.000000] ACPI: DSDT 0x00000000BFFF0610 002353 (v02 VBOX   VBOXBIOS 00000002 INTL 20100528)
[    0.000000] ACPI: FACS 0x00000000BFFF0200 000040
[    0.000000] ACPI: FACS 0x00000000BFFF0200 000040
[    0.000000] ACPI: APIC 0x00000000BFFF0240 00005C (v02 VBOX   VBOXAPIC 00000001 ASL  00000061)
[    0.000000] ACPI: SSDT 0x00000000BFFF02A0 00036C (v01 VBOX   VBOXCPUT 00000002 INTL 20100528)
[    0.000000] ACPI: Reserving FACP table memory at [mem 0xbfff00f0-0xbfff01e3]
[    0.000000] ACPI: Reserving DSDT table memory at [mem 0xbfff0610-0xbfff2962]
[    0.000000] ACPI: Reserving FACS table memory at [mem 0xbfff0200-0xbfff023f]
[    0.000000] ACPI: Reserving FACS table memory at [mem 0xbfff0200-0xbfff023f]
[    0.000000] ACPI: Reserving APIC table memory at [mem 0xbfff0240-0xbfff029b]
[    0.000000] ACPI: Reserving SSDT table memory at [mem 0xbfff02a0-0xbfff060b]
[    0.000000] No NUMA configuration found
[    0.000000] Faking a node at [mem 0x0000000000000000-0x00000000bffeffff]
[    0.000000] NODE_DATA(0) allocated [mem 0xbffc5000-0xbffeffff]
[    0.000000] kvm-clock: cpu 0, msr 0:bff44001, primary cpu clock
[    0.000000] kvm-clock: Using msrs 4b564d01 and 4b564d00
[    0.000000] kvm-clock: using sched offset of 5569470289 cycles
[    0.000000] clocksource: kvm-clock: mask: 0xffffffffffffffff max_cycles: 0x1cd42e4dffb, max_idle_ns: 881590591483 ns
[    0.000000] Zone ranges:
[    0.000000]   DMA      [mem 0x0000000000001000-0x0000000000ffffff]
[    0.000000]   DMA32    [mem 0x0000000001000000-0x00000000bffeffff]
[    0.000000]   Normal   empty
[    0.000000]   Device   empty
[    0.000000] Movable zone start for each node
[    0.000000] Early memory node ranges
[    0.000000]   node   0: [mem 0x0000000000001000-0x000000000009efff]
[    0.000000]   node   0: [mem 0x0000000000100000-0x00000000bffeffff]
[    0.000000] Reserved but unavailable: 104 pages
[    0.000000] Initmem setup node 0 [mem 0x0000000000001000-0x00000000bffeffff]
[    0.000000] ACPI: PM-Timer IO Port: 0x4008
[    0.000000] IOAPIC[0]: apic_id 2, version 32, address 0xfec00000, GSI 0-23
[    0.000000] ACPI: INT_SRC_OVR (bus 0 bus_irq 0 global_irq 2 dfl dfl)
[    0.000000] ACPI: INT_SRC_OVR (bus 0 bus_irq 9 global_irq 9 low level)
[    0.000000] Using ACPI (MADT) for SMP configuration information
[    0.000000] smpboot: Allowing 2 CPUs, 0 hotplug CPUs
[    0.000000] PM: Registered nosave memory: [mem 0x00000000-0x00000fff]
[    0.000000] PM: Registered nosave memory: [mem 0x0009f000-0x0009ffff]
[    0.000000] PM: Registered nosave memory: [mem 0x000a0000-0x000effff]
[    0.000000] PM: Registered nosave memory: [mem 0x000f0000-0x000fffff]
[    0.000000] e820: [mem 0xc0000000-0xfebfffff] available for PCI devices
[    0.000000] Booting paravirtualized kernel on KVM
[    0.000000] clocksource: refined-jiffies: mask: 0xffffffff max_cycles: 0xffffffff, max_idle_ns: 7645519600211568 ns
[    0.000000] setup_percpu: NR_CPUS:8192 nr_cpumask_bits:2 nr_cpu_ids:2 nr_node_ids:1
[    0.000000] percpu: Embedded 50 pages/cpu s167936 r8192 d28672 u1048576
[    0.000000] PV qspinlock hash table entries: 256 (order: 0, 4096 bytes)
[    0.000000] Built 1 zonelists, mobility grouping on.  Total pages: 774009
[    0.000000] Policy zone: DMA32
[    0.000000] Kernel command line: BOOT_IMAGE=/boot/vmlinuz-4.15.0-213-generic root=UUID=f685bb41-0e3b-40c4-89c1-eea0f0583525 ro console=tty1 console=ttyS0
[    0.000000] Memory: 3046160K/3145272K available (12300K kernel code, 2477K rwdata, 4324K rodata, 2480K init, 2720K bss, 99112K reserved, 0K cma-reserved)
[    0.000000] SLUB: HWalign=64, Order=0-3, MinObjects=0, CPUs=2, Nodes=1
[    0.000000] Kernel/User page tables isolation: enabled
[    0.000000] ftrace: allocating 39508 entries in 155 pages
[    0.004000] Hierarchical RCU implementation.
[    0.004000] 	RCU restricting CPUs from NR_CPUS=8192 to nr_cpu_ids=2.
[    0.004000] 	Tasks RCU enabled.
[    0.004000] RCU: Adjusting geometry for rcu_fanout_leaf=16, nr_cpu_ids=2
[    0.004000] NR_IRQS: 524544, nr_irqs: 440, preallocated irqs: 16
[    0.004000] random: crng init done
[    0.004000] Console: colour VGA+ 80x25
[    0.004000] console [tty1] enabled
[    0.004000] console [ttyS0] enabled
[    0.004000] ACPI: Core revision 20170831
[    0.004000] ACPI: 2 ACPI AML tables successfully acquired and loaded
[    0.004000] APIC: Switch to symmetric I/O mode setup
[    0.008000] ..TIMER: vector=0x30 apic1=0 pin1=2 apic2=-1 pin2=-1
[    0.008010] tsc: Detected 1991.999 MHz processor
[    0.012017] Calibrating delay loop (skipped) preset value.. 3983.99 BogoMIPS (lpj=7967996)
[    0.016009] pid_max: default: 32768 minimum: 301
[    0.020165] Security Framework initialized
[    0.024006] Yama: becoming mindful.
[    0.028205] AppArmor: AppArmor initialized
[    0.073480] Dentry cache hash table entries: 524288 (order: 10, 4194304 bytes)
[    0.097125] Inode-cache hash table entries: 262144 (order: 9, 2097152 bytes)
[    0.100649] Mount-cache hash table entries: 8192 (order: 4, 65536 bytes)
[    0.104601] Mountpoint-cache hash table entries: 8192 (order: 4, 65536 bytes)
[    0.115381] Last level iTLB entries: 4KB 64, 2MB 8, 4MB 8
[    0.116006] Last level dTLB entries: 4KB 64, 2MB 0, 4MB 0, 1GB 4
[    0.120008] Spectre V1 : Mitigation: usercopy/swapgs barriers and __user pointer sanitization
[    0.124007] Spectre V2 : Mitigation: Retpolines
[    0.128005] Spectre V2 : Spectre v2 / SpectreRSB mitigation: Filling RSB on context switch
[    0.132005] Spectre V2 : Spectre v2 / SpectreRSB : Filling RSB on VMEXIT
[    0.136005] RETBleed: WARNING: Spectre v2 mitigation leaves CPU vulnerable to RETBleed attacks, data leaks possible!
[    0.140011] RETBleed: Vulnerable
[    0.144005] Speculative Store Bypass: Vulnerable
[    0.148159] MDS: Mitigation: Clear CPU buffers
[    0.152005] MMIO Stale Data: Mitigation: Clear CPU buffers
[    0.156006] SRBDS: Unknown: Dependent on hypervisor status
[    0.160355] Freeing SMP alternatives memory: 36K
[    0.283729] smpboot: CPU0: Intel(R) Core(TM) i7-8550U CPU @ 1.80GHz (family: 0x6, model: 0x8e, stepping: 0xa)
[    0.285077] Performance Events: unsupported p6 CPU model 142 no PMU driver, software events only.
[    0.288260] Hierarchical SRCU implementation.
[    0.294355] NMI watchdog: Perf event create on CPU 0 failed with -2
[    0.296008] NMI watchdog: Perf NMI watchdog permanently disabled
[    0.300760] smp: Bringing up secondary CPUs ...
[    0.309369] x86: Booting SMP configuration:
[    0.312006] .... node  #0, CPUs:      #1
[    0.004000] kvm-clock: cpu 1, msr 0:bff44041, secondary cpu clock
[    0.334844] TSC synchronization [CPU#0 -> CPU#1]:
[    0.336000] Measured 79725 cycles TSC warp between CPUs, turning off TSC clock.
[    0.336000] tsc: Marking TSC unstable due to check_tsc_sync_source failed
[    0.340485] smp: Brought up 1 node, 2 CPUs
[    0.344019] smpboot: Max logical packages: 1
[    0.348018] smpboot: Total of 2 processors activated (7967.99 BogoMIPS)
[    0.360020] devtmpfs: initialized
[    0.364247] x86/mm: Memory block size: 128MB
[    0.369738] evm: security.selinux
[    0.372008] evm: security.SMACK64
[    0.376012] evm: security.SMACK64EXEC
[    0.380008] evm: security.SMACK64TRANSMUTE
[    0.384008] evm: security.SMACK64MMAP
[    0.388005] evm: security.apparmor
[    0.392010] evm: security.ima
[    0.396018] evm: security.capability
[    0.404890] clocksource: jiffies: mask: 0xffffffff max_cycles: 0xffffffff, max_idle_ns: 7645041785100000 ns
[    0.408033] futex hash table entries: 512 (order: 3, 32768 bytes)
[    0.412509] pinctrl core: initialized pinctrl subsystem
[    0.420580] RTC time: 17:52:53, date: 12/07/24
[    0.428398] NET: Registered protocol family 16
[    0.432325] audit: initializing netlink subsys (disabled)
[    0.440064] audit: type=2000 audit(1733593979.598:1): state=initialized audit_enabled=0 res=1
[    0.468013] cpuidle: using governor ladder
[    0.472018] cpuidle: using governor menu
[    0.480086] ACPI: bus type PCI registered
[    0.484006] acpiphp: ACPI Hot Plug PCI Controller Driver version: 0.5
[    0.489274] PCI: Using configuration type 1 for base access
[    0.501071] HugeTLB registered 2.00 MiB page size, pre-allocated 0 pages
[    0.516226] ACPI: Added _OSI(Module Device)
[    0.520010] ACPI: Added _OSI(Processor Device)
[    0.524011] ACPI: Added _OSI(3.0 _SCP Extensions)
[    0.528010] ACPI: Added _OSI(Processor Aggregator Device)
[    0.532011] ACPI: Added _OSI(Linux-Dell-Video)
[    0.536008] ACPI: Added _OSI(Linux-Lenovo-NV-HDMI-Audio)
[    0.540007] ACPI: Added _OSI(Linux-HPI-Hybrid-Graphics)
[    0.548420] ACPI: Executed 1 blocks of module-level executable AML code
[    0.562148] ACPI: Interpreter enabled
[    0.564025] ACPI: (supports S0 S5)
[    0.568007] ACPI: Using IOAPIC for interrupt routing
[    0.572840] PCI: Using host bridge windows from ACPI; if necessary, use "pci=nocrs" and report a bug
[    0.576555] ACPI: Enabled 2 GPEs in block 00 to 07
[    0.604134] ACPI: PCI Root Bridge [PCI0] (domain 0000 [bus 00-ff])
[    0.608013] acpi PNP0A03:00: _OSC: OS supports [ASPM ClockPM Segments MSI]
[    0.613726] acpi PNP0A03:00: _OSC: not requesting OS control; OS requires [ExtendedConfig ASPM ClockPM MSI]
[    0.616033] acpi PNP0A03:00: fail to add MMCONFIG information, can't access extended PCI configuration space under this bridge.
[    0.624277] PCI host bridge to bus 0000:00
[    0.628008] pci_bus 0000:00: root bus resource [io  0x0000-0x0cf7 window]
[    0.632008] pci_bus 0000:00: root bus resource [io  0x0d00-0xffff window]
[    0.636008] pci_bus 0000:00: root bus resource [mem 0x000a0000-0x000bffff window]
[    0.640012] pci_bus 0000:00: root bus resource [mem 0xc0000000-0xfdffffff window]
[    0.644011] pci_bus 0000:00: root bus resource [bus 00-ff]
[    0.666099] pci 0000:00:01.1: legacy IDE quirk: reg 0x10: [io  0x01f0-0x01f7]
[    0.668007] pci 0000:00:01.1: legacy IDE quirk: reg 0x14: [io  0x03f6]
[    0.672007] pci 0000:00:01.1: legacy IDE quirk: reg 0x18: [io  0x0170-0x0177]
[    0.676007] pci 0000:00:01.1: legacy IDE quirk: reg 0x1c: [io  0x0376]
[    0.728721] pci 0000:00:07.0: quirk: [io  0x4000-0x403f] claimed by PIIX4 ACPI
[    0.732082] pci 0000:00:07.0: quirk: [io  0x4100-0x410f] claimed by PIIX4 SMB
[    0.771139] ACPI: PCI Interrupt Link [LNKA] (IRQs 5 9 10 *11)
[    0.777170] ACPI: PCI Interrupt Link [LNKB] (IRQs 5 9 *10 11)
[    0.780459] ACPI: PCI Interrupt Link [LNKC] (IRQs 5 *9 10 11)
[    0.784458] ACPI: PCI Interrupt Link [LNKD] (IRQs 5 9 10 *11)
[    0.792497] SCSI subsystem initialized
[    0.796549] pci 0000:00:02.0: vgaarb: setting as boot VGA device
[    0.800000] pci 0000:00:02.0: vgaarb: VGA device added: decodes=io+mem,owns=io+mem,locks=none
[    0.800012] pci 0000:00:02.0: vgaarb: bridge control possible
[    0.804008] vgaarb: loaded
[    0.808189] ACPI: bus type USB registered
[    0.812034] usbcore: registered new interface driver usbfs
[    0.816081] usbcore: registered new interface driver hub
[    0.820021] usbcore: registered new device driver usb
[    0.824531] EDAC MC: Ver: 3.0.0
[    0.836468] PCI: Using ACPI for IRQ routing
[    0.842113] NetLabel: Initializing
[    0.844004] NetLabel:  domain hash size = 128
[    0.848004] NetLabel:  protocols = UNLABELED CIPSOv4 CALIPSO
[    0.852033] NetLabel:  unlabeled traffic allowed by default
[    0.860429] clocksource: Switched to clocksource kvm-clock
[    0.893599] VFS: Disk quotas dquot_6.6.0
[    0.893599] VFS: Dquot-cache hash table entries: 512 (order 0, 4096 bytes)
[    0.893599] AppArmor: AppArmor Filesystem Enabled
[    0.893599] pnp: PnP ACPI init
[    0.893599] pnp: PnP ACPI: found 3 devices
[    1.121275] clocksource: acpi_pm: mask: 0xffffff max_cycles: 0xffffff, max_idle_ns: 2085701024 ns
[    1.125157] NET: Registered protocol family 2
[    1.125157] IP idents hash table entries: 65536 (order: 7, 524288 bytes)
[    1.168242] TCP established hash table entries: 32768 (order: 6, 262144 bytes)
[    1.172057] TCP bind hash table entries: 32768 (order: 7, 524288 bytes)
[    1.172057] TCP: Hash tables configured (established 32768 bind 32768)
[    1.172057] UDP hash table entries: 2048 (order: 4, 65536 bytes)
[    1.172057] UDP-Lite hash table entries: 2048 (order: 4, 65536 bytes)
[    1.172057] NET: Registered protocol family 1
[    1.172057] pci 0000:00:00.0: Limiting direct PCI/PCI transfers
[    1.265081] pci 0000:00:01.0: Activating ISA DMA hang workarounds
[    1.268833] pci 0000:00:02.0: Video device with shadowed ROM at [mem 0x000c0000-0x000dffff]
[    1.268833] Unpacking initramfs...
[    2.834868] Freeing initrd memory: 20396K
[    2.845005] clocksource: tsc: mask: 0xffffffffffffffff max_cycles: 0x396d4ffc055, max_idle_ns: 881590662783 ns
[    2.866459] platform rtc_cmos: registered platform RTC device (no PNP device found)
[    2.883535] Scanning for low memory corruption every 60 seconds
[    2.902548] Initialise system trusted keyrings
[    2.915143] Key type blacklist registered
[    2.926473] workingset: timestamp_bits=36 max_order=20 bucket_order=0
[    2.947292] zbud: loaded
[    2.958140] squashfs: version 4.0 (2009/01/31) Phillip Lougher
[    2.975309] fuse init (API version 7.26)
[    3.034443] Key type asymmetric registered
[    3.043930] Asymmetric key parser 'x509' registered
[    3.057190] Block layer SCSI generic (bsg) driver version 0.4 loaded (major 246)
[    3.075269] io scheduler noop registered
[    3.085182] io scheduler deadline registered
[    3.095377] io scheduler cfq registered (default)
[    3.108390] ACPI: AC Adapter [AC] (on-line)
[    3.120804] input: Power Button as /devices/LNXSYSTM:00/LNXPWRBN:00/input/input0
[    3.137588] ACPI: Power Button [PWRF]
[    3.146594] input: Sleep Button as /devices/LNXSYSTM:00/LNXSLPBN:00/input/input1
[    3.162123] ACPI: Sleep Button [SLPF]
[    3.175133] ACPI: Battery Slot [BAT0] (battery present)
[    3.188257] Serial: 8250/16550 driver, 32 ports, IRQ sharing enabled
[    3.236751] 00:02: ttyS0 at I/O 0x3f8 (irq = 4, base_baud = 115200) is a 16550A
[    3.304047] Linux agpgart interface v0.103
[    3.344426] loop: module loaded
[    3.361601] scsi host0: ata_piix
[    3.372774] scsi host1: ata_piix
[    3.381365] ata1: PATA max UDMA/33 cmd 0x1f0 ctl 0x3f6 bmdma 0xd000 irq 14
[    3.385087] ata2: PATA max UDMA/33 cmd 0x170 ctl 0x376 bmdma 0xd008 irq 15
[    3.419631] tun: Universal TUN/TAP device driver, 1.6
[    3.433138] PPP generic driver version 2.4.2
[    3.444304] ehci_hcd: USB 2.0 'Enhanced' Host Controller (EHCI) Driver
[    3.458936] ehci-pci: EHCI PCI platform driver
[    3.469344] ehci-platform: EHCI generic platform driver
[    3.484597] ohci_hcd: USB 1.1 'Open' Host Controller (OHCI) Driver
[    3.500119] ohci-pci: OHCI PCI platform driver
[    3.511364] ohci-platform: OHCI generic platform driver
[    3.523422] uhci_hcd: USB Universal Host Controller Interface driver
[    3.538203] i8042: PNP: PS/2 Controller [PNP0303:PS2K,PNP0f03:PS2M] at 0x60,0x64 irq 1,12
[    3.563293] serio: i8042 KBD port at 0x60,0x64 irq 1
[    3.575114] serio: i8042 AUX port at 0x60,0x64 irq 12
[    3.637360] mousedev: PS/2 mouse device common for all mice
[    3.654251] input: AT Translated Set 2 keyboard as /devices/platform/i8042/serio0/input/input2
[    3.677601] rtc_cmos rtc_cmos: rtc core: registered rtc_cmos as rtc0
[    3.697533] rtc_cmos rtc_cmos: alarms up to one day, 114 bytes nvram
[    3.712616] i2c /dev entries driver
[    3.721679] device-mapper: uevent: version 1.0.3
[    3.734526] device-mapper: ioctl: 4.37.0-ioctl (2017-09-20) initialised: dm-devel@redhat.com
[    3.760646] ledtrig-cpu: registered to indicate activity on CPUs
[    3.780376] NET: Registered protocol family 10
[    3.816486] Segment Routing with IPv6
[    3.826124] NET: Registered protocol family 17
[    3.837877] Key type dns_resolver registered
[    3.849311] mce: Using 0 MCE banks
[    3.859687] RAS: Correctable Errors collector initialized.
[    3.875661] sched_clock: Marking stable (3875443142, 0)->(6675062498, -2799619356)
[    3.901477] registered taskstats version 1
[    3.912563] Loading compiled-in X.509 certificates
[    3.935364] Loaded X.509 cert 'Build time autogenerated kernel key: cdc7189136aaa35407544516090e2034d9c28e14'
[    3.959272] Loaded X.509 cert 'Canonical Ltd. Live Patch Signing: 14df34d1a87cf37625abec039ef2bf521249b969'
[    3.982116] Loaded X.509 cert 'Canonical Ltd. Kernel Module Signing: 88f752e560a1e0737e31163a466ad7b70a850c19'
[    4.004918] blacklist: Loading compiled-in revocation X.509 certificates
[    4.021840] Loaded X.509 cert 'Canonical Ltd. Secure Boot Signing: 61482aa2830d0ab2ad5af10b7250da9033ddcef0'
[    4.043402] Loaded X.509 cert 'Canonical Ltd. Secure Boot Signing (2017): 242ade75ac4a15e50d50c84b0d45ff3eae707a03'
[    4.066407] Loaded X.509 cert 'Canonical Ltd. Secure Boot Signing (ESM 2018): 365188c1d374d6b07c3c8f240f8ef722433d6a8b'
[    4.090184] Loaded X.509 cert 'Canonical Ltd. Secure Boot Signing (2019): c0746fd6c5da3ae827864651ad66ae47fe24b3e8'
[    4.114896] Loaded X.509 cert 'Canonical Ltd. Secure Boot Signing (2021 v1): a8d54bbb3825cfb94fa13c9f8a594a195c107b8d'
[    4.138100] Loaded X.509 cert 'Canonical Ltd. Secure Boot Signing (2021 v2): 4cf046892d6fd3c9a5b03f98d845f90851dc6a8c'
[    4.160763] Loaded X.509 cert 'Canonical Ltd. Secure Boot Signing (2021 v3): 100437bb6de6e469b581e61cd66bce3ef4ed53af'
[    4.183770] Loaded X.509 cert 'Canonical Ltd. Secure Boot Signing (Ubuntu Core 2019): c1d57b8f6b743f23ee41f4f7ee292f06eecadfb9'
[    4.210162] zswap: loaded using pool lzo/zbud
[    4.241355] Key type big_key registered
[    4.250663] Key type trusted registered
[    4.268932] Key type encrypted registered
[    4.279337] AppArmor: AppArmor sha1 policy hashing enabled
[    4.292649] ima: No TPM chip found, activating TPM-bypass! (rc=-19)
[    4.306998] ima: Allocated hash algorithm: sha1
[    4.318282] evm: HMAC attrs: 0x1
[    4.330199]   Magic number: 4:705:895
[    4.340039] rtc_cmos rtc_cmos: setting system clock to 2024-12-07 17:52:57 UTC (1733593977)
[    4.357983] BIOS EDD facility v0.16 2004-Jun-25, 0 devices found
[    4.371437] EDD information not available.
[    4.387831] Freeing unused kernel image memory: 2480K
[    4.408431] Write protecting the kernel read-only data: 20480k
[    4.427181] Freeing unused kernel image memory: 2008K
[    4.441035] Freeing unused kernel image memory: 1820K
[    4.468533] x86/mm: Checked W+X mappings: passed, no W+X pages found.
[    4.485229] x86/mm: Checking user space page tables
[    4.510707] x86/mm: Checked W+X mappings: passed, no W+X pages found.
Loading, please wait...
starting version 237
[    4.829735] e1000: Intel(R) PRO/1000 Network Driver - version 7.3.21-k8-NAPI
[    4.847553] e1000: Copyright (c) 1999-2006 Intel Corporation.
[    4.883929] Fusion MPT base driver 3.04.20
[    4.895392] Copyright (c) 1999-2008 LSI Corporation
[    4.988266] SSE version of gcm_enc/dec engaged.
[    5.037220] Fusion MPT SPI Host driver 3.04.20
[    5.261036] input: ImExPS/2 Generic Explorer Mouse as /devices/platform/i8042/serio1/input/input4
[    6.365948] e1000 0000:00:03.0 eth0: (PCI:33MHz:32-bit) 02:3b:7b:b7:3b:2d
[    6.383704] e1000 0000:00:03.0 eth0: Intel(R) PRO/1000 Network Connection
[    6.410405] mptbase: ioc0: Initiating bringup
[    6.555573] ioc0: LSI53C1030 A0: Capabilities={Initiator}
[    6.883307] scsi host2: ioc0: LSI53C1030 A0, FwRev=00000000h, Ports=1, MaxQ=256, IRQ=20
[    7.084438] scsi 2:0:0:0: Direct-Access     VBOX     HARDDISK         1.0  PQ: 0 ANSI: 5
[    7.372441] scsi target2:0:0: Beginning Domain Validation
[    7.452028] scsi target2:0:0: Domain Validation skipping write tests
[    7.473537] scsi target2:0:0: Ending Domain Validation
[    7.498503] scsi target2:0:0: asynchronous
[    7.526841] scsi 2:0:1:0: Direct-Access     VBOX     HARDDISK         1.0  PQ: 0 ANSI: 5
[    7.816651] scsi target2:0:1: Beginning Domain Validation
[    7.857649] scsi target2:0:1: Domain Validation skipping write tests
[    7.875442] scsi target2:0:1: Ending Domain Validation
[    7.892540] scsi target2:0:1: asynchronous
[    7.955730] sd 2:0:0:0: Attached scsi generic sg0 type 0
[    7.978486] sd 2:0:1:0: Attached scsi generic sg1 type 0
[    8.001335] sd 2:0:0:0: [sda] 83886080 512-byte logical blocks: (42.9 GB/40.0 GiB)
[    8.026032] sd 2:0:0:0: [sda] Write Protect is off
[    8.044044] sd 2:0:1:0: [sdb] 20480 512-byte logical blocks: (10.5 MB/10.0 MiB)
[    8.067138] sd 2:0:0:0: [sda] Incomplete mode parameter data
[    8.084560] sd 2:0:0:0: [sda] Assuming drive cache: write through
[    8.108977] sd 2:0:1:0: [sdb] Write Protect is off
[    8.139545] sd 2:0:1:0: [sdb] Incomplete mode parameter data
[    8.162922] sd 2:0:1:0: [sdb] Assuming drive cache: write through
[    8.181926]  sda: sda1
[    8.208659] sd 2:0:0:0: [sda] Attached SCSI disk
[    8.253452] sd 2:0:1:0: [sdb] Attached SCSI disk
[    8.878760] e1000 0000:00:08.0 eth1: (PCI:33MHz:32-bit) 08:00:27:a0:fd:dc
[    8.896329] e1000 0000:00:08.0 eth1: Intel(R) PRO/1000 Network Connection
[   10.090460] e1000 0000:00:09.0 eth2: (PCI:33MHz:32-bit) 08:00:27:e2:c4:a1
[   10.106100] e1000 0000:00:09.0 eth2: Intel(R) PRO/1000 Network Connection
[   10.131184] e1000 0000:00:09.0 enp0s9: renamed from eth2
[   10.157398] e1000 0000:00:08.0 enp0s8: renamed from eth1
[   10.190252] e1000 0000:00:03.0 enp0s3: renamed from eth0
Begin: Loading essential drivers ... [   14.872400] raid6: sse2x1   gen() 129481 MB/s
[   15.872773] raid6: sse2x1   xor() 100807 MB/s
[   16.873258] raid6: sse2x2   gen() 135953 MB/s
[   18.880684] raid6: sse2x2   xor() 119683 MB/s
[   19.924931] raid6: sse2x4   gen() 10748 MB/s
[   19.996543] raid6: sse2x4   xor()  6878 MB/s
[   20.006342] raid6: using algorithm sse2x2 gen() 135953 MB/s
[   20.018282] raid6: .... xor() 119683 MB/s, rmw enabled
[   20.029501] raid6: using ssse3x2 recovery algorithm
[   20.043848] xor: measuring software checksum speed
[   20.093035]    prefetch64-sse: 11528.000 MB/sec
[   20.140616]    generic_sse:  9069.000 MB/sec
[   20.148692] xor: using function: prefetch64-sse (11528.000 MB/sec)
[   20.164296] async_tx: api initialized (async)
done.
Begin: Running /scripts/init-premount ... done.
Begin: Mounting root file system ... Begin: Running /scripts/local-top ... done.
Begin: Running /scripts/local-premount ... [   20.298864] Btrfs loaded, crc32c=crc32c-intel
Scanning for Btrfs filesystems
done.
Begin: Will now check root file system ... fsck from util-linux 2.31.1
[/sbin/fsck.ext4 (1) -- /dev/sda1] fsck.ext4 -a -C0 /dev/sda1 
cloudimg-rootfs: clean, 176310/5120000 files, 1239986/10485499 blocks
done.
[   20.488694] EXT4-fs (sda1): mounted filesystem with ordered data mode. Opts: (null)
done.
Begin: Running /scripts/local-bottom ... done.
Begin: Running /scripts/init-bottom ... done.
[   21.097630] ip_tables: (C) 2000-2006 Netfilter Core Team
[   21.141576] systemd[1]: systemd 237 running in system mode. (+PAM +AUDIT +SELINUX +IMA +APPARMOR +SMACK +SYSVINIT +UTMP +LIBCRYPTSETUP +GCRYPT +GNUTLS +ACL +XZ +LZ4 +SECCOMP +BLKID +ELFUTILS +KMOD -IDN2 +IDN -PCRE2 default-hierarchy=hybrid)
[   21.180577] systemd[1]: Detected virtualization oracle.
[   21.190724] systemd[1]: Detected architecture x86-64.

Welcome to [1mUbuntu 18.04.6 LTS[0m!

[   21.277255] systemd[1]: Set hostname to <puppet>.
[   22.342299] systemd[1]: Set up automount Arbitrary Executable File Formats File System Automount Point.
[[0;32m  OK  [0m] Set up automount Arbitrary Executabâ€¦rmats File System Automount Point.
[   22.426598] systemd[1]: Created slice System Slice.
[[0;32m  OK  [0m] Created slice System Slice.
[   22.451108] systemd[1]: Listening on Journal Socket.
[[0;32m  OK  [0m] Listening on Journal Socket.
[   22.475576] systemd[1]: Starting Set the console keyboard layout...
         Starting Set the console keyboard layout...
[   22.498829] systemd[1]: Created slice system-postgresql.slice.
[[0;32m  OK  [0m] Created slice system-postgresql.slice.
[   22.524114] systemd[1]: Listening on udev Control Socket.
[[0;32m  OK  [0m] Listening on udev Control Socket.
         Mounting Huge Pages File System...
[[0;32m  OK  [0m] Listening on Syslog Socket.
[[0;32m  OK  [0m] Listening on udev Kernel Socket.
[[0;32m  OK  [0m] Listening on Journal Socket (/dev/log).
[[0;32m  OK  [0m] Listening on LVM2 metadata daemon socket.
[[0;32m  OK  [0m] Created slice system-serial\x2dgetty.slice.
         Mounting Kernel Debug File System...
[[0;32m  OK  [0m] Listening on fsck to fsckd communication Socket.
[[0;32m  OK  [0m] Listening on Device-mapper event daemon FIFOs.
         Starting Monitoring of LVM2 mirrorsâ€¦ng dmeventd or progress polling...
[[0;32m  OK  [0m] Listening on /dev/initctl Compatibility Named Pipe.
         Starting Load Kernel Modules...
         Starting Remount Root and Kernel File Systems...
[[0;32m  OK  [0m] Listening on Journal Audit Socket.
         Starting Journal Service...
         Starting Create list of required stâ€¦ce nodes for the current kernel...
[[0;32m  OK  [0m[   22.794353] Loading iSCSI transport class v2.0-870.
] Reached target User and Group Name Lookups.
         Mounting POSIX Message Queue File System...[   22.849339] EXT4-fs (sda1): re-mounted. Opts: (null)

[[0;32m  OK  [0m] Created slice User and Session Slice.
[[0;32m  OK  [0m] Reached target Slices.
[[0;32m  OK  [0m] Reached target System Time Synchronized.
         Starting Uncomplicated firewall...[   22.975580] iscsi: registered transport (tcp)

[[0;32m  OK  [0m] Reached target Swap.
[[0;32m  OK  [0m] Listening on LVM2 poll daemon socket.
         Starting udev Coldplug all Devices...
[[0;32m  OK  [0m] Reached target Mounting snaps.
[[0;32m  OK  [0m] Reached target Mounted snaps.
[[0;32m  OK  [0m] Listening on Network Service Netlink Socket.
[[0;32m  OK  [0m] Started Forward Password Requests to Wall Directory Watch.
[[0;32m  OK  [0m] Mounted Huge Pages File System.
[[0;32m  OK  [0m] Mounted Kernel Debug File System.
[[0;32m  OK  [0m] Started Remount Root and Kernel File Systems.
[[0;32m  OK  [0m] Started Create list of required staâ€¦vice nodes for the current kernel.
[[0;32m  OK  [0m] Mounted POSIX Message Queue File System.
[[0;32m  OK  [0m] Started Uncomplicated firewall.
[[0;32m  OK  [0m] Started Journal Service.
[[0;32m  OK  [0m[   23.352630] iscsi: registered transport (iser)
] Started LVM2 metadata daemon.
         Starting Create Static Device Nodes in /dev...
         Starting Load/Save Random Seed...
         Starting Flush Journal to Persistent Storage...
[[0;32m  OK  [0m] Started Set the console keyboard layout.
[[0;32m  OK  [0m] Started Monitoring of LVM2 mirrors,â€¦sing dmeventd or progress polling.
[[0;32m  OK  [0m] Started Load Kernel Modules.
         Mounting FUSE Control File System...
         Mounting Kernel Configuration File System...
         Starting Apply Kernel Variables...
[[0;32m  OK  [0m] Started udev Coldplug all Devices.
[[0;32m  OK  [0m] Mounted FUSE Control File System.
[[0;32m  OK  [0m] Mounted Kernel Configuration File System.
[[0;32m  OK  [0m] Started Create Static Device Nodes in /dev.
[[0;32m  OK  [0m] Started Load/Save Random Seed.
         Starting udev Kernel Device Manager...
[[0;32m  OK  [0m] Reached target Local File Systems (Pre).
[[0;32m  OK  [0m] Reached target Local File Systems.
         Starting ebtables ruleset management...
         Starting Tell Plymouth To Write Out Runtime Data...
         Starting Set console font and keymap...
         Starting AppArmor initialization...
         Starting netfilter persistent configuration...
[[0;32m  OK  [0m] Started Apply Kernel Variables.
[[0;32m  OK  [0m] Started Tell Plymouth To Write Out Runtime Data.
[[0;32m  OK  [0m] Started Set console font and keymap.
[[0;32m  OK  [0m] Started udev Kernel Device Manager.
[[0;32m  OK  [0m] Started Dispatch Password Requests to Console Directory Watch.
[[0;32m  OK  [0m] Reached target Local Encrypted Volumes.
[[0;32m  OK  [0m] Started ebtables ruleset management.
[[0;32m  OK  [0m] Started Flush Journal to Persistent Storage.
         Starting Create Volatile Files and Directories...
[[0;32m  OK  [0m] Started Create Volatile Files and Directories.
         Starting Update UTMP about System Boot/Shutdown...
[[0;32m  OK  [0m] Started Update UTMP about System Boot/Shutdown.
[[0;32m  OK  [0m] Started netfilter persistent configuration.
[[0;32m  OK  [0m] Started AppArmor initialization.
         Starting Load AppArmor profiles managed internally by snapd...
         Starting Initial cloud-init job (pre-networking)...
         Mounting Arbitrary Executable File Formats File System...
[[0;32m  OK  [0m] Mounted Arbitrary Executable File Formats File System.
[[0;32m  OK  [0m] Started Load AppArmor profiles managed internally by snapd.
[[0;32m  OK  [0m] Found device /dev/ttyS0.
[[0;32m  OK  [0m] Listening on Load/Save RF Kill Switch Status /dev/rfkill Watch.
[   30.818695] cloud-init[554]: Cloud-init v. 23.1.2-0ubuntu0~18.04.1 running 'init-local' at Sat, 07 Dec 2024 17:53:23 +0000. Up 30.44 seconds.
[[0;32m  OK  [0m] Started Initial cloud-init job (pre-networking).
[[0;32m  OK  [0m] Reached target Network (Pre).
         Starting Network Service...
[[0;32m  OK  [0m] Started Network Service.
         Starting Network Name Resolution...
         Starting Wait for Network to be Configured...
[[0;32m  OK  [0m] Started Network Name Resolution.
[[0;32m  OK  [0m] Reached target Host and Network Name Lookups.
[[0;32m  OK  [0m] Reached target Network.
[[0;32m  OK  [0m] Started Wait for Network to be Configured.
         Starting Initial cloud-init job (metadata service crawler)...
[   34.848674] cloud-init[697]: Cloud-init v. 23.1.2-0ubuntu0~18.04.1 running 'init' at Sat, 07 Dec 2024 17:53:27 +0000. Up 34.57 seconds.
[   34.863475] cloud-init[697]: ci-info: ++++++++++++++++++++++++++++++++++++++Net device info+++++++++++++++++++++++++++++++++++++++
[   34.881095] cloud-init[697]: ci-info: +--------+------+-----------------------------+---------------+--------+-------------------+
[   34.899648] cloud-init[697]: ci-info: | Device |  Up  |           Address           |      Mask     | Scope  |     Hw-Address    |
[   34.916001] cloud-init[697]: ci-info: +--------+------+-----------------------------+---------------+--------+-------------------+
[   34.930356] cloud-init[697]: ci-info: | enp0s3 | True |          10.0.2.15          | 255.255.255.0 | global | 02:3b:7b:b7:3b:2d |
[   34.947173] cloud-init[697]: ci-info: | enp0s3 | True |  fe80::3b:7bff:feb7:3b2d/64 |       .       |  link  | 02:3b:7b:b7:3b:2d |
[   34.963224] cloud-init[697]: ci-info: | enp0s8 | True |        192.168.50.10        | 255.255.255.0 | global | 08:00:27:a0:fd:dc |
[   34.982491] cloud-init[697]: ci-info: | enp0s8 | True | fe80::a00:27ff:fea0:fddc/64 |       .       |  link  | 08:00:27:a0:fd:dc |
[   35.002004] cloud-init[697]: ci-info: | enp0s9 | True |          10.0.0.29          | 255.255.255.0 | global | 08:00:27:e2:c4:a1 |
[   35.022855] cloud-init[697]: ci-info: | enp0s9 | True | fe80::a00:27ff:fee2:c4a1/64 |       .       |  link  | 08:00:27:e2:c4:a1 |
[   35.041117] cloud-init[697]: ci-info: |   lo   | True |          127.0.0.1          |   255.0.0.0   |  host  |         .         |
[   35.057689] cloud-init[697]: ci-info: |   lo   | True |           ::1/128           |       .       |  host  |         .         |
[   35.075057] cloud-init[697]: ci-info: +--------+------+-----------------------------+---------------+--------+-------------------+
[   35.090032] cloud-init[697]: ci-info: ++++++++++++++++++++++++++++++Route IPv4 info++++++++++++++++++++++++++++++
[   35.105926] cloud-init[697]: ci-info: +-------+--------------+------------+-----------------+-----------+-------+
[   35.124758] cloud-init[697]: ci-info: | Route | Destination  |  Gateway   |     Genmask     | Interface | Flags |
[   35.133151] cloud-init[697]: ci-info: +-------+--------------+------------+-----------------+-----------+-------+
[   35.142139] cloud-init[697]: ci-info: |   0   |   0.0.0.0    |  10.0.2.2  |     0.0.0.0     |   enp0s3  |   UG  |
[   35.150211] cloud-init[697]: ci-info: |   1   |   0.0.0.0    | 10.0.0.138 |     0.0.0.0     |   enp0s9  |   UG  |
[   35.158254] cloud-init[697]: ci-info: |   2   |   10.0.0.0   |  0.0.0.0   |  255.255.255.0  |   enp0s9  |   U   |
[   35.166652] cloud-init[697]: ci-info: |   3   |  10.0.0.138  |  0.0.0.0   | 255.255.255.255 |   enp0s9  |   UH  |
[   35.174483] cloud-init[697]: ci-info: |   4   |   10.0.2.0   |  0.0.0.0   |  255.255.255.0  |   enp0s3  |   U   |
[   35.182047] cloud-init[697]: ci-info: |   5   |   10.0.2.2   |  0.0.0.0   | 255.255.255.255 |   enp0s3  |   UH  |
[   35.190478] cloud-init[697]: ci-info: |   6   | 192.168.50.0 |  0.0.0.0   |  255.255.255.0  |   enp0s8  |   U   |
[   35.198263] cloud-init[697]: ci-info: +-------+--------------+------------+-----------------+-----------+-------+
[   35.206395] cloud-init[697]: ci-info: ++++++++++++++++++++++++++++Route IPv6 info++++++++++++++++++++++++++++
[   35.213825] cloud-init[697]: ci-info: +-------+-------------+---------------------------+-----------+-------+
[   35.221186] cloud-init[697]: ci-info: | Route | Destination |          Gateway          | Interface | Flags |
[   35.230363] cloud-init[697]: ci-info: +-------+-------------+---------------------------+-----------+-------+
[   35.238472] cloud-init[697]: ci-info: |   1   |  fe80::/64  |             ::            |   enp0s9  |   U   |
[   35.247401] cloud-init[697]: ci-info: |   2   |  fe80::/64  |             ::            |   enp0s8  |   U   |
[   35.257172] cloud-init[697]: ci-info: |   3   |  fe80::/64  |             ::            |   enp0s3  |   U   |
[   35.266301] cloud-init[697]: ci-info: |   4   |     ::/0    | fe80::5e6a:80ff:fe91:a2fa |   enp0s9  |   UG  |
[   35.277073] cloud-init[697]: ci-info: |   6   |    local    |             ::            |   enp0s3  |   U   |
[   35.285567] cloud-init[697]: ci-info: |   7   |    local    |             ::            |   enp0s8  |   U   |
[   35.293987] cloud-init[697]: ci-info: |   8   |    local    |             ::            |   enp0s9  |   U   |
[   35.302025] cloud-init[697]: ci-info: |   9   |   ff00::/8  |             ::            |   enp0s9  |   U   |
[   35.310457] cloud-init[697]: ci-info: |   10  |   ff00::/8  |             ::            |   enp0s8  |   U   |
[   35.318888] cloud-init[697]: ci-info: |   11  |   ff00::/8  |             ::            |   enp0s3  |   U   |
[   35.327094] cloud-init[697]: ci-info: +-------+-------------+---------------------------+-----------+-------+
[[0;32m  OK  [0m] Started Initial cloud-init job (metadata service crawler).
[[0;32m  OK  [0m] Reached target Network is Online.
[[0;32m  OK  [0m] Reached target Remote File Systems (Pre).
         Starting Availability of block devices...
         Mounting /mynetworklab...
[[0;32m  OK  [0m] Reached target System Initialization.
         Starting LXD - unix socket.
[[0;32m  OK  [0m] Started ACPI Events Check.
[[0;32m  OK  [0m] Listening on D-Bus System Message Bus Socket.
[[0;32m  OK  [0m] Started Daily Cleanup of Temporary Directories.
[[0;32m  OK  [0m] Reached target Paths.
[[0;32m  OK  [0m] Listening on UUID daemon activation socket.
[[0;32m  OK  [0m] Started Ubuntu Advantage Timer for running repeated jobs.
[[0;32m  OK  [0m] Started Discard unused blocks once a week.
[[0;32m  OK  [0m] Listening on Open-iSCSI iscsid Socket.
[[0;32m  OK  [0m] Started Message of the Day.
[[0;32m  OK  [0m] Listening on cloud-init hotplug hook socket.
[[0;32m  OK  [0m] Listening on ACPID Listen Socket.
         Starting Socket activation for snappy daemon.
[[0;32m  OK  [0m] Started Daily apt download activities.
[[0;32m  OK  [0m] Started Daily apt upgrade and clean activities.
[[0;32m  OK  [0m] Reached target Timers.
[[0;32m  OK  [0m] Reached target Cloud-config availability.
[[0;32m  OK  [0m] Started Availability of block devices.
[[0;32m  OK  [0m] Listening on LXD - unix socket.
[[0;32m  OK  [0m] Listening on Socket activation for snappy daemon.
[[0;32m  OK  [0m] Reached target Sockets.
[[0;32m  OK  [0m] Reached target Basic System.
         Starting PostgreSQL Cluster 14-main...
[[0;32m  OK  [0m] Started Regular background program processing daemon.
[[0;32m  OK  [0m] Reached target Login Prompts (Pre).
         Starting Login Service...
         Starting LSB: Record successful boot for GRUB...
[[0;32m  OK  [0m] Started FUSE filesystem for LXC.
         Starting LXD - container startup/shutdown...
[[0;32m  OK  [0m] Started D-Bus System Message Bus.
         Starting Dispatcher daemon for systemd-networkd...
         Starting Virtualbox guest utils...
         Starting System Logging Service...
[[0;32m  OK  [0m] Started irqbalance daemon.
         Starting Resets System Activity Data Collector...
[[0;32m  OK  [0m] Started Deferred execution scheduler.
         Starting Accounts Service...
         Starting OpenBSD Secure Shell server...
         Starting puppetdb Service...
         Starting Snap Daemon...
[[0;32m  OK  [0m] Started Puppet agent.
         Starting puppetserver Service...
[[0;32m  OK  [0m] Started System Logging Service.
[[0;32m  OK  [0m] Mounted /mynetworklab.
[[0;32m  OK  [0m] Started Resets System Activity Data Collector.
[[0;32m  OK  [0m] Started Login Service.
[[0;32m  OK  [0m] Started Unattended Upgrades Shutdown.
[[0;32m  OK  [0m] Reached target Remote File Systems.
         Starting Permit User Sessions...
         Starting LSB: automatic crash report generation...
         Starting The Apache HTTP Server...
[[0;32m  OK  [0m] Started LXD - container startup/shutdown.
[[0;32m  OK  [0m] Started Permit User Sessions.
         Starting Terminate Plymouth Boot Screen...
         Starting Hold until boot process finishes up...
         Starting Authorization Manager...
[[0;32m  OK  [0m] Started Terminate Plymouth Boot Screen.
[[0;32m  OK  [0m] Started Hold until boot process finishes up.
         Starting Set console scheme...
[[0;32m  OK  [0m] Started Serial Getty on ttyS0.
[[0;32m  OK  [0m] Started Set console scheme.
[[0;32m  OK  [0m] Created slice system-getty.slice.
[[0;32m  OK  [0m] Started Getty on tty1.
[[0;32m  OK  [0m] Reached target Login Prompts.
[[0;32m  OK  [0m] Started OpenBSD Secure Shell server.
[[0;32m  OK  [0m] Started LSB: Record successful boot for GRUB.
[[0;32m  OK  [0m] Started Dispatcher daemon for systemd-networkd.
[[0;32m  OK  [0m] Started LSB: automatic crash report generation.
[[0;32m  OK  [0m] Started Authorization Manager.
[[0;32m  OK  [0m] Started Accounts Service.
[[0;32m  OK  [0m] Started Virtualbox guest utils.
[[0;32m  OK  [0m] Created slice User Slice of vagrant.
         Starting User Manager for UID 1000...
[[0;32m  OK  [0m] Started Session 1 of user vagrant.
[[0;32m  OK  [0m] Started The Apache HTTP Server.
[[0;32m  OK  [0m] Started User Manager for UID 1000.

Ubuntu 18.04.6 LTS puppet ttyS0

puppet login: [   47.302309] cloud-init[1300]: Cloud-init v. 23.1.2-0ubuntu0~18.04.1 running 'modules:config' at Sat, 07 Dec 2024 17:53:39 +0000. Up 45.92 seconds.
[[0;32m  OK  [0m] Started puppetdb Service.
[[0;32m  OK  [0m] Started puppetserver Service.
[[0;32m  OK  [0m] Reached target Multi-User System.
         Starting Execute cloud user/final scripts...
[[0;32m  OK  [0m] Reached target Graphical Interface.
         Starting Update UTMP about System Runlevel Changes...
[[0;32m  OK  [0m] Started Update UTMP about System Runlevel Changes.
[  268.238815] cloud-init[3043]: Cloud-init v. 23.1.2-0ubuntu0~18.04.1 running 'modules:final' at Sat, 07 Dec 2024 17:57:20 +0000. Up 267.44 seconds.
[  268.375151] cloud-init[3043]: Cloud-init v. 23.1.2-0ubuntu0~18.04.1 finished at Sat, 07 Dec 2024 17:57:21 +0000. Datasource DataSourceNoCloud [seed=/dev/sdb][dsmode=net].  Up 268.12 seconds
[[0;32m  OK  [0m] Started Execute cloud user/final scripts.
[[0;32m  OK  [0m] Reached target Cloud-init target.
