[    0.000000] Linux version 4.15.0-213-generic (buildd@lcy02-amd64-079) (gcc version 7.5.0 (Ubuntu 7.5.0-3ubuntu1~18.04)) #224-Ubuntu SMP Mon Jun 19 13:30:12 UTC 2023 (Ubuntu 4.15.0-213.224-generic 4.15.18)
[    0.000000] Command line: BOOT_IMAGE=/boot/vmlinuz-4.15.0-213-generic root=UUID=f685bb41-0e3b-40c4-89c1-eea0f0583525 ro console=tty1 console=ttyS0
[    0.000000] KERNEL supported cpus:
[    0.000000]   Intel GenuineIntel
[    0.000000]   AMD AuthenticAMD
[    0.000000]   Centaur CentaurHauls
[    0.000000] x86/fpu: x87 FPU will use FXSAVE
[    0.000000] e820: BIOS-provided physical RAM map:
[    0.000000] BIOS-e820: [mem 0x0000000000000000-0x000000000009fbff] usable
[    0.000000] BIOS-e820: [mem 0x000000000009fc00-0x000000000009ffff] reserved
[    0.000000] BIOS-e820: [mem 0x00000000000f0000-0x00000000000fffff] reserved
[    0.000000] BIOS-e820: [mem 0x0000000000100000-0x00000000bffeffff] usable
[    0.000000] BIOS-e820: [mem 0x00000000bfff0000-0x00000000bfffffff] ACPI data
[    0.000000] BIOS-e820: [mem 0x00000000fec00000-0x00000000fec00fff] reserved
[    0.000000] BIOS-e820: [mem 0x00000000fee00000-0x00000000fee00fff] reserved
[    0.000000] BIOS-e820: [mem 0x00000000fffc0000-0x00000000ffffffff] reserved
[    0.000000] NX (Execute Disable) protection: active
[    0.000000] SMBIOS 2.5 present.
[    0.000000] DMI: innotek GmbH VirtualBox/VirtualBox, BIOS VirtualBox 12/01/2006
[    0.000000] Hypervisor detected: KVM
[    0.000000] e820: last_pfn = 0xbfff0 max_arch_pfn = 0x400000000
[    0.000000] MTRR: Disabled
[    0.000000] x86/PAT: MTRRs disabled, skipping PAT initialization too.
[    0.000000] CPU MTRRs all blank - virtualized system.
[    0.000000] x86/PAT: Configuration [0-7]: WB  WT  UC- UC  WB  WT  UC- UC  
[    0.000000] found SMP MP-table at [mem 0x0009fff0-0x0009ffff]
[    0.000000] Scanning 1 areas for low memory corruption
[    0.000000] RAMDISK: [mem 0x35819000-0x36c03fff]
[    0.000000] ACPI: Early table checksum verification disabled
[    0.000000] ACPI: RSDP 0x00000000000E0000 000024 (v02 VBOX  )
[    0.000000] ACPI: XSDT 0x00000000BFFF0030 00003C (v01 VBOX   VBOXXSDT 00000001 ASL  00000061)
[    0.000000] ACPI: FACP 0x00000000BFFF00F0 0000F4 (v04 VBOX   VBOXFACP 00000001 ASL  00000061)
[    0.000000] ACPI: DSDT 0x00000000BFFF0610 002353 (v02 VBOX   VBOXBIOS 00000002 INTL 20100528)
[    0.000000] ACPI: FACS 0x00000000BFFF0200 000040
[    0.000000] ACPI: FACS 0x00000000BFFF0200 000040
[    0.000000] ACPI: APIC 0x00000000BFFF0240 00005C (v02 VBOX   VBOXAPIC 00000001 ASL  00000061)
[    0.000000] ACPI: SSDT 0x00000000BFFF02A0 00036C (v01 VBOX   VBOXCPUT 00000002 INTL 20100528)
[    0.000000] ACPI: Reserving FACP table memory at [mem 0xbfff00f0-0xbfff01e3]
[    0.000000] ACPI: Reserving DSDT table memory at [mem 0xbfff0610-0xbfff2962]
[    0.000000] ACPI: Reserving FACS table memory at [mem 0xbfff0200-0xbfff023f]
[    0.000000] ACPI: Reserving FACS table memory at [mem 0xbfff0200-0xbfff023f]
[    0.000000] ACPI: Reserving APIC table memory at [mem 0xbfff0240-0xbfff029b]
[    0.000000] ACPI: Reserving SSDT table memory at [mem 0xbfff02a0-0xbfff060b]
[    0.000000] No NUMA configuration found
[    0.000000] Faking a node at [mem 0x0000000000000000-0x00000000bffeffff]
[    0.000000] NODE_DATA(0) allocated [mem 0xbffc5000-0xbffeffff]
[    0.000000] kvm-clock: cpu 0, msr 0:bff44001, primary cpu clock
[    0.000000] kvm-clock: Using msrs 4b564d01 and 4b564d00
[    0.000000] kvm-clock: using sched offset of 5147396564 cycles
[    0.000000] clocksource: kvm-clock: mask: 0xffffffffffffffff max_cycles: 0x1cd42e4dffb, max_idle_ns: 881590591483 ns
[    0.000000] Zone ranges:
[    0.000000]   DMA      [mem 0x0000000000001000-0x0000000000ffffff]
[    0.000000]   DMA32    [mem 0x0000000001000000-0x00000000bffeffff]
[    0.000000]   Normal   empty
[    0.000000]   Device   empty
[    0.000000] Movable zone start for each node
[    0.000000] Early memory node ranges
[    0.000000]   node   0: [mem 0x0000000000001000-0x000000000009efff]
[    0.000000]   node   0: [mem 0x0000000000100000-0x00000000bffeffff]
[    0.000000] Reserved but unavailable: 104 pages
[    0.000000] Initmem setup node 0 [mem 0x0000000000001000-0x00000000bffeffff]
[    0.000000] ACPI: PM-Timer IO Port: 0x4008
[    0.000000] IOAPIC[0]: apic_id 2, version 32, address 0xfec00000, GSI 0-23
[    0.000000] ACPI: INT_SRC_OVR (bus 0 bus_irq 0 global_irq 2 dfl dfl)
[    0.000000] ACPI: INT_SRC_OVR (bus 0 bus_irq 9 global_irq 9 low level)
[    0.000000] Using ACPI (MADT) for SMP configuration information
[    0.000000] smpboot: Allowing 2 CPUs, 0 hotplug CPUs
[    0.000000] PM: Registered nosave memory: [mem 0x00000000-0x00000fff]
[    0.000000] PM: Registered nosave memory: [mem 0x0009f000-0x0009ffff]
[    0.000000] PM: Registered nosave memory: [mem 0x000a0000-0x000effff]
[    0.000000] PM: Registered nosave memory: [mem 0x000f0000-0x000fffff]
[    0.000000] e820: [mem 0xc0000000-0xfebfffff] available for PCI devices
[    0.000000] Booting paravirtualized kernel on KVM
[    0.000000] clocksource: refined-jiffies: mask: 0xffffffff max_cycles: 0xffffffff, max_idle_ns: 7645519600211568 ns
[    0.000000] setup_percpu: NR_CPUS:8192 nr_cpumask_bits:2 nr_cpu_ids:2 nr_node_ids:1
[    0.000000] percpu: Embedded 50 pages/cpu s167936 r8192 d28672 u1048576
[    0.000000] PV qspinlock hash table entries: 256 (order: 0, 4096 bytes)
[    0.000000] Built 1 zonelists, mobility grouping on.  Total pages: 774009
[    0.000000] Policy zone: DMA32
[    0.000000] Kernel command line: BOOT_IMAGE=/boot/vmlinuz-4.15.0-213-generic root=UUID=f685bb41-0e3b-40c4-89c1-eea0f0583525 ro console=tty1 console=ttyS0
[    0.000000] Memory: 3046160K/3145272K available (12300K kernel code, 2477K rwdata, 4324K rodata, 2480K init, 2720K bss, 99112K reserved, 0K cma-reserved)
[    0.000000] SLUB: HWalign=64, Order=0-3, MinObjects=0, CPUs=2, Nodes=1
[    0.000000] Kernel/User page tables isolation: enabled
[    0.000000] ftrace: allocating 39508 entries in 155 pages
[    0.004000] Hierarchical RCU implementation.
[    0.004000] 	RCU restricting CPUs from NR_CPUS=8192 to nr_cpu_ids=2.
[    0.004000] 	Tasks RCU enabled.
[    0.004000] RCU: Adjusting geometry for rcu_fanout_leaf=16, nr_cpu_ids=2
[    0.004000] NR_IRQS: 524544, nr_irqs: 440, preallocated irqs: 16
[    0.004000] random: crng init done
[    0.004000] Console: colour VGA+ 80x25
[    0.004000] console [tty1] enabled
[    0.004000] console [ttyS0] enabled
[    0.004000] ACPI: Core revision 20170831
[    0.004000] ACPI: 2 ACPI AML tables successfully acquired and loaded
[    0.004000] APIC: Switch to symmetric I/O mode setup
[    0.008000] ..TIMER: vector=0x30 apic1=0 pin1=2 apic2=-1 pin2=-1
[    0.008014] tsc: Detected 1991.998 MHz processor
[    0.012017] Calibrating delay loop (skipped) preset value.. 3983.99 BogoMIPS (lpj=7967992)
[    0.016009] pid_max: default: 32768 minimum: 301
[    0.024056] Security Framework initialized
[    0.028009] Yama: becoming mindful.
[    0.032056] AppArmor: AppArmor initialized
[    0.049643] Dentry cache hash table entries: 524288 (order: 10, 4194304 bytes)
[    0.071506] Inode-cache hash table entries: 262144 (order: 9, 2097152 bytes)
[    0.072552] Mount-cache hash table entries: 8192 (order: 4, 65536 bytes)
[    0.076592] Mountpoint-cache hash table entries: 8192 (order: 4, 65536 bytes)
[    0.087580] Last level iTLB entries: 4KB 64, 2MB 8, 4MB 8
[    0.088005] Last level dTLB entries: 4KB 64, 2MB 0, 4MB 0, 1GB 4
[    0.092007] Spectre V1 : Mitigation: usercopy/swapgs barriers and __user pointer sanitization
[    0.096006] Spectre V2 : Mitigation: Retpolines
[    0.100004] Spectre V2 : Spectre v2 / SpectreRSB mitigation: Filling RSB on context switch
[    0.104004] Spectre V2 : Spectre v2 / SpectreRSB : Filling RSB on VMEXIT
[    0.108009] RETBleed: WARNING: Spectre v2 mitigation leaves CPU vulnerable to RETBleed attacks, data leaks possible!
[    0.112004] RETBleed: Vulnerable
[    0.116005] Speculative Store Bypass: Vulnerable
[    0.124187] MDS: Mitigation: Clear CPU buffers
[    0.128005] MMIO Stale Data: Mitigation: Clear CPU buffers
[    0.132008] SRBDS: Unknown: Dependent on hypervisor status
[    0.136462] Freeing SMP alternatives memory: 36K
[    0.256920] smpboot: CPU0: Intel(R) Core(TM) i7-8550U CPU @ 1.80GHz (family: 0x6, model: 0x8e, stepping: 0xa)
[    0.260836] Performance Events: unsupported p6 CPU model 142 no PMU driver, software events only.
[    0.264219] Hierarchical SRCU implementation.
[    0.273788] NMI watchdog: Perf event create on CPU 0 failed with -2
[    0.276130] NMI watchdog: Perf NMI watchdog permanently disabled
[    0.280668] smp: Bringing up secondary CPUs ...
[    0.288077] x86: Booting SMP configuration:
[    0.292006] .... node  #0, CPUs:      #1
[    0.004000] kvm-clock: cpu 1, msr 0:bff44041, secondary cpu clock
[    0.316000] TSC synchronization [CPU#0 -> CPU#1]:
[    0.316000] Measured 97982 cycles TSC warp between CPUs, turning off TSC clock.
[    0.316000] tsc: Marking TSC unstable due to check_tsc_sync_source failed
[    0.320459] smp: Brought up 1 node, 2 CPUs
[    0.324010] smpboot: Max logical packages: 1
[    0.328010] smpboot: Total of 2 processors activated (7967.99 BogoMIPS)
[    0.337157] devtmpfs: initialized
[    0.344266] x86/mm: Memory block size: 128MB
[    0.352469] evm: security.selinux
[    0.356005] evm: security.SMACK64
[    0.360006] evm: security.SMACK64EXEC
[    0.364004] evm: security.SMACK64TRANSMUTE
[    0.368006] evm: security.SMACK64MMAP
[    0.372004] evm: security.apparmor
[    0.376005] evm: security.ima
[    0.380004] evm: security.capability
[    0.388332] clocksource: jiffies: mask: 0xffffffff max_cycles: 0xffffffff, max_idle_ns: 7645041785100000 ns
[    0.392016] futex hash table entries: 512 (order: 3, 32768 bytes)
[    0.400351] pinctrl core: initialized pinctrl subsystem
[    0.409150] RTC time: 17:18:18, date: 12/12/24
[    0.416310] NET: Registered protocol family 16
[    0.420269] audit: initializing netlink subsys (disabled)
[    0.428048] audit: type=2000 audit(1734023903.792:1): state=initialized audit_enabled=0 res=1
[    0.448016] cpuidle: using governor ladder
[    0.452015] cpuidle: using governor menu
[    0.456066] ACPI: bus type PCI registered
[    0.460005] acpiphp: ACPI Hot Plug PCI Controller Driver version: 0.5
[    0.468719] PCI: Using configuration type 1 for base access
[    0.480815] HugeTLB registered 2.00 MiB page size, pre-allocated 0 pages
[    0.489253] ACPI: Added _OSI(Module Device)
[    0.492014] ACPI: Added _OSI(Processor Device)
[    0.496006] ACPI: Added _OSI(3.0 _SCP Extensions)
[    0.500005] ACPI: Added _OSI(Processor Aggregator Device)
[    0.504013] ACPI: Added _OSI(Linux-Dell-Video)
[    0.508011] ACPI: Added _OSI(Linux-Lenovo-NV-HDMI-Audio)
[    0.512013] ACPI: Added _OSI(Linux-HPI-Hybrid-Graphics)
[    0.517687] ACPI: Executed 1 blocks of module-level executable AML code
[    0.530730] ACPI: Interpreter enabled
[    0.532025] ACPI: (supports S0 S5)
[    0.536005] ACPI: Using IOAPIC for interrupt routing
[    0.540741] PCI: Using host bridge windows from ACPI; if necessary, use "pci=nocrs" and report a bug
[    0.544475] ACPI: Enabled 2 GPEs in block 00 to 07
[    0.569536] ACPI: PCI Root Bridge [PCI0] (domain 0000 [bus 00-ff])
[    0.572014] acpi PNP0A03:00: _OSC: OS supports [ASPM ClockPM Segments MSI]
[    0.577551] acpi PNP0A03:00: _OSC: not requesting OS control; OS requires [ExtendedConfig ASPM ClockPM MSI]
[    0.580029] acpi PNP0A03:00: fail to add MMCONFIG information, can't access extended PCI configuration space under this bridge.
[    0.585504] PCI host bridge to bus 0000:00
[    0.588013] pci_bus 0000:00: root bus resource [io  0x0000-0x0cf7 window]
[    0.592015] pci_bus 0000:00: root bus resource [io  0x0d00-0xffff window]
[    0.596013] pci_bus 0000:00: root bus resource [mem 0x000a0000-0x000bffff window]
[    0.604030] pci_bus 0000:00: root bus resource [mem 0xc0000000-0xfdffffff window]
[    0.608201] pci_bus 0000:00: root bus resource [bus 00-ff]
[    0.627236] pci 0000:00:01.1: legacy IDE quirk: reg 0x10: [io  0x01f0-0x01f7]
[    0.628011] pci 0000:00:01.1: legacy IDE quirk: reg 0x14: [io  0x03f6]
[    0.632008] pci 0000:00:01.1: legacy IDE quirk: reg 0x18: [io  0x0170-0x0177]
[    0.636006] pci 0000:00:01.1: legacy IDE quirk: reg 0x1c: [io  0x0376]
[    0.689678] pci 0000:00:07.0: quirk: [io  0x4000-0x403f] claimed by PIIX4 ACPI
[    0.692074] pci 0000:00:07.0: quirk: [io  0x4100-0x410f] claimed by PIIX4 SMB
[    0.727328] ACPI: PCI Interrupt Link [LNKA] (IRQs 5 9 10 *11)
[    0.729054] ACPI: PCI Interrupt Link [LNKB] (IRQs 5 9 *10 11)
[    0.732473] ACPI: PCI Interrupt Link [LNKC] (IRQs 5 *9 10 11)
[    0.736426] ACPI: PCI Interrupt Link [LNKD] (IRQs 5 9 10 *11)
[    0.741466] SCSI subsystem initialized
[    0.748283] pci 0000:00:02.0: vgaarb: setting as boot VGA device
[    0.752000] pci 0000:00:02.0: vgaarb: VGA device added: decodes=io+mem,owns=io+mem,locks=none
[    0.752013] pci 0000:00:02.0: vgaarb: bridge control possible
[    0.756008] vgaarb: loaded
[    0.760174] ACPI: bus type USB registered
[    0.764037] usbcore: registered new interface driver usbfs
[    0.768064] usbcore: registered new interface driver hub
[    0.772019] usbcore: registered new device driver usb
[    0.780582] EDAC MC: Ver: 3.0.0
[    0.792401] PCI: Using ACPI for IRQ routing
[    0.798918] NetLabel: Initializing
[    0.800007] NetLabel:  domain hash size = 128
[    0.804004] NetLabel:  protocols = UNLABELED CIPSOv4 CALIPSO
[    0.808036] NetLabel:  unlabeled traffic allowed by default
[    0.816495] clocksource: Switched to clocksource kvm-clock
[    0.842073] VFS: Disk quotas dquot_6.6.0
[    0.842073] VFS: Dquot-cache hash table entries: 512 (order 0, 4096 bytes)
[    0.842073] AppArmor: AppArmor Filesystem Enabled
[    0.842073] pnp: PnP ACPI init
[    0.842073] pnp: PnP ACPI: found 3 devices
[    1.035160] clocksource: acpi_pm: mask: 0xffffff max_cycles: 0xffffff, max_idle_ns: 2085701024 ns
[    1.050695] NET: Registered protocol family 2
[    1.054535] IP idents hash table entries: 65536 (order: 7, 524288 bytes)
[    1.079363] TCP established hash table entries: 32768 (order: 6, 262144 bytes)
[    1.093583] TCP bind hash table entries: 32768 (order: 7, 524288 bytes)
[    1.095627] TCP: Hash tables configured (established 32768 bind 32768)
[    1.095627] UDP hash table entries: 2048 (order: 4, 65536 bytes)
[    1.095627] UDP-Lite hash table entries: 2048 (order: 4, 65536 bytes)
[    1.095627] NET: Registered protocol family 1
[    1.095627] pci 0000:00:00.0: Limiting direct PCI/PCI transfers
[    1.095627] pci 0000:00:01.0: Activating ISA DMA hang workarounds
[    1.095627] pci 0000:00:02.0: Video device with shadowed ROM at [mem 0x000c0000-0x000dffff]
[    1.095627] Unpacking initramfs...
[    2.304907] Freeing initrd memory: 20396K
[    2.314791] clocksource: tsc: mask: 0xffffffffffffffff max_cycles: 0x396d4e5fc9d, max_idle_ns: 881590756024 ns
[    2.336979] platform rtc_cmos: registered platform RTC device (no PNP device found)
[    2.355082] Scanning for low memory corruption every 60 seconds
[    2.375126] Initialise system trusted keyrings
[    2.385293] Key type blacklist registered
[    2.395835] workingset: timestamp_bits=36 max_order=20 bucket_order=0
[    2.415720] zbud: loaded
[    2.425646] squashfs: version 4.0 (2009/01/31) Phillip Lougher
[    2.441896] fuse init (API version 7.26)
[    2.502652] Key type asymmetric registered
[    2.512774] Asymmetric key parser 'x509' registered
[    2.525662] Block layer SCSI generic (bsg) driver version 0.4 loaded (major 246)
[    2.543127] io scheduler noop registered
[    2.552422] io scheduler deadline registered
[    2.564392] io scheduler cfq registered (default)
[    2.578531] ACPI: AC Adapter [AC] (on-line)
[    2.589605] input: Power Button as /devices/LNXSYSTM:00/LNXPWRBN:00/input/input0
[    2.618439] ACPI: Power Button [PWRF]
[    2.630581] input: Sleep Button as /devices/LNXSYSTM:00/LNXSLPBN:00/input/input1
[    2.649908] ACPI: Sleep Button [SLPF]
[    2.666325] Serial: 8250/16550 driver, 32 ports, IRQ sharing enabled
[    2.666803] ACPI: Battery Slot [BAT0] (battery present)
[    2.753268] 00:02: ttyS0 at I/O 0x3f8 (irq = 4, base_baud = 115200) is a 16550A
[    2.783485] Linux agpgart interface v0.103
[    2.814885] loop: module loaded
[    2.834489] scsi host0: ata_piix
[    2.847803] scsi host1: ata_piix
[    2.857878] ata1: PATA max UDMA/33 cmd 0x1f0 ctl 0x3f6 bmdma 0xd000 irq 14
[    2.876278] ata2: PATA max UDMA/33 cmd 0x170 ctl 0x376 bmdma 0xd008 irq 15
[    2.895740] tun: Universal TUN/TAP device driver, 1.6
[    2.909406] PPP generic driver version 2.4.2
[    2.925782] ehci_hcd: USB 2.0 'Enhanced' Host Controller (EHCI) Driver
[    2.944943] ehci-pci: EHCI PCI platform driver
[    2.958196] ehci-platform: EHCI generic platform driver
[    2.971936] ohci_hcd: USB 1.1 'Open' Host Controller (OHCI) Driver
[    2.989433] ohci-pci: OHCI PCI platform driver
[    3.002567] ohci-platform: OHCI generic platform driver
[    3.015256] uhci_hcd: USB Universal Host Controller Interface driver
[    3.031235] i8042: PNP: PS/2 Controller [PNP0303:PS2K,PNP0f03:PS2M] at 0x60,0x64 irq 1,12
[    3.059601] serio: i8042 KBD port at 0x60,0x64 irq 1
[    3.072502] serio: i8042 AUX port at 0x60,0x64 irq 12
[    3.085761] mousedev: PS/2 mouse device common for all mice
[    3.103857] input: AT Translated Set 2 keyboard as /devices/platform/i8042/serio0/input/input2
[    3.127655] rtc_cmos rtc_cmos: rtc core: registered rtc_cmos as rtc0
[    3.145412] rtc_cmos rtc_cmos: alarms up to one day, 114 bytes nvram
[    3.164051] i2c /dev entries driver
[    3.172249] device-mapper: uevent: version 1.0.3
[    3.183843] device-mapper: ioctl: 4.37.0-ioctl (2017-09-20) initialised: dm-devel@redhat.com
[    3.202242] ledtrig-cpu: registered to indicate activity on CPUs
[    3.222205] NET: Registered protocol family 10
[    3.255135] Segment Routing with IPv6
[    3.264365] NET: Registered protocol family 17
[    3.275721] Key type dns_resolver registered
[    3.288271] mce: Using 0 MCE banks
[    3.296331] RAS: Correctable Errors collector initialized.
[    3.308235] sched_clock: Marking stable (3308113778, 0)->(5659897808, -2351784030)
[    3.337678] registered taskstats version 1
[    3.347190] Loading compiled-in X.509 certificates
[    3.369359] Loaded X.509 cert 'Build time autogenerated kernel key: cdc7189136aaa35407544516090e2034d9c28e14'
[    3.390667] Loaded X.509 cert 'Canonical Ltd. Live Patch Signing: 14df34d1a87cf37625abec039ef2bf521249b969'
[    3.410302] Loaded X.509 cert 'Canonical Ltd. Kernel Module Signing: 88f752e560a1e0737e31163a466ad7b70a850c19'
[    3.428984] blacklist: Loading compiled-in revocation X.509 certificates
[    3.441950] Loaded X.509 cert 'Canonical Ltd. Secure Boot Signing: 61482aa2830d0ab2ad5af10b7250da9033ddcef0'
[    3.462256] Loaded X.509 cert 'Canonical Ltd. Secure Boot Signing (2017): 242ade75ac4a15e50d50c84b0d45ff3eae707a03'
[    3.482951] Loaded X.509 cert 'Canonical Ltd. Secure Boot Signing (ESM 2018): 365188c1d374d6b07c3c8f240f8ef722433d6a8b'
[    3.503442] Loaded X.509 cert 'Canonical Ltd. Secure Boot Signing (2019): c0746fd6c5da3ae827864651ad66ae47fe24b3e8'
[    3.523441] Loaded X.509 cert 'Canonical Ltd. Secure Boot Signing (2021 v1): a8d54bbb3825cfb94fa13c9f8a594a195c107b8d'
[    3.545599] Loaded X.509 cert 'Canonical Ltd. Secure Boot Signing (2021 v2): 4cf046892d6fd3c9a5b03f98d845f90851dc6a8c'
[    3.566913] Loaded X.509 cert 'Canonical Ltd. Secure Boot Signing (2021 v3): 100437bb6de6e469b581e61cd66bce3ef4ed53af'
[    3.586950] Loaded X.509 cert 'Canonical Ltd. Secure Boot Signing (Ubuntu Core 2019): c1d57b8f6b743f23ee41f4f7ee292f06eecadfb9'
[    3.608381] zswap: loaded using pool lzo/zbud
[    3.638296] Key type big_key registered
[    3.646142] Key type trusted registered
[    3.662253] Key type encrypted registered
[    3.670752] AppArmor: AppArmor sha1 policy hashing enabled
[    3.681518] ima: No TPM chip found, activating TPM-bypass! (rc=-19)
[    3.694000] ima: Allocated hash algorithm: sha1
[    3.702688] evm: HMAC attrs: 0x1
[    3.711736]   Magic number: 4:15:340
[    3.720532] rtc_cmos rtc_cmos: setting system clock to 2024-12-12 17:18:22 UTC (1734023902)
[    3.740695] BIOS EDD facility v0.16 2004-Jun-25, 0 devices found
[    3.753898] EDD information not available.
[    3.770495] Freeing unused kernel image memory: 2480K
[    3.818333] Write protecting the kernel read-only data: 20480k
[    3.836132] Freeing unused kernel image memory: 2008K
[    3.849457] Freeing unused kernel image memory: 1820K
[    3.871863] x86/mm: Checked W+X mappings: passed, no W+X pages found.
[    3.884147] x86/mm: Checking user space page tables
[    3.903934] x86/mm: Checked W+X mappings: passed, no W+X pages found.
Loading, please wait...
starting version 237
[    4.110892] e1000: Intel(R) PRO/1000 Network Driver - version 7.3.21-k8-NAPI
[    4.126151] e1000: Copyright (c) 1999-2006 Intel Corporation.
[    4.187841] Fusion MPT base driver 3.04.20
[    4.197413] Copyright (c) 1999-2008 LSI Corporation
[    4.267494] SSE version of gcm_enc/dec engaged.
[    4.294801] Fusion MPT SPI Host driver 3.04.20
[    4.506160] input: ImExPS/2 Generic Explorer Mouse as /devices/platform/i8042/serio1/input/input4
[    5.527638] e1000 0000:00:03.0 eth0: (PCI:33MHz:32-bit) 02:3b:7b:b7:3b:2d
[    5.537979] e1000 0000:00:03.0 eth0: Intel(R) PRO/1000 Network Connection
[    5.552660] mptbase: ioc0: Initiating bringup
[    6.263149] ioc0: LSI53C1030 A0: Capabilities={Initiator}
[    7.237911] scsi host2: ioc0: LSI53C1030 A0, FwRev=00000000h, Ports=1, MaxQ=256, IRQ=20
[    7.629305] scsi 2:0:0:0: Direct-Access     VBOX     HARDDISK         1.0  PQ: 0 ANSI: 5
[    7.673693] scsi target2:0:0: Beginning Domain Validation
[    7.699252] scsi target2:0:0: Domain Validation skipping write tests
[    7.714539] scsi target2:0:0: Ending Domain Validation
[    7.726293] scsi target2:0:0: asynchronous
[    7.737612] scsi 2:0:1:0: Direct-Access     VBOX     HARDDISK         1.0  PQ: 0 ANSI: 5
[    8.104403] scsi target2:0:1: Beginning Domain Validation
[    8.126540] scsi target2:0:1: Domain Validation skipping write tests
[    8.145337] scsi target2:0:1: Ending Domain Validation
[    8.158734] scsi target2:0:1: asynchronous
[    8.195720] sd 2:0:0:0: [sda] 83886080 512-byte logical blocks: (42.9 GB/40.0 GiB)
[    8.213339] sd 2:0:0:0: [sda] Write Protect is off
[    8.224746] sd 2:0:0:0: Attached scsi generic sg0 type 0
[    8.238603] sd 2:0:0:0: [sda] Incomplete mode parameter data
[    8.251711] sd 2:0:0:0: [sda] Assuming drive cache: write through
[    8.270441] sd 2:0:1:0: Attached scsi generic sg1 type 0
[    8.284636] sd 2:0:1:0: [sdb] 20480 512-byte logical blocks: (10.5 MB/10.0 MiB)
[    8.305376] sd 2:0:1:0: [sdb] Write Protect is off
[    8.314694]  sda: sda1
[    8.325691] sd 2:0:1:0: [sdb] Incomplete mode parameter data
[    8.337525] sd 2:0:1:0: [sdb] Assuming drive cache: write through
[    8.351207] sd 2:0:0:0: [sda] Attached SCSI disk
[    8.375215] sd 2:0:1:0: [sdb] Attached SCSI disk
[    8.821322] e1000 0000:00:08.0 eth1: (PCI:33MHz:32-bit) 08:00:27:a0:fd:dc
[    8.834395] e1000 0000:00:08.0 eth1: Intel(R) PRO/1000 Network Connection
[    9.774140] e1000 0000:00:09.0 eth2: (PCI:33MHz:32-bit) 08:00:27:e2:c4:a1
[    9.787422] e1000 0000:00:09.0 eth2: Intel(R) PRO/1000 Network Connection
[    9.802983] e1000 0000:00:03.0 enp0s3: renamed from eth0
[    9.829502] e1000 0000:00:08.0 enp0s8: renamed from eth1
[   11.707863] e1000 0000:00:09.0 enp0s9: renamed from eth2
Begin: Loading essential drivers ... [   14.712732] raid6: sse2x1   gen()  6972 MB/s
[   15.707114] raid6: sse2x1   xor() 126568 MB/s
[   16.709747] raid6: sse2x2   gen() 223117 MB/s
[   18.705678] raid6: sse2x2   xor() 140649 MB/s
[   19.704299] raid6: sse2x4   gen() 248661 MB/s
[   19.770535] raid6: sse2x4   xor()  7360 MB/s
[   19.779535] raid6: using algorithm sse2x4 gen() 248661 MB/s
[   19.791896] raid6: .... xor() 7360 MB/s, rmw enabled
[   19.801606] raid6: using ssse3x2 recovery algorithm
[   19.816761] xor: measuring software checksum speed
[   19.864217]    prefetch64-sse: 12368.000 MB/sec
[   19.912588]    generic_sse: 11669.000 MB/sec
[   19.920157] xor: using function: prefetch64-sse (12368.000 MB/sec)
[   19.934527] async_tx: api initialized (async)
done.
Begin: Running /scripts/init-premount ... done.
Begin: Mounting root file system ... Begin: Running /scripts/local-top ... done.
Begin: Running /scripts/local-premount ... [   20.063354] Btrfs loaded, crc32c=crc32c-intel
Scanning for Btrfs filesystems
done.
Begin: Will now check root file system ... fsck from util-linux 2.31.1
[/sbin/fsck.ext4 (1) -- /dev/sda1] fsck.ext4 -a -C0 /dev/sda1 
cloudimg-rootfs: clean, 176644/5120000 files, 1300954/10485499 blocks
done.
[   20.215255] EXT4-fs (sda1): mounted filesystem with ordered data mode. Opts: (null)
done.
Begin: Running /scripts/local-bottom ... done.
Begin: Running /scripts/init-bottom ... done.
[   20.930625] ip_tables: (C) 2000-2006 Netfilter Core Team
[   20.974088] systemd[1]: systemd 237 running in system mode. (+PAM +AUDIT +SELINUX +IMA +APPARMOR +SMACK +SYSVINIT +UTMP +LIBCRYPTSETUP +GCRYPT +GNUTLS +ACL +XZ +LZ4 +SECCOMP +BLKID +ELFUTILS +KMOD -IDN2 +IDN -PCRE2 default-hierarchy=hybrid)
[   21.012663] systemd[1]: Detected virtualization oracle.
[   21.023913] systemd[1]: Detected architecture x86-64.

Welcome to [1mUbuntu 18.04.6 LTS[0m!

[   21.093179] systemd[1]: Set hostname to <puppet>.
[   21.978617] systemd[1]: Reached target Mounting snaps.
[[0;32m  OK  [0m] Reached target Mounting snaps.
[   22.008302] systemd[1]: Set up automount Arbitrary Executable File Formats File System Automount Point.
[[0;32m  OK  [0m] Set up automount Arbitrary Executabâ€¦rmats File System Automount Point.
[   22.048070] systemd[1]: Reached target Mounted snaps.
[[0;32m  OK  [0m] Reached target Mounted snaps.
[   22.105312] systemd[1]: Created slice User and Session Slice.
[[0;32m  OK  [0m] Created slice User and Session Slice.
[   22.132863] systemd[1]: Reached target User and Group Name Lookups.
[[0;32m  OK  [0m] Reached target User and Group Name Lookups.
[   22.162535] systemd[1]: Started ntp-systemd-netif.path.
[[0;32m  OK  [0m] Started ntp-systemd-netif.path.
[[0;32m  OK  [0m] Reached target Swap.
[[0;32m  OK  [0m] Created slice System Slice.
[[0;32m  OK  [0m] Listening on Journal Socket (/dev/log).
[[0;32m  OK  [0m] Listening on udev Kernel Socket.
[[0;32m  OK  [0m] Listening on Syslog Socket.
[[0;32m  OK  [0m] Listening on Journal Audit Socket.
[[0;32m  OK  [0m] Listening on fsck to fsckd communication Socket.
[[0;32m  OK  [0m] Created slice system-postgresql.slice.
[[0;32m  OK  [0m] Listening on udev Control Socket.
[[0;32m  OK  [0m] Listening on Network Service Netlink Socket.
[[0;32m  OK  [0m] Listening on /dev/initctl Compatibility Named Pipe.
[[0;32m  OK  [0m] Started Forward Password Requests to Wall Directory Watch.
[[0;32m  OK  [0m] Created slice system-serial\x2dgetty.slice.
[[0;32m  OK  [0m] Listening on Device-mapper event daemon FIFOs.
[[0;32m  OK  [0m] Reached target System Time Synchronized.
[[0;32m  OK  [0m] Listening on LVM2 metadata daemon socket.
[[0;32m  OK  [0m] Listening on Journal Socket.
         Starting Create list of required stâ€¦ce nodes for the current kernel...
         Mounting Huge Pages File System...
         Starting Journal Service...
         Starting Set the console keyboard layout...
         Starting Load Kernel Modules...
[   22.611008] Loading iSCSI transport class v2.0-870.
         Starting udev Coldplug all Devices...
         Mounting POSIX Message Queue File System...
         Starting Remount Root and Kernel File Systems...
         Starting Uncomplicated firewall...
         Starting Monitoring of LVM2 mirrorsâ€¦ng dmeventd or progress polling...
[[0;32m  OK  [0m] Listening on LVM2 poll daemon socket.
         Mounting Kernel Debug File System...
[[0;32m  OK  [0m] Reached target Slices.
[[0;32m  OK  [0m] Started Create list of required staâ€¦vice nodes for the current kernel.
[[0;32m  OK  [0m] Mounted Huge Pages File System.
[[0;32m  OK  [0m] Mounted POSIX Message Queue File System.
         Starting Create Static Device Nodes in /dev...
[[0;32m  OK  [0m] Mounted Kernel Debug File System.
[[0;32m  OK  [0m] Started Uncomplicated firewall.
[   22.822062] EXT4-fs (sda1): re-mounted. Opts: (null)
[[0;32m  OK  [0m] Started Journal Service.
[[0;32m  OK  [0m] Started Remount Root and Kernel File Systems.
         Starting Flush Journal to Persistent Storage...
         Starting Load/Save Random Seed...
[   22.952943] iscsi: registered transport (tcp)
[[0;32m  OK  [0m] Started Create Static Device Nodes in /dev.
         Starting udev Kernel Device Manager...
[[0;32m  OK  [0m] Started udev Coldplug all Devices.
[   23.086451] systemd-journald[423]: Received request to flush runtime journal from PID 1
[[0;32m  OK  [0m] Started Load/Save Random Seed.
[[0;32m  OK  [0m] Started LVM2 metadata daemon.
[[0;32m  OK  [0m] Started Set the console keyboard layout.
[[0;32m  OK  [0m] Started udev Kernel Device Manager.
[[0;32m  OK  [0m] Started Dispatch Password Requests to Console Directory Watch.
[[0;32m  OK  [0m] Reached target Local Encrypted Volumes.
[[0;32m  OK  [0m] Started Monitoring of LVM2 mirrors,â€¦sing dmeventd or progress polling.
[[0;32m  OK  [0m] Reached target Local File Systems (Pre).
[[0;32m  OK  [0m] Reached target Local File Systems.
         Starting AppArmor initialization...
         Starting Tell Plymouth To Write Out Runtime Data...
         Starting Set console font and keymap...
         Starting ebtables ruleset management...
[   23.706196] iscsi: registered transport (iser)
[[0;32m  OK  [0m] Started Tell Plymouth To Write Out Runtime Data.
[[0;32m  OK  [0m] Started Load Kernel Modules.
         Starting Apply Kernel Variables...
         Starting netfilter persistent configuration...
         Mounting Kernel Configuration File System...
         Mounting FUSE Control File System...
[[0;32m  OK  [0m] Started Set console font and keymap.
[[0;32m  OK  [0m] Mounted FUSE Control File System.
[[0;32m  OK  [0m] Mounted Kernel Configuration File System.
[[0;32m  OK  [0m] Started Apply Kernel Variables.
[[0;32m  OK  [0m] Started Flush Journal to Persistent Storage.
         Starting Create Volatile Files and Directories...
[[0;32m  OK  [0m] Started ebtables ruleset management.
[[0;32m  OK  [0m] Started Create Volatile Files and Directories.
         Starting Network Time Synchronization...
         Starting Tell Plymouth To Write Out Runtime Data...
         Starting Update UTMP about System Boot/Shutdown...
[[0;32m  OK  [0m] Started Tell Plymouth To Write Out Runtime Data.
[[0;32m  OK  [0m] Started Update UTMP about System Boot/Shutdown.
[[0;32m  OK  [0m] Found device /dev/ttyS0.
[[0;32m  OK  [0m] Started Network Time Synchronization.
[[0;32m  OK  [0m] Listening on Load/Save RF Kill Switch Status /dev/rfkill Watch.
[[0;32m  OK  [0m] Started netfilter persistent configuration.
[[0;32m  OK  [0m] Started AppArmor initialization.
         Starting Load AppArmor profiles managed internally by snapd...
         Starting Initial cloud-init job (pre-networking)...
         Mounting Arbitrary Executable File Formats File System...
[[0;32m  OK  [0m] Mounted Arbitrary Executable File Formats File System.
[[0;32m  OK  [0m] Started Load AppArmor profiles managed internally by snapd.
[   29.272878] cloud-init[593]: Cloud-init v. 23.1.2-0ubuntu0~18.04.1 running 'init-local' at Thu, 12 Dec 2024 17:18:47 +0000. Up 28.85 seconds.
[[0;32m  OK  [0m] Started Initial cloud-init job (pre-networking).
[[0;32m  OK  [0m] Reached target Network (Pre).
         Starting Network Service...
[[0;32m  OK  [0m] Started Network Service.
         Starting Network Name Resolution...
         Starting Wait for Network to be Configured...
[[0;32m  OK  [0m] Started Network Name Resolution.
[[0;32m  OK  [0m] Reached target Host and Network Name Lookups.
[[0;32m  OK  [0m] Reached target Network.
         Starting Tell Plymouth To Write Out Runtime Data...
[[0;32m  OK  [0m] Started Tell Plymouth To Write Out Runtime Data.
         Starting Tell Plymouth To Write Out Runtime Data...
[[0;32m  OK  [0m] Started Tell Plymouth To Write Out Runtime Data.
         Starting Tell Plymouth To Write Out Runtime Data...
[[0;32m  OK  [0m] Started Tell Plymouth To Write Out Runtime Data.
[[0;1;31mFAILED[0m] Failed to start Tell Plymouth To Write Out Runtime Data.
See 'systemctl status plymouth-read-write.service' for details.
[[0;1;31mFAILED[0m] Failed to start Tell Plymouth To Write Out Runtime Data.
See 'systemctl status plymouth-read-write.service' for details.
[[0;32m  OK  [0m] Started Wait for Network to be Configured.
         Starting Initial cloud-init job (metadata service crawler)...
[   33.731615] cloud-init[779]: Cloud-init v. 23.1.2-0ubuntu0~18.04.1 running 'init' at Thu, 12 Dec 2024 17:18:52 +0000. Up 33.37 seconds.
[   33.757411] cloud-init[779]: ci-info: ++++++++++++++++++++++++++++++++++++++Net device info+++++++++++++++++++++++++++++++++++++++
[   33.777650] cloud-init[779]: ci-info: +--------+------+-----------------------------+---------------+--------+-------------------+
[   33.797105] cloud-init[779]: ci-info: | Device |  Up  |           Address           |      Mask     | Scope  |     Hw-Address    |
[   33.821680] cloud-init[779]: ci-info: +--------+------+-----------------------------+---------------+--------+-------------------+
[   33.839619] cloud-init[779]: ci-info: | enp0s3 | True |          10.0.2.15          | 255.255.255.0 | global | 02:3b:7b:b7:3b:2d |
[   33.857158] cloud-init[779]: ci-info: | enp0s3 | True |  fe80::3b:7bff:feb7:3b2d/64 |       .       |  link  | 02:3b:7b:b7:3b:2d |
[   33.878347] cloud-init[779]: ci-info: | enp0s8 | True |        192.168.50.10        | 255.255.255.0 | global | 08:00:27:a0:fd:dc |
[   33.898841] cloud-init[779]: ci-info: | enp0s8 | True | fe80::a00:27ff:fea0:fddc/64 |       .       |  link  | 08:00:27:a0:fd:dc |
[   33.922705] cloud-init[779]: ci-info: | enp0s9 | True |          10.0.0.29          | 255.255.255.0 | global | 08:00:27:e2:c4:a1 |
[   33.946077] cloud-init[779]: ci-info: | enp0s9 | True | fe80::a00:27ff:fee2:c4a1/64 |       .       |  link  | 08:00:27:e2:c4:a1 |
[   33.970222] cloud-init[779]: ci-info: |   lo   | True |          127.0.0.1          |   255.0.0.0   |  host  |         .         |
[   33.991317] cloud-init[779]: ci-info: |   lo   | True |           ::1/128           |       .       |  host  |         .         |
[   34.010875] cloud-init[779]: ci-info: +--------+------+-----------------------------+---------------+--------+-------------------+
[   34.028875] cloud-init[779]: ci-info: ++++++++++++++++++++++++++++++Route IPv4 info++++++++++++++++++++++++++++++
[   34.047585] cloud-init[779]: ci-info: +-------+--------------+------------+-----------------+-----------+-------+
[   34.066813] cloud-init[779]: ci-info: | Route | Destination  |  Gateway   |     Genmask     | Interface | Flags |
[   34.083461] cloud-init[779]: ci-info: +-------+--------------+------------+-----------------+-----------+-------+
[   34.099152] cloud-init[779]: ci-info: |   0   |   0.0.0.0    | 10.0.0.138 |     0.0.0.0     |   enp0s9  |   UG  |
[   34.122348] cloud-init[779]: ci-info: |   1   |   0.0.0.0    |  10.0.2.2  |     0.0.0.0     |   enp0s3  |   UG  |
[   34.133265] cloud-init[779]: ci-info: |   2   |   10.0.0.0   |  0.0.0.0   |  255.255.255.0  |   enp0s9  |   U   |
[   34.143488] cloud-init[779]: ci-info: |   3   |  10.0.0.138  |  0.0.0.0   | 255.255.255.255 |   enp0s9  |   UH  |
[   34.153273] cloud-init[779]: ci-info: |   4   |   10.0.2.0   |  0.0.0.0   |  255.255.255.0  |   enp0s3  |   U   |
[   34.162673] cloud-init[779]: ci-info: |   5   |   10.0.2.2   |  0.0.0.0   | 255.255.255.255 |   enp0s3  |   UH  |
[   34.173282] cloud-init[779]: ci-info: |   6   | 192.168.50.0 |  0.0.0.0   |  255.255.255.0  |   enp0s8  |   U   |
[   34.185552] cloud-init[779]: ci-info: +-------+--------------+------------+-----------------+-----------+-------+
[   34.197454] cloud-init[779]: ci-info: ++++++++++++++++++++++++++++Route IPv6 info++++++++++++++++++++++++++++
[   34.219800] cloud-init[779]: ci-info: +-------+-------------+---------------------------+-----------+-------+
[   34.231383] cloud-init[779]: ci-info: | Route | Destination |          Gateway          | Interface | Flags |
[   34.245154] cloud-init[779]: ci-info: +-------+-------------+---------------------------+-----------+-------+
[   34.257064] cloud-init[779]: ci-info: |   1   |  fe80::/64  |             ::            |   enp0s9  |   U   |
[   34.266989] cloud-init[779]: ci-info: |   2   |  fe80::/64  |             ::            |   enp0s8  |   U   |
[   34.276882] cloud-init[779]: ci-info: |   3   |  fe80::/64  |             ::            |   enp0s3  |   U   |
[   34.286486] cloud-init[779]: ci-info: |   4   |     ::/0    | fe80::5e6a:80ff:fe91:a2fa |   enp0s9  |   UG  |
[   34.296056] cloud-init[779]: ci-info: |   6   |    local    |             ::            |   enp0s3  |   U   |
[   34.306853] cloud-init[779]: ci-info: |   7   |    local    |             ::            |   enp0s8  |   U   |
[   34.323786] cloud-init[779]: ci-info: |   8   |    local    |             ::            |   enp0s9  |   U   |
[   34.334798] cloud-init[779]: ci-info: |   9   |   ff00::/8  |             ::            |   enp0s9  |   U   |
[   34.345284] cloud-init[779]: ci-info: |   10  |   ff00::/8  |             ::            |   enp0s8  |   U   |
[   34.356960] cloud-init[779]: ci-info: |   11  |   ff00::/8  |             ::            |   enp0s3  |   U   |
[   34.367432] cloud-init[779]: ci-info: +-------+-------------+---------------------------+-----------+-------+
[[0;32m  OK  [0m] Started Initial cloud-init job (metadata service crawler).
[[0;32m  OK  [0m] Reached target Cloud-config availability.
[[0;32m  OK  [0m] Reached target System Initialization.
[[0;32m  OK  [0m] Started Discard unused blocks once a week.
[[0;32m  OK  [0m] Started Daily Cleanup of Temporary Directories.
[[0;32m  OK  [0m] Listening on Open-iSCSI iscsid Socket.
[[0;32m  OK  [0m] Listening on UUID daemon activation socket.
         Starting Socket activation for snappy daemon.
[[0;32m  OK  [0m] Started Daily apt download activities.
[[0;32m  OK  [0m] Started Daily apt upgrade and clean activities.
[[0;32m  OK  [0m] Listening on D-Bus System Message Bus Socket.
[[0;32m  OK  [0m] Started Message of the Day.
[[0;32m  OK  [0m] Listening on cloud-init hotplug hook socket.
[[0;32m  OK  [0m] Listening on ACPID Listen Socket.
[[0;32m  OK  [0m] Started Ubuntu Advantage Timer for running repeated jobs.
[[0;32m  OK  [0m] Reached target Timers.
         Starting LXD - unix socket.
[[0;32m  OK  [0m] Started ACPI Events Check.
[[0;32m  OK  [0m] Reached target Paths.
[[0;32m  OK  [0m] Reached target Network is Online.
[[0;32m  OK  [0m] Reached target Remote File Systems (Pre).
         Mounting /mynetworklab...
         Starting Availability of block devices...
[[0;32m  OK  [0m] Listening on Socket activation for snappy daemon.
[[0;32m  OK  [0m] Listening on LXD - unix socket.
[[0;32m  OK  [0m] Mounted /mynetworklab.
[[0;32m  OK  [0m] Started Availability of block devices.
[[0;32m  OK  [0m] Reached target Remote File Systems.
[[0;32m  OK  [0m] Reached target Sockets.
[[0;32m  OK  [0m] Reached target Basic System.
         Starting Accounts Service...
[[0;32m  OK  [0m] Started irqbalance daemon.
         Starting LSB: automatic crash report generation...
         Starting puppetdb Service...
         Starting LSB: Record successful boot for GRUB...
         Starting Login Service...
[[0;32m  OK  [0m] Reached target Login Prompts (Pre).
         Starting The Apache HTTP Server...
[[0;32m  OK  [0m] Started FUSE filesystem for LXC.
[[0;32m  OK  [0m] Started ntp-systemd-netif.service.
         Starting Resets System Activity Data Collector...
[[0;32m  OK  [0m] Started Deferred execution scheduler.
[[0;32m  OK  [0m] Started Regular background program processing daemon.
         Starting Dispatcher daemon for systemd-networkd...
         Starting Permit User Sessions...
[[0;32m  OK  [0m] Started D-Bus System Message Bus.
[[0;32m  OK  [0m] Started Login Service.
[[0;32m  OK  [0m] Started Unattended Upgrades Shutdown.
[[0;32m  OK  [0m] Started Puppet agent.
         Starting LXD - container startup/shutdown...
         Starting System Logging Service...
         Starting puppetserver Service...
         Starting OpenBSD Secure Shell server...
         Starting PostgreSQL Cluster 14-main...
         Starting Snap Daemon...
[[0;32m  OK  [0m] Started System Logging Service.
[[0;32m  OK  [0m] Started Resets System Activity Data Collector.
[[0;32m  OK  [0m] Started Permit User Sessions.
         Starting Authorization Manager...
         Starting Terminate Plymouth Boot Screen...
         Starting Hold until boot process finishes up...
[[0;32m  OK  [0m] Started Terminate Plymouth Boot Screen.
[[0;32m  OK  [0m] Started Hold until boot process finishes up.
         Starting Set console scheme...
[[0;32m  OK  [0m] Started Serial Getty on ttyS0.
[[0;32m  OK  [0m] Started LSB: automatic crash report generation.
[[0;32m  OK  [0m] Started Set console scheme.
[[0;32m  OK  [0m] Created slice system-getty.slice.
[[0;32m  OK  [0m] Started Getty on tty1.
[[0;32m  OK  [0m] Reached target Login Prompts.
[[0;32m  OK  [0m] Started OpenBSD Secure Shell server.
[[0;32m  OK  [0m] Started LSB: Record successful boot for GRUB.
[[0;32m  OK  [0m] Started Dispatcher daemon for systemd-networkd.
[[0;32m  OK  [0m] Started Authorization Manager.
[[0;32m  OK  [0m] Started Accounts Service.
[[0;32m  OK  [0m] Started The Apache HTTP Server.
[[0;32m  OK  [0m] Created slice User Slice of vagrant.
[[0;32m  OK  [0m] Started LXD - container startup/shutdown.
[[0;32m  OK  [0m] Started Session 1 of user vagrant.
         Starting User Manager for UID 1000...

Ubuntu 18.04.6 LTS puppet ttyS0

puppet login: [   50.656778] cloud-init[1479]: Cloud-init v. 23.1.2-0ubuntu0~18.04.1 running 'modules:config' at Thu, 12 Dec 2024 17:19:07 +0000. Up 48.84 seconds.
         Starting Network Time Service...
         Stopping Network Time Synchronization...
[[0;32m  OK  [0m] Stopped Network Time Synchronization.
[[0;32m  OK  [0m] Started Network Time Service.
[[0;32m  OK  [0m] Created slice User Slice of vagrant.
         Starting User Manager for UID 1000...
[[0;32m  OK  [0m] Started Session 4 of user vagrant.
[[0;32m  OK  [0m] Started User Manager for UID 1000.
