[    0.000000] Linux version 4.15.0-212-generic (buildd@lcy02-amd64-083) (gcc version 7.5.0 (Ubuntu 7.5.0-3ubuntu1~18.04)) #223-Ubuntu SMP Tue May 23 13:09:22 UTC 2023 (Ubuntu 4.15.0-212.223-generic 4.15.18)
[    0.000000] Command line: BOOT_IMAGE=/boot/vmlinuz-4.15.0-212-generic root=LABEL=cloudimg-rootfs ro console=tty1 console=ttyS0
[    0.000000] KERNEL supported cpus:
[    0.000000]   Intel GenuineIntel
[    0.000000]   AMD AuthenticAMD
[    0.000000]   Centaur CentaurHauls
[    0.000000] x86/fpu: x87 FPU will use FXSAVE
[    0.000000] e820: BIOS-provided physical RAM map:
[    0.000000] BIOS-e820: [mem 0x0000000000000000-0x000000000009fbff] usable
[    0.000000] BIOS-e820: [mem 0x000000000009fc00-0x000000000009ffff] reserved
[    0.000000] BIOS-e820: [mem 0x00000000000f0000-0x00000000000fffff] reserved
[    0.000000] BIOS-e820: [mem 0x0000000000100000-0x00000000bffeffff] usable
[    0.000000] BIOS-e820: [mem 0x00000000bfff0000-0x00000000bfffffff] ACPI data
[    0.000000] BIOS-e820: [mem 0x00000000fec00000-0x00000000fec00fff] reserved
[    0.000000] BIOS-e820: [mem 0x00000000fee00000-0x00000000fee00fff] reserved
[    0.000000] BIOS-e820: [mem 0x00000000fffc0000-0x00000000ffffffff] reserved
[    0.000000] NX (Execute Disable) protection: active
[    0.000000] SMBIOS 2.5 present.
[    0.000000] DMI: innotek GmbH VirtualBox/VirtualBox, BIOS VirtualBox 12/01/2006
[    0.000000] Hypervisor detected: KVM
[    0.000000] e820: last_pfn = 0xbfff0 max_arch_pfn = 0x400000000
[    0.000000] MTRR: Disabled
[    0.000000] x86/PAT: MTRRs disabled, skipping PAT initialization too.
[    0.000000] CPU MTRRs all blank - virtualized system.
[    0.000000] x86/PAT: Configuration [0-7]: WB  WT  UC- UC  WB  WT  UC- UC  
[    0.000000] found SMP MP-table at [mem 0x0009fff0-0x0009ffff]
[    0.000000] Scanning 1 areas for low memory corruption
[    0.000000] RAMDISK: [mem 0x359cb000-0x36cdcfff]
[    0.000000] ACPI: Early table checksum verification disabled
[    0.000000] ACPI: RSDP 0x00000000000E0000 000024 (v02 VBOX  )
[    0.000000] ACPI: XSDT 0x00000000BFFF0030 00003C (v01 VBOX   VBOXXSDT 00000001 ASL  00000061)
[    0.000000] ACPI: FACP 0x00000000BFFF00F0 0000F4 (v04 VBOX   VBOXFACP 00000001 ASL  00000061)
[    0.000000] ACPI: DSDT 0x00000000BFFF0610 002353 (v02 VBOX   VBOXBIOS 00000002 INTL 20100528)
[    0.000000] ACPI: FACS 0x00000000BFFF0200 000040
[    0.000000] ACPI: FACS 0x00000000BFFF0200 000040
[    0.000000] ACPI: APIC 0x00000000BFFF0240 00005C (v02 VBOX   VBOXAPIC 00000001 ASL  00000061)
[    0.000000] ACPI: SSDT 0x00000000BFFF02A0 00036C (v01 VBOX   VBOXCPUT 00000002 INTL 20100528)
[    0.000000] ACPI: Reserving FACP table memory at [mem 0xbfff00f0-0xbfff01e3]
[    0.000000] ACPI: Reserving DSDT table memory at [mem 0xbfff0610-0xbfff2962]
[    0.000000] ACPI: Reserving FACS table memory at [mem 0xbfff0200-0xbfff023f]
[    0.000000] ACPI: Reserving FACS table memory at [mem 0xbfff0200-0xbfff023f]
[    0.000000] ACPI: Reserving APIC table memory at [mem 0xbfff0240-0xbfff029b]
[    0.000000] ACPI: Reserving SSDT table memory at [mem 0xbfff02a0-0xbfff060b]
[    0.000000] No NUMA configuration found
[    0.000000] Faking a node at [mem 0x0000000000000000-0x00000000bffeffff]
[    0.000000] NODE_DATA(0) allocated [mem 0xbffc5000-0xbffeffff]
[    0.000000] kvm-clock: cpu 0, msr 0:bff44001, primary cpu clock
[    0.000000] kvm-clock: Using msrs 4b564d01 and 4b564d00
[    0.000000] kvm-clock: using sched offset of 5493976765 cycles
[    0.000000] clocksource: kvm-clock: mask: 0xffffffffffffffff max_cycles: 0x1cd42e4dffb, max_idle_ns: 881590591483 ns
[    0.000000] Zone ranges:
[    0.000000]   DMA      [mem 0x0000000000001000-0x0000000000ffffff]
[    0.000000]   DMA32    [mem 0x0000000001000000-0x00000000bffeffff]
[    0.000000]   Normal   empty
[    0.000000]   Device   empty
[    0.000000] Movable zone start for each node
[    0.000000] Early memory node ranges
[    0.000000]   node   0: [mem 0x0000000000001000-0x000000000009efff]
[    0.000000]   node   0: [mem 0x0000000000100000-0x00000000bffeffff]
[    0.000000] Reserved but unavailable: 104 pages
[    0.000000] Initmem setup node 0 [mem 0x0000000000001000-0x00000000bffeffff]
[    0.000000] ACPI: PM-Timer IO Port: 0x4008
[    0.000000] IOAPIC[0]: apic_id 2, version 32, address 0xfec00000, GSI 0-23
[    0.000000] ACPI: INT_SRC_OVR (bus 0 bus_irq 0 global_irq 2 dfl dfl)
[    0.000000] ACPI: INT_SRC_OVR (bus 0 bus_irq 9 global_irq 9 low level)
[    0.000000] Using ACPI (MADT) for SMP configuration information
[    0.000000] smpboot: Allowing 2 CPUs, 0 hotplug CPUs
[    0.000000] PM: Registered nosave memory: [mem 0x00000000-0x00000fff]
[    0.000000] PM: Registered nosave memory: [mem 0x0009f000-0x0009ffff]
[    0.000000] PM: Registered nosave memory: [mem 0x000a0000-0x000effff]
[    0.000000] PM: Registered nosave memory: [mem 0x000f0000-0x000fffff]
[    0.000000] e820: [mem 0xc0000000-0xfebfffff] available for PCI devices
[    0.000000] Booting paravirtualized kernel on KVM
[    0.000000] clocksource: refined-jiffies: mask: 0xffffffff max_cycles: 0xffffffff, max_idle_ns: 7645519600211568 ns
[    0.000000] setup_percpu: NR_CPUS:8192 nr_cpumask_bits:2 nr_cpu_ids:2 nr_node_ids:1
[    0.000000] percpu: Embedded 50 pages/cpu s167936 r8192 d28672 u1048576
[    0.000000] PV qspinlock hash table entries: 256 (order: 0, 4096 bytes)
[    0.000000] Built 1 zonelists, mobility grouping on.  Total pages: 774009
[    0.000000] Policy zone: DMA32
[    0.000000] Kernel command line: BOOT_IMAGE=/boot/vmlinuz-4.15.0-212-generic root=LABEL=cloudimg-rootfs ro console=tty1 console=ttyS0
[    0.000000] Memory: 3047028K/3145272K available (12300K kernel code, 2477K rwdata, 4324K rodata, 2480K init, 2720K bss, 98244K reserved, 0K cma-reserved)
[    0.000000] SLUB: HWalign=64, Order=0-3, MinObjects=0, CPUs=2, Nodes=1
[    0.000000] Kernel/User page tables isolation: enabled
[    0.000000] ftrace: allocating 39508 entries in 155 pages
[    0.004000] Hierarchical RCU implementation.
[    0.004000] 	RCU restricting CPUs from NR_CPUS=8192 to nr_cpu_ids=2.
[    0.004000] 	Tasks RCU enabled.
[    0.004000] RCU: Adjusting geometry for rcu_fanout_leaf=16, nr_cpu_ids=2
[    0.004000] NR_IRQS: 524544, nr_irqs: 440, preallocated irqs: 16
[    0.004000] random: crng init done
[    0.004000] Console: colour VGA+ 80x25
[    0.004000] console [tty1] enabled
[    0.004000] console [ttyS0] enabled
[    0.004000] ACPI: Core revision 20170831
[    0.004000] ACPI: 2 ACPI AML tables successfully acquired and loaded
[    0.004000] APIC: Switch to symmetric I/O mode setup
[    0.004000] ..TIMER: vector=0x30 apic1=0 pin1=2 apic2=-1 pin2=-1
[    0.004000] tsc: Detected 1991.998 MHz processor
[    0.004017] Calibrating delay loop (skipped) preset value.. 3983.99 BogoMIPS (lpj=7967992)
[    0.008011] pid_max: default: 32768 minimum: 301
[    0.012057] Security Framework initialized
[    0.016009] Yama: becoming mindful.
[    0.020059] AppArmor: AppArmor initialized
[    0.042165] Dentry cache hash table entries: 524288 (order: 10, 4194304 bytes)
[    0.070727] Inode-cache hash table entries: 262144 (order: 9, 2097152 bytes)
[    0.072557] Mount-cache hash table entries: 8192 (order: 4, 65536 bytes)
[    0.076537] Mountpoint-cache hash table entries: 8192 (order: 4, 65536 bytes)
[    0.086191] Last level iTLB entries: 4KB 64, 2MB 8, 4MB 8
[    0.088006] Last level dTLB entries: 4KB 64, 2MB 0, 4MB 0, 1GB 4
[    0.092008] Spectre V1 : Mitigation: usercopy/swapgs barriers and __user pointer sanitization
[    0.096013] Spectre V2 : Mitigation: Retpolines
[    0.100007] Spectre V2 : Spectre v2 / SpectreRSB mitigation: Filling RSB on context switch
[    0.104007] Spectre V2 : Spectre v2 / SpectreRSB : Filling RSB on VMEXIT
[    0.108007] RETBleed: WARNING: Spectre v2 mitigation leaves CPU vulnerable to RETBleed attacks, data leaks possible!
[    0.112008] RETBleed: Vulnerable
[    0.116007] Speculative Store Bypass: Vulnerable
[    0.120165] MDS: Mitigation: Clear CPU buffers
[    0.124007] MMIO Stale Data: Mitigation: Clear CPU buffers
[    0.128010] SRBDS: Unknown: Dependent on hypervisor status
[    0.132294] Freeing SMP alternatives memory: 36K
[    0.252212] APIC calibration not consistent with PM-Timer: 103ms instead of 100ms
[    0.256000] APIC delta adjusted to PM-Timer: 6279387 (6515965)
[    0.257181] smpboot: CPU0: Intel(R) Core(TM) i7-8550U CPU @ 1.80GHz (family: 0x6, model: 0x8e, stepping: 0xa)
[    0.260947] Performance Events: unsupported p6 CPU model 142 no PMU driver, software events only.
[    0.264219] Hierarchical SRCU implementation.
[    0.273479] NMI watchdog: Perf event create on CPU 0 failed with -2
[    0.276145] NMI watchdog: Perf NMI watchdog permanently disabled
[    0.280741] smp: Bringing up secondary CPUs ...
[    0.289901] x86: Booting SMP configuration:
[    0.292010] .... node  #0, CPUs:      #1
[    0.004000] kvm-clock: cpu 1, msr 0:bff44041, secondary cpu clock
[    0.319094] TSC synchronization [CPU#0 -> CPU#1]:
[    0.320000] Measured 83270 cycles TSC warp between CPUs, turning off TSC clock.
[    0.320000] tsc: Marking TSC unstable due to check_tsc_sync_source failed
[    0.324533] smp: Brought up 1 node, 2 CPUs
[    0.328012] smpboot: Max logical packages: 1
[    0.336015] smpboot: Total of 2 processors activated (7967.99 BogoMIPS)
[    0.348276] devtmpfs: initialized
[    0.356316] x86/mm: Memory block size: 128MB
[    0.365245] evm: security.selinux
[    0.368006] evm: security.SMACK64
[    0.372006] evm: security.SMACK64EXEC
[    0.376006] evm: security.SMACK64TRANSMUTE
[    0.380013] evm: security.SMACK64MMAP
[    0.384011] evm: security.apparmor
[    0.388010] evm: security.ima
[    0.392009] evm: security.capability
[    0.400017] clocksource: jiffies: mask: 0xffffffff max_cycles: 0xffffffff, max_idle_ns: 7645041785100000 ns
[    0.404037] futex hash table entries: 512 (order: 3, 32768 bytes)
[    0.408684] pinctrl core: initialized pinctrl subsystem
[    0.417345] RTC time: 13:31:27, date: 01/07/25
[    0.425077] NET: Registered protocol family 16
[    0.428456] audit: initializing netlink subsys (disabled)
[    0.436015] audit: type=2000 audit(1736256693.593:1): state=initialized audit_enabled=0 res=1
[    0.468029] cpuidle: using governor ladder
[    0.472030] cpuidle: using governor menu
[    0.476118] ACPI: bus type PCI registered
[    0.480015] acpiphp: ACPI Hot Plug PCI Controller Driver version: 0.5
[    0.485567] PCI: Using configuration type 1 for base access
[    0.501231] HugeTLB registered 2.00 MiB page size, pre-allocated 0 pages
[    0.516609] ACPI: Added _OSI(Module Device)
[    0.520018] ACPI: Added _OSI(Processor Device)
[    0.524013] ACPI: Added _OSI(3.0 _SCP Extensions)
[    0.528013] ACPI: Added _OSI(Processor Aggregator Device)
[    0.532021] ACPI: Added _OSI(Linux-Dell-Video)
[    0.536016] ACPI: Added _OSI(Linux-Lenovo-NV-HDMI-Audio)
[    0.540018] ACPI: Added _OSI(Linux-HPI-Hybrid-Graphics)
[    0.547008] ACPI: Executed 1 blocks of module-level executable AML code
[    0.564609] ACPI: Interpreter enabled
[    0.572057] ACPI: (supports S0 S5)
[    0.576012] ACPI: Using IOAPIC for interrupt routing
[    0.584226] PCI: Using host bridge windows from ACPI; if necessary, use "pci=nocrs" and report a bug
[    0.588857] ACPI: Enabled 2 GPEs in block 00 to 07
[    0.628000] ACPI: PCI Root Bridge [PCI0] (domain 0000 [bus 00-ff])
[    0.628034] acpi PNP0A03:00: _OSC: OS supports [ASPM ClockPM Segments MSI]
[    0.634219] acpi PNP0A03:00: _OSC: not requesting OS control; OS requires [ExtendedConfig ASPM ClockPM MSI]
[    0.636045] acpi PNP0A03:00: fail to add MMCONFIG information, can't access extended PCI configuration space under this bridge.
[    0.644700] PCI host bridge to bus 0000:00
[    0.648015] pci_bus 0000:00: root bus resource [io  0x0000-0x0cf7 window]
[    0.652015] pci_bus 0000:00: root bus resource [io  0x0d00-0xffff window]
[    0.656014] pci_bus 0000:00: root bus resource [mem 0x000a0000-0x000bffff window]
[    0.660020] pci_bus 0000:00: root bus resource [mem 0xc0000000-0xfdffffff window]
[    0.664014] pci_bus 0000:00: root bus resource [bus 00-ff]
[    0.688337] pci 0000:00:01.1: legacy IDE quirk: reg 0x10: [io  0x01f0-0x01f7]
[    0.692012] pci 0000:00:01.1: legacy IDE quirk: reg 0x14: [io  0x03f6]
[    0.696015] pci 0000:00:01.1: legacy IDE quirk: reg 0x18: [io  0x0170-0x0177]
[    0.700013] pci 0000:00:01.1: legacy IDE quirk: reg 0x1c: [io  0x0376]
[    0.768480] pci 0000:00:07.0: quirk: [io  0x4000-0x403f] claimed by PIIX4 ACPI
[    0.772089] pci 0000:00:07.0: quirk: [io  0x4100-0x410f] claimed by PIIX4 SMB
[    0.821756] ACPI: PCI Interrupt Link [LNKA] (IRQs 5 9 10 *11)
[    0.825166] ACPI: PCI Interrupt Link [LNKB] (IRQs 5 9 *10 11)
[    0.828458] ACPI: PCI Interrupt Link [LNKC] (IRQs 5 *9 10 11)
[    0.832448] ACPI: PCI Interrupt Link [LNKD] (IRQs 5 9 10 *11)
[    0.841655] SCSI subsystem initialized
[    0.848265] pci 0000:00:02.0: vgaarb: setting as boot VGA device
[    0.852000] pci 0000:00:02.0: vgaarb: VGA device added: decodes=io+mem,owns=io+mem,locks=none
[    0.852011] pci 0000:00:02.0: vgaarb: bridge control possible
[    0.856005] vgaarb: loaded
[    0.860165] ACPI: bus type USB registered
[    0.864030] usbcore: registered new interface driver usbfs
[    0.868063] usbcore: registered new interface driver hub
[    0.872018] usbcore: registered new device driver usb
[    0.876519] EDAC MC: Ver: 3.0.0
[    0.884506] PCI: Using ACPI for IRQ routing
[    0.889959] NetLabel: Initializing
[    0.892004] NetLabel:  domain hash size = 128
[    0.896004] NetLabel:  protocols = UNLABELED CIPSOv4 CALIPSO
[    0.900030] NetLabel:  unlabeled traffic allowed by default
[    0.908400] clocksource: Switched to clocksource kvm-clock
[    0.993738] VFS: Disk quotas dquot_6.6.0
[    1.011896] VFS: Dquot-cache hash table entries: 512 (order 0, 4096 bytes)
[    1.025594] AppArmor: AppArmor Filesystem Enabled
[    1.028652] pnp: PnP ACPI init
[    1.028652] pnp: PnP ACPI: found 3 devices
[    1.135190] clocksource: acpi_pm: mask: 0xffffff max_cycles: 0xffffff, max_idle_ns: 2085701024 ns
[    1.136491] NET: Registered protocol family 2
[    1.136491] IP idents hash table entries: 65536 (order: 7, 524288 bytes)
[    1.177934] TCP established hash table entries: 32768 (order: 6, 262144 bytes)
[    1.193353] TCP bind hash table entries: 32768 (order: 7, 524288 bytes)
[    1.210471] TCP: Hash tables configured (established 32768 bind 32768)
[    1.210471] UDP hash table entries: 2048 (order: 4, 65536 bytes)
[    1.210471] UDP-Lite hash table entries: 2048 (order: 4, 65536 bytes)
[    1.210471] NET: Registered protocol family 1
[    1.210471] pci 0000:00:00.0: Limiting direct PCI/PCI transfers
[    1.210471] pci 0000:00:01.0: Activating ISA DMA hang workarounds
[    1.210471] pci 0000:00:02.0: Video device with shadowed ROM at [mem 0x000c0000-0x000dffff]
[    1.296891] Unpacking initramfs...
[    2.360249] Freeing initrd memory: 19528K
[    2.369659] clocksource: tsc: mask: 0xffffffffffffffff max_cycles: 0x396d4e5fc9d, max_idle_ns: 881590756024 ns
[    2.389532] platform rtc_cmos: registered platform RTC device (no PNP device found)
[    2.406559] Scanning for low memory corruption every 60 seconds
[    2.423518] Initialise system trusted keyrings
[    2.433821] Key type blacklist registered
[    2.443633] workingset: timestamp_bits=36 max_order=20 bucket_order=0
[    2.462766] zbud: loaded
[    2.472232] squashfs: version 4.0 (2009/01/31) Phillip Lougher
[    2.487288] fuse init (API version 7.26)
[    2.584270] Key type asymmetric registered
[    2.592548] Asymmetric key parser 'x509' registered
[    2.604050] Block layer SCSI generic (bsg) driver version 0.4 loaded (major 246)
[    2.620458] io scheduler noop registered
[    2.628313] io scheduler deadline registered
[    2.637201] io scheduler cfq registered (default)
[    2.648609] ACPI: AC Adapter [AC] (on-line)
[    2.657341] input: Power Button as /devices/LNXSYSTM:00/LNXPWRBN:00/input/input0
[    2.672681] ACPI: Power Button [PWRF]
[    2.680759] input: Sleep Button as /devices/LNXSYSTM:00/LNXSLPBN:00/input/input1
[    2.694387] ACPI: Sleep Button [SLPF]
[    2.706462] ACPI: Battery Slot [BAT0] (battery present)
[    2.708611] Serial: 8250/16550 driver, 32 ports, IRQ sharing enabled
[    2.774349] 00:02: ttyS0 at I/O 0x3f8 (irq = 4, base_baud = 115200) is a 16550A
[    2.791187] Linux agpgart interface v0.103
[    2.805529] loop: module loaded
[    2.820630] scsi host0: ata_piix
[    2.829458] scsi host1: ata_piix
[    2.837232] ata1: PATA max UDMA/33 cmd 0x1f0 ctl 0x3f6 bmdma 0xd000 irq 14
[    2.849743] ata2: PATA max UDMA/33 cmd 0x170 ctl 0x376 bmdma 0xd008 irq 15
[    2.863019] tun: Universal TUN/TAP device driver, 1.6
[    2.874280] PPP generic driver version 2.4.2
[    2.886586] ehci_hcd: USB 2.0 'Enhanced' Host Controller (EHCI) Driver
[    2.898373] ehci-pci: EHCI PCI platform driver
[    2.906175] ehci-platform: EHCI generic platform driver
[    2.910084] ohci_hcd: USB 1.1 'Open' Host Controller (OHCI) Driver
[    2.910084] ohci-pci: OHCI PCI platform driver
[    2.910084] ohci-platform: OHCI generic platform driver
[    2.910084] uhci_hcd: USB Universal Host Controller Interface driver
[    2.951840] i8042: PNP: PS/2 Controller [PNP0303:PS2K,PNP0f03:PS2M] at 0x60,0x64 irq 1,12
[    2.974098] serio: i8042 KBD port at 0x60,0x64 irq 1
[    2.983246] serio: i8042 AUX port at 0x60,0x64 irq 12
[    2.994176] mousedev: PS/2 mouse device common for all mice
[    3.009430] rtc_cmos rtc_cmos: rtc core: registered rtc_cmos as rtc0
[    3.022041] rtc_cmos rtc_cmos: alarms up to one day, 114 bytes nvram
[    3.034010] i2c /dev entries driver
[    3.040561] device-mapper: uevent: version 1.0.3
[    3.048770] device-mapper: ioctl: 4.37.0-ioctl (2017-09-20) initialised: dm-devel@redhat.com
[    3.070355] ledtrig-cpu: registered to indicate activity on CPUs
[    3.081423] input: AT Translated Set 2 keyboard as /devices/platform/i8042/serio0/input/input2
[    3.098090] NET: Registered protocol family 10
[    3.114594] Segment Routing with IPv6
[    3.121904] NET: Registered protocol family 17
[    3.130361] Key type dns_resolver registered
[    3.139820] mce: Using 0 MCE banks
[    3.146828] RAS: Correctable Errors collector initialized.
[    3.156762] sched_clock: Marking stable (3156477380, 0)->(5706382178, -2549904798)
[    3.176882] registered taskstats version 1
[    3.185822] Loading compiled-in X.509 certificates
[    3.210318] Loaded X.509 cert 'Build time autogenerated kernel key: b5b26778eaa3ab3a4a6cee031137706e947d12ad'
[    3.229937] Loaded X.509 cert 'Canonical Ltd. Live Patch Signing: 14df34d1a87cf37625abec039ef2bf521249b969'
[    3.249670] Loaded X.509 cert 'Canonical Ltd. Kernel Module Signing: 88f752e560a1e0737e31163a466ad7b70a850c19'
[    3.268624] blacklist: Loading compiled-in revocation X.509 certificates
[    3.281952] Loaded X.509 cert 'Canonical Ltd. Secure Boot Signing: 61482aa2830d0ab2ad5af10b7250da9033ddcef0'
[    3.299758] Loaded X.509 cert 'Canonical Ltd. Secure Boot Signing (2017): 242ade75ac4a15e50d50c84b0d45ff3eae707a03'
[    3.318014] Loaded X.509 cert 'Canonical Ltd. Secure Boot Signing (ESM 2018): 365188c1d374d6b07c3c8f240f8ef722433d6a8b'
[    3.337151] Loaded X.509 cert 'Canonical Ltd. Secure Boot Signing (2019): c0746fd6c5da3ae827864651ad66ae47fe24b3e8'
[    3.355038] Loaded X.509 cert 'Canonical Ltd. Secure Boot Signing (2021 v1): a8d54bbb3825cfb94fa13c9f8a594a195c107b8d'
[    3.374313] Loaded X.509 cert 'Canonical Ltd. Secure Boot Signing (2021 v2): 4cf046892d6fd3c9a5b03f98d845f90851dc6a8c'
[    3.394071] Loaded X.509 cert 'Canonical Ltd. Secure Boot Signing (2021 v3): 100437bb6de6e469b581e61cd66bce3ef4ed53af'
[    3.416403] Loaded X.509 cert 'Canonical Ltd. Secure Boot Signing (Ubuntu Core 2019): c1d57b8f6b743f23ee41f4f7ee292f06eecadfb9'
[    3.440446] zswap: loaded using pool lzo/zbud
[    3.472750] Key type big_key registered
[    3.481686] Key type trusted registered
[    3.498247] Key type encrypted registered
[    3.508412] AppArmor: AppArmor sha1 policy hashing enabled
[    3.519214] ima: No TPM chip found, activating TPM-bypass! (rc=-19)
[    3.531714] ima: Allocated hash algorithm: sha1
[    3.541276] evm: HMAC attrs: 0x1
[    3.551992]   Magic number: 9:350:533
[    3.559802] tty ttyS13: hash matches
[    3.569294] rtc_cmos rtc_cmos: setting system clock to 2025-01-07 13:31:31 UTC (1736256691)
[    3.586053] BIOS EDD facility v0.16 2004-Jun-25, 0 devices found
[    3.599592] EDD information not available.
[    3.615178] Freeing unused kernel image memory: 2480K
[    4.075646] Write protecting the kernel read-only data: 20480k
[    4.087618] Freeing unused kernel image memory: 2008K
[    4.099136] Freeing unused kernel image memory: 1820K
[    4.116483] x86/mm: Checked W+X mappings: passed, no W+X pages found.
[    4.127148] x86/mm: Checking user space page tables
[    4.143828] x86/mm: Checked W+X mappings: passed, no W+X pages found.
Loading, please wait...
starting version 237
[    4.403245] e1000: Intel(R) PRO/1000 Network Driver - version 7.3.21-k8-NAPI
[    4.422324] e1000: Copyright (c) 1999-2006 Intel Corporation.
[    4.467352] Fusion MPT base driver 3.04.20
[    4.478149] Copyright (c) 1999-2008 LSI Corporation
[    4.549236] Fusion MPT SPI Host driver 3.04.20
[    4.566721] SSE version of gcm_enc/dec engaged.
[    4.813613] input: ImExPS/2 Generic Explorer Mouse as /devices/platform/i8042/serio1/input/input4
[    6.015604] e1000 0000:00:03.0 eth0: (PCI:33MHz:32-bit) 02:3b:7b:b7:3b:2d
[    6.031499] e1000 0000:00:03.0 eth0: Intel(R) PRO/1000 Network Connection
[    6.050562] mptbase: ioc0: Initiating bringup
[    6.177891] ioc0: LSI53C1030 A0: Capabilities={Initiator}
[    6.458097] scsi host2: ioc0: LSI53C1030 A0, FwRev=00000000h, Ports=1, MaxQ=256, IRQ=20
[    6.643212] scsi 2:0:0:0: Direct-Access     VBOX     HARDDISK         1.0  PQ: 0 ANSI: 5
[    6.708363] scsi target2:0:0: Beginning Domain Validation
[    6.730969] scsi target2:0:0: Domain Validation skipping write tests
[    6.745632] scsi target2:0:0: Ending Domain Validation
[    6.755005] scsi target2:0:0: asynchronous
[    6.766480] scsi 2:0:1:0: Direct-Access     VBOX     HARDDISK         1.0  PQ: 0 ANSI: 5
[    7.180374] scsi target2:0:1: Beginning Domain Validation
[    7.206199] scsi target2:0:1: Domain Validation skipping write tests
[    7.221481] scsi target2:0:1: Ending Domain Validation
[    7.235834] scsi target2:0:1: asynchronous
[    7.274403] sd 2:0:0:0: [sda] 83886080 512-byte logical blocks: (42.9 GB/40.0 GiB)
[    7.289735] sd 2:0:0:0: Attached scsi generic sg0 type 0
[    7.305076] sd 2:0:0:0: [sda] Write Protect is off
[    7.317721] sd 2:0:1:0: Attached scsi generic sg1 type 0
[    7.330208] sd 2:0:0:0: [sda] Incomplete mode parameter data
[    7.344707] sd 2:0:0:0: [sda] Assuming drive cache: write through
[    7.368004]  sda: sda1
[    7.376022] sd 2:0:1:0: [sdb] 20480 512-byte logical blocks: (10.5 MB/10.0 MiB)
[    7.394030] sd 2:0:0:0: [sda] Attached SCSI disk
[    7.403673] sd 2:0:1:0: [sdb] Write Protect is off
[    7.414669] sd 2:0:1:0: [sdb] Incomplete mode parameter data
[    7.427016] sd 2:0:1:0: [sdb] Assuming drive cache: write through
[    7.455060] sd 2:0:1:0: [sdb] Attached SCSI disk
[    7.867434] e1000 0000:00:08.0 eth1: (PCI:33MHz:32-bit) 08:00:27:9d:f1:2d
[    7.885705] e1000 0000:00:08.0 eth1: Intel(R) PRO/1000 Network Connection
[    9.076424] e1000 0000:00:09.0 eth2: (PCI:33MHz:32-bit) 08:00:27:c9:22:66
[    9.092714] e1000 0000:00:09.0 eth2: Intel(R) PRO/1000 Network Connection
[    9.117307] e1000 0000:00:03.0 enp0s3: renamed from eth0
[    9.145368] e1000 0000:00:08.0 enp0s8: renamed from eth1
[    9.201847] e1000 0000:00:09.0 enp0s9: renamed from eth2
Begin: Loading essential drivers ... [   15.192920] raid6: sse2x1   gen() 137961 MB/s
[   17.193085] raid6: sse2x1   xor() 123228 MB/s
[   19.193038] raid6: sse2x2   gen() 207971 MB/s
[   19.252141] raid6: sse2x2   xor()  5082 MB/s
[   19.326724] raid6: sse2x4   gen() 11759 MB/s
[   19.389265] raid6: sse2x4   xor()  5849 MB/s
[   19.398154] raid6: using algorithm sse2x2 gen() 207971 MB/s
[   19.410208] raid6: .... xor() 5082 MB/s, rmw enabled
[   19.420166] raid6: using ssse3x2 recovery algorithm
[   19.435261] xor: measuring software checksum speed
[   19.484191]    prefetch64-sse:  9727.000 MB/sec
[   19.532662]    generic_sse: 12417.000 MB/sec
[   19.543380] xor: using function: generic_sse (12417.000 MB/sec)
[   19.561707] async_tx: api initialized (async)
done.
Begin: Running /scripts/init-premount ... done.
Begin: Mounting root file system ... Begin: Running /scripts/local-top ... done.
Begin: Running /scripts/local-premount ... [   19.735901] Btrfs loaded, crc32c=crc32c-intel
Scanning for Btrfs filesystems
done.
Warning: fsck not present, so skipping root file system
[   19.909341] EXT4-fs (sda1): mounted filesystem with ordered data mode. Opts: (null)
done.
Begin: Running /scripts/local-bottom ... done.
Begin: Running /scripts/init-bottom ... done.
[   20.511049] ip_tables: (C) 2000-2006 Netfilter Core Team
[   20.561884] systemd[1]: systemd 237 running in system mode. (+PAM +AUDIT +SELINUX +IMA +APPARMOR +SMACK +SYSVINIT +UTMP +LIBCRYPTSETUP +GCRYPT +GNUTLS +ACL +XZ +LZ4 +SECCOMP +BLKID +ELFUTILS +KMOD -IDN2 +IDN -PCRE2 default-hierarchy=hybrid)
[   20.605576] systemd[1]: Detected virtualization oracle.
[   20.616559] systemd[1]: Detected architecture x86-64.

Welcome to [1mUbuntu 18.04.6 LTS[0m!

[   20.697889] systemd[1]: Set hostname to <ubuntu>.
[   20.719181] systemd[1]: Initializing machine ID from random generator.
[   20.731755] systemd[1]: Installed transient /etc/machine-id file.
[   21.473720] systemd[1]: Created slice User and Session Slice.
[[0;32m  OK  [0m] Created slice User and Session Slice.
[   21.497468] systemd[1]: Reached target User and Group Name Lookups.
[[0;32m  OK  [0m] Reached target User and Group Name Lookups.
[   21.522104] systemd[1]: Created slice System Slice.
[[0;32m  OK  [0m] Created slice System Slice.
[   21.542629] systemd[1]: Listening on /dev/initctl Compatibility Named Pipe.
[[0;32m  OK  [0m] Listening on /dev/initctl Compatibility Named Pipe.
[[0;32m  OK  [0m] Listening on Device-mapper event daemon FIFOs.
[[0;32m  OK  [0m] Listening on fsck to fsckd communication Socket.
[[0;32m  OK  [0m] Listening on Network Service Netlink Socket.
[[0;32m  OK  [0m] Listening on Journal Socket (/dev/log).
[[0;32m  OK  [0m] Listening on Syslog Socket.
[[0;32m  OK  [0m] Listening on LVM2 poll daemon socket.
[[0;32m  OK  [0m] Listening on udev Kernel Socket.
[[0;32m  OK  [0m] Listening on udev Control Socket.
[[0;32m  OK  [0m] Reached target Slices.
[[0;32m  OK  [0m] Started Forward Password Requests to Wall Directory Watch.
[[0;32m  OK  [0m] Reached target Swap.
[[0;32m  OK  [0m] Reached target System Time Synchronized.
[[0;32m  OK  [0m] Created slice system-serial\x2dgetty.slice.
[[0;32m  OK  [0m] Reached target Mounting snaps.
[[0;32m  OK  [0m] Reached target Mounted snaps.
[[0;32m  OK  [0m] Listening on Journal Socket.
         Starting Load Kernel Modules...
         Mounting Huge Pages File System...
         Mounting POSIX Message Queue File System...
         Starting udev Coldplug all Devices...
         Starting Create list of required stâ€¦ce nodes for the current kernel...
         Starting Uncomplicated firewall...
         Starting File System Check on Root Device...
[   21.867613] Loading iSCSI transport class v2.0-870.
         Starting Set the console keyboard layout...
[[0;32m  OK  [0m] Listening on LVM2 metadata daemon socket.
         Starting Monitoring of LVM2 mirrorsâ€¦ng dmeventd or progress polling...
[[0;32m  OK  [0m] Listening on Journal Audit Socket.
         Starting Journal Service...
         Mounting Kernel Debug File System...
[[0;32m  OK  [0m] Set up automount Arbitrary Executabâ€¦rmats File System Automount Point.
[[0;32m  OK  [0m] Mounted Huge Pages File System.
[[0;32m  OK  [0m] Mounted POSIX Message Queue File System.
[[0;32m  OK  [0m] Started Create list of required staâ€¦vice nodes for the current kernel.
[[0;32m  OK  [0m] Started Uncomplicated firewall.
[[0;32m  OK  [0m] Mounted Kernel Debug File System.
[[0;32m  OK  [0m] Started LVM2 metadata daemon.
[[0;32m  OK  [0m] Started File System Check Daemon to report status.
         Starting Create Static Device Nodes in /dev...
[   22.138036] iscsi: registered transport (tcp)
[[0;32m  OK  [0m] Started udev Coldplug all Devices.
[[0;32m  OK  [0m] Started Create Static Device Nodes in /dev.
[[0;32m  OK  [0m] Started File System Check on Root Device.
[[0;32m  OK  [0m] Started Journal Service.
         Starting Remount Root and Kernel File Systems...
[   22.353448] EXT4-fs (sda1): re-mounted. Opts: (null)
[[0;32m  OK  [0m] Started Remount Root and Kernel File Systems.
         Starting udev Kernel Device Manager...
         Starting Load/Save Random Seed...
         Starting Flush Journal to Persistent Storage...
[[0;32m  OK  [0m] Started Monitoring of LVM2 mirrors,â€¦sing dmeventd or progress polling.
[[0;32m  OK  [0m] Started Load/Save Random Seed.
[   22.518926] systemd-journald[408]: Received request to flush runtime journal from PID 1
[[0;32m  OK  [0m] Started udev Kernel Device Manager.
[   22.638723] iscsi: registered transport (iser)
[[0;32m  OK  [0m] Started Load Kernel Modules.
         Starting Apply Kernel Variables...
         Mounting FUSE Control File System...
         Mounting Kernel Configuration File System...
[[0;32m  OK  [0m] Started Flush Journal to Persistent Storage.
[[0;32m  OK  [0m] Mounted Kernel Configuration File System.
[[0;32m  OK  [0m] Mounted FUSE Control File System.
[[0;32m  OK  [0m] Started Apply Kernel Variables.
[[0;32m  OK  [0m] Started Set the console keyboard layout.
[[0;32m  OK  [0m] Reached target Local File Systems (Pre).
[[0;32m  OK  [0m] Reached target Local File Systems.
         Starting AppArmor initialization...
         Starting Tell Plymouth To Write Out Runtime Data...
         Starting Create Volatile Files and Directories...
         Starting ebtables ruleset management...
         Starting Set console font and keymap...
         Starting Commit a transient machine-id on disk...
[[0;32m  OK  [0m] Started Dispatch Password Requests to Console Directory Watch.
[[0;32m  OK  [0m] Reached target Local Encrypted Volumes.
[[0;32m  OK  [0m] Started Tell Plymouth To Write Out Runtime Data.
[[0;32m  OK  [0m] Found device /dev/ttyS0.
[[0;32m  OK  [0m] Started Create Volatile Files and Directories.
         Starting Update UTMP about System Boot/Shutdown...
[[0;32m  OK  [0m] Started Commit a transient machine-id on disk.
[[0;32m  OK  [0m] Started Update UTMP about System Boot/Shutdown.
[[0;32m  OK  [0m] Started ebtables ruleset management.
[[0;32m  OK  [0m] Listening on Load/Save RF Kill Switch Status /dev/rfkill Watch.
         Mounting Arbitrary Executable File Formats File System...
[[0;32m  OK  [0m] Started AppArmor initialization.
[[0;32m  OK  [0m] Mounted Arbitrary Executable File Formats File System.
         Starting Initial cloud-init job (pre-networking)...
         Starting Load AppArmor profiles managed internally by snapd...
[[0;32m  OK  [0m] Started Load AppArmor profiles managed internally by snapd.
[[0;32m  OK  [0m] Started Set console font and keymap.
[   32.037839] cloud-init[725]: Cloud-init v. 23.1.2-0ubuntu0~18.04.1 running 'init-local' at Tue, 07 Jan 2025 13:31:58 +0000. Up 30.81 seconds.
[[0;32m  OK  [0m] Started Initial cloud-init job (pre-networking).
[[0;32m  OK  [0m] Reached target Network (Pre).
         Starting Network Service...
[[0;32m  OK  [0m] Started Network Service.
         Starting Wait for Network to be Configured...
         Starting Network Name Resolution...
[[0;32m  OK  [0m] Started Network Name Resolution.
[[0;32m  OK  [0m] Reached target Host and Network Name Lookups.
[[0;32m  OK  [0m] Reached target Network.
[[0;32m  OK  [0m] Started Wait for Network to be Configured.
         Starting Initial cloud-init job (metadata service crawler)...
[   35.649688] cloud-init[882]: Cloud-init v. 23.1.2-0ubuntu0~18.04.1 running 'init' at Tue, 07 Jan 2025 13:32:03 +0000. Up 35.36 seconds.
[   35.660596] cloud-init[882]: ci-info: ++++++++++++++++++++++++++++++++++++++Net device info+++++++++++++++++++++++++++++++++++++++
[   35.669429] cloud-init[882]: ci-info: +--------+-------+----------------------------+---------------+--------+-------------------+
[   35.677309] cloud-init[882]: ci-info: | Device |   Up  |          Address           |      Mask     | Scope  |     Hw-Address    |
[   35.685844] cloud-init[882]: ci-info: +--------+-------+----------------------------+---------------+--------+-------------------+
[   35.695269] cloud-init[882]: ci-info: | enp0s3 |  True |         10.0.2.15          | 255.255.255.0 | global | 02:3b:7b:b7:3b:2d |
[   35.705207] cloud-init[882]: ci-info: | enp0s3 |  True | fe80::3b:7bff:feb7:3b2d/64 |       .       |  link  | 02:3b:7b:b7:3b:2d |
[   35.714372] cloud-init[882]: ci-info: | enp0s8 | False |             .              |       .       |   .    | 08:00:27:9d:f1:2d |
[   35.722589] cloud-init[882]: ci-info: | enp0s9 | False |             .              |       .       |   .    | 08:00:27:c9:22:66 |
[   35.731817] cloud-init[882]: ci-info: |   lo   |  True |         127.0.0.1          |   255.0.0.0   |  host  |         .         |
[   35.741346] cloud-init[882]: ci-info: |   lo   |  True |          ::1/128           |       .       |  host  |         .         |
[   35.751730] cloud-init[882]: ci-info: +--------+-------+----------------------------+---------------+--------+-------------------+
[   35.760723] cloud-init[882]: ci-info: ++++++++++++++++++++++++++++Route IPv4 info+++++++++++++++++++++++++++++
[   35.769157] cloud-init[882]: ci-info: +-------+-------------+----------+-----------------+-----------+-------+
[   35.777366] cloud-init[882]: ci-info: | Route | Destination | Gateway  |     Genmask     | Interface | Flags |
[   35.784963] cloud-init[882]: ci-info: +-------+-------------+----------+-----------------+-----------+-------+
[   35.792524] cloud-init[882]: ci-info: |   0   |   0.0.0.0   | 10.0.2.2 |     0.0.0.0     |   enp0s3  |   UG  |
[   35.800688] cloud-init[882]: ci-info: |   1   |   10.0.2.0  | 0.0.0.0  |  255.255.255.0  |   enp0s3  |   U   |
[   35.812963] cloud-init[882]: ci-info: |   2   |   10.0.2.2  | 0.0.0.0  | 255.255.255.255 |   enp0s3  |   UH  |
[   35.825266] cloud-init[882]: ci-info: +-------+-------------+----------+-----------------+-----------+-------+
[   35.838829] cloud-init[882]: ci-info: +++++++++++++++++++Route IPv6 info+++++++++++++++++++
[   35.851478] cloud-init[882]: ci-info: +-------+-------------+---------+-----------+-------+
[   35.864146] cloud-init[882]: ci-info: | Route | Destination | Gateway | Interface | Flags |
[   35.877573] cloud-init[882]: ci-info: +-------+-------------+---------+-----------+-------+
[   35.890109] cloud-init[882]: ci-info: |   1   |  fe80::/64  |    ::   |   enp0s3  |   U   |
[   35.901856] cloud-init[882]: ci-info: |   3   |    local    |    ::   |   enp0s3  |   U   |
[   35.914356] cloud-init[882]: ci-info: |   4   |   ff00::/8  |    ::   |   enp0s3  |   U   |
[   35.930690] cloud-init[882]: ci-info: +-------+-------------+---------+-----------+-------+
[   38.081389] cloud-init[882]: Generating public/private rsa key pair.
[   38.096832] cloud-init[882]: Your identification has been saved in /etc/ssh/ssh_host_rsa_key.
[   38.111085] cloud-init[882]: Your public key has been saved in /etc/ssh/ssh_host_rsa_key.pub.
[   38.125708] cloud-init[882]: The key fingerprint is:
[   38.138544] cloud-init[882]: SHA256:zG7tw4RXLIBSs3h+mnEz4RLnWmUuv8XfEk503QGwBjM root@ubuntu-bionic
[   38.154533] cloud-init[882]: The key's randomart image is:
[   38.167614] cloud-init[882]: +---[RSA 2048]----+
[   38.177859] cloud-init[882]: |     .o. E ....  |
[   38.191858] cloud-init[882]: |    ...o. + .  . |
[[0;32m  OK  [0m] Started Initial cloud-init job (metadata service crawler).
[[0;32m  OK  [0m] Reached target Network is Online.
[   38.221516]          Starting Availability of block devices...
[[0;32m  OK  [0m] Reached target Remote File Systems (Pre).
[[0;32m  OK  [0m] Reached target Remote File Systems.
[[0;32m  OK  [0m] Reached target System Initialization.
[[0;32m  OK  [0m] Started Discard unused blocks once a week.
[[0;32m  OK  [0m] Listening on cloud-init hotplug hook socket.
[[0;32m  OK  [0m] Started Message of the Day.
         Starting LXD - unix socket.
[[0;32m  OK  [0m] Started Daily apt download activities.
[[0;32m  OK  [0m] Listening on UUID daemon activation socket.
[[0;32m  OK  [0m] Started ACPI Events Check.
[[0;32m  OK  [0m] Reached target Paths.
         Starting Socket activation for snappy daemon.
[[0;32m  OK  [0m] Started Daily Cleanup of Temporary Directories.
[[0;32m  OK  [0m] Listening on D-Bus System Message Bus Socket.
[[0;32m  OK  [0m] Started Daily apt upgrade and clean activities.
[[0;32m  OK  [0m] Listening on Open-iSCSI iscsid Socket.
[[0;32m  OK  [0m] Started Ubuntu Advantage Timer for running repeated jobs.
[[0;32m  OK  [0m] Reached target Timers.
[[0;32m  OK  [0m] Listening on ACPID Listen Socket.
[[0;32m  OK  [0m] Reached target Cloud-config availability.
[[0;32m  OK  [0m] Started Availability of block devices.
[[0;32m  OK  [0m] Listening on LXD - unix socket.
[[0;32m  OK  [0m] Listening on Socket activation for snappy daemon.
[[0;32m  OK  [0m] Reached target Sockets.
[[0;32m  OK  [0m] Reached target Basic System.
         Starting Accounts Service...
         Starting Dispatcher daemon for systemd-networkd...
[[0;32m  OK  [0m] Reached target Login Prompts (Pre).
         Starting LSB: Record successful boot for GRUB...
         Starting System Logging Service...
[[0;32m  OK  [0m] Started Deferred execution scheduler.
         Starting Permit User Sessions...
cloud-init         Starting Login Service...
[[0;32m  OK  [0m] Started D-Bus System Message Bus.
[882]: |    ..+ o.o+    +|
[   38.489248] cloud-init[882]: |     o B =o o . +|
[   38.548862] cloud-init[882]: |      + S..o . . |
[   38.585665] cloud-init         Starting Pollinate to seed the pseudo random number generator...
         Starting LSB: automatic crash report generation...
         Starting Snap Daemon...
[882]: |       @.*o.  o  |
[[0;32m  OK  [0m] Started irqbalance daemon.
[   38.666254] cloud-init[882]: |      + o+o oo . |
[   38.703228] [[0;32m  OK  [0m] Started Regular background program processing daemon.
         Starting Virtualbox guest utils...
[[0;32m  OK  [0m] Started FUSE filesystem for LXC.
cloud-init[882]:          Starting LXD - container startup/shutdown...
[[0;32m  OK  [0m] Started System Logging Service.
|       . .oo .o. |[[0;32m  OK  [0m] Started Permit User Sessions.

[   38.780136] cloud-init[882]: |          o.  ...|
[   38.794347] cloud-init[882]: +----[SHA256]-----+
[   38.804171] cloud-init[882]: Generating public/private dsa key pair.
[   38.813331] cloud-init[882]: Your identification has been saved in /etc/ssh/ssh_host_dsa_key.
[   38.825391] cloud-init[882]: Your public key has been saved in /etc/ssh/ssh_host_dsa_key.pub.
[   38.835725] cloud-init[882]: The key fingerprint is:
[   38.841230] cloud-init[882]: SHA256:GZVV/Qpm2WOuPh4YZBIi9f8yiHL/BezwE+M10kw5oik root@ubuntu-bionic
[   38.851418] cloud-init[882]: The key's randomart image is:
[   38.857112] cloud-init[882]: +---[DSA 1024]----+
[   38.863586] cloud-init[882]: |    ..o . .o.... |
[   38.879431] cloud-init[882]: |     . o o.  .  .|
[   38.889546] cloud-init[882]: |        + + +o  .|
[   38.900409] cloud-init[882]: |         @ ==.+ .|
[   38.912361] cloud-init[882]: |      E S Oo=+ o |
[   38.919134] cloud-init[882]: |       o * X .o  |
[   38.925316] cloud-init[882]: |    . o . O +.   |
[   38.931003] cloud-init[882]: |     o .   =o.   |
[   38.937158] cloud-init[882]: |        ...oo.   |
[   38.941942] cloud-init[882]: +----[SHA256]-----+
[   38.947044] cloud-init[882]: Generating public/private ecdsa key pair.
[   38.952980] cloud-init[882]: Your identification has been saved in /etc/ssh/ssh_host_ecdsa_key.
[   38.962866] cloud-init[882]: Your public key has been saved in /etc/ssh/ssh_host_ecdsa_key.pub.
[   38.975457] cloud-init[882]: The key fingerprint is:
[   38.988053] cloud-init[882]: SHA256:3X0LQLWRESRz1Dk83vR67Dx9XpnwsRxEL8FtwT4J7RA root@ubuntu-bionic
[   39.003636] cloud-init[882]: The key's randomart image is:
[[   39.017212] cloud-init[882]: +---[ECDSA 256]---+
[   39.020306] cloud-init[882]: |           ++E@+o|
[   39.024693] cloud-init[882]: |          . ++=X=|
[0;32m  OK  [0m[   39.032189] cloud-init[882]: |           . .B+B|
[   39.044347] cloud-init[882]: |         . ....Bo|
[   39.044449] cloud-init[882]: |        S . .o.=o|
[   39.044525] cloud-init[882]: |              *.X|
[   39.044625] cloud-init[882]: |               @o|
[   39.045111] cloud-init[882]: |               .*|
[   39.046328] cloud-init[882]: |               .+|
[   39.051081] cloud-init[882]: +----[SHA256]-----+
[   39.071461] cloud-init[882]: Generating public/private ed25519 key pair.
[   39.080683] cloud-init[882]: Your identification has been saved in /etc/ssh/ssh_host_ed25519_key.
[   39.081774] cloud-init[882]: Your public key has been saved in /etc/ssh/ssh_host_ed25519_key.pub.
[   39.088640] cloud-init[882]: The key fingerprint is:
[   39.089463] cloud-init[882]: SHA256:1pDjYHSExroYqa76Sdyy9YRg9dML7hbCWRL8J4o4qVk root@ubuntu-bionic
[   39.091146] cloud-init[882]: The key's randomart image is:
[   39.093468] cloud-init[882]: +--[ED25519 256]--+
[   39.114401] cloud-init[882]: |   . ..oo        |
[   39.115441] cloud-init[882]: |    o.+. .       |
[   39.120605] cloud-init[882]: |   ..=o +        |
[   39.122340] cloud-init[882]: |  o.oo++.+       |
] [   39.141952] cloud-init[882]: | +o= *+oS .      |
Started Login Service.
[   39.161106] cloud-init[882]: |=oEo*o.+ .       |
[[0;32m  OK  [0m] Started LSB: Record successful boot for GRUB.
[   39.171857] cloud-init[882]: |o++ +.o..        |
[   39.196950] cloud-init[882]: |oo = +.          |
[[0;32m  OK  [0m] Started LSB: automatic crash report generation.
[   39.234921] cloud-init[882]: |=.+  .o          |
[   39.253974] cloud-init[882]: +----[SHA256]-----+
[[0;32m  OK  [0m] Started Unattended Upgrades Shutdown.
         Starting Authorization Manager...
         Starting Hold until boot process finishes up...
         Starting Terminate Plymouth Boot Screen...
[[0;32m  OK  [0m] Started Hold until boot process finishes up.
[[0;32m  OK  [0m] Started Terminate Plymouth Boot Screen.
[[0;32m  OK  [0m] Started Serial Getty on ttyS0.
         Starting Set console scheme...
[[0;32m  OK  [0m] Started Set console scheme.
[[0;32m  OK  [0m] Created slice system-getty.slice.
[[0;32m  OK  [0m] Started Getty on tty1.
[[0;32m  OK  [0m] Reached target Login Prompts.
[[0;32m  OK  [0m] Started Authorization Manager.
[[0;32m  OK  [0m] Started Accounts Service.
[[0;32m  OK  [0m] Started LXD - container startup/shutdown.
[[0;32m  OK  [0m] Started Virtualbox guest utils.
[[0;32m  OK  [0m] Started Dispatcher daemon for systemd-networkd.
[[0;32m  OK  [0m] Started Pollinate to seed the pseudo random number generator.
         Starting OpenBSD Secure Shell server...
[[0;32m  OK  [0m] Started OpenBSD Secure Shell server.
[[0;32m  OK  [0m] Started Snap Daemon.
         Starting Wait until snapd is fully seeded...
[[0;32m  OK  [0m] Created slice User Slice of vagrant.
         Starting User Manager for UID 1000...
[[0;32m  OK  [0m] Started Session 1 of user vagrant.
[[0;32m  OK  [0m] Started User Manager for UID 1000.
         Starting Time & Date Service...
[[0;32m  OK  [0m] Started Time & Date Service.

Ubuntu 18.04.6 LTS ubuntu-bionic ttyS0

ubuntu-bionic login: [   50.789571] cloud-init[1318]: Cloud-init v. 23.1.2-0ubuntu0~18.04.1 running 'modules:config' at Tue, 07 Jan 2025 13:32:16 +0000. Up 48.14 seconds.
ci-info: no authorized SSH keys fingerprints found for user ubuntu.
<14>Jan  7 13:32:20 cloud-init: #############################################################
<14>Jan  7 13:32:20 cloud-init: -----BEGIN SSH HOST KEY FINGERPRINTS-----
<14>Jan  7 13:32:20 cloud-init: 1024 SHA256:GZVV/Qpm2WOuPh4YZBIi9f8yiHL/BezwE+M10kw5oik root@ubuntu-bionic (DSA)
<14>Jan  7 13:32:20 cloud-init: 256 SHA256:3X0LQLWRESRz1Dk83vR67Dx9XpnwsRxEL8FtwT4J7RA root@ubuntu-bionic (ECDSA)
<14>Jan  7 13:32:20 cloud-init: 256 SHA256:1pDjYHSExroYqa76Sdyy9YRg9dML7hbCWRL8J4o4qVk root@ubuntu-bionic (ED25519)
<14>Jan  7 13:32:20 cloud-init: 2048 SHA256:zG7tw4RXLIBSs3h+mnEz4RLnWmUuv8XfEk503QGwBjM root@ubuntu-bionic (RSA)
<14>Jan  7 13:32:20 cloud-init: -----END SSH HOST KEY FINGERPRINTS-----
<14>Jan  7 13:32:20 cloud-init: #############################################################
-----BEGIN SSH HOST KEY KEYS-----
ecdsa-sha2-nistp256 AAAAE2VjZHNhLXNoYTItbmlzdHAyNTYAAAAIbmlzdHAyNTYAAABBBI8MOTjtwCb3Ms0hwdaHM5ZpkodLAvuRHdDr0nCcN7GnZ06yjFqjQyUqbd7ejYSC+hfLHD/jpTCcABri460TsVE= root@ubuntu-bionic
ssh-ed25519 AAAAC3NzaC1lZDI1NTE5AAAAIC7YJ+R603EFm1E/VIDc8SOpG9I6eGMMP/mVmWcmp+MV root@ubuntu-bionic
ssh-rsa AAAAB3NzaC1yc2EAAAADAQABAAABAQDhZOhoBm5AZLJHyoi6iDMS062osx0KLfGq3D5klyMFqA27J7+92HbMEydofvC1XXJGZEJ/IIBfXGOC58oMM9gZSlskiFHy+1rvNMLrByaLl8u7jjZiodZx5bHFgKvi9Ttbmfd6t0qbYYNCjRTFYNPDSfl2yVjD0kggcxx1yCFRKYwYoxLBqEoIL6GsllwF1tHL54eCM/fxcxXHuOSB+snzbhwNWd2mdYRn9ShLx8EaPUg+ibSWpLgi3I/Zsd1h2be+DZ94caf+kieLpV5oNoTqhZlfW2VYO5dt/xdf8w3vK6gNYH0jFZ+Nb07zIabsqmgzNrzIWl8sO86urvjWwBif root@ubuntu-bionic
-----END SSH HOST KEY KEYS-----
[   52.685891] cloud-init[1508]: Cloud-init v. 23.1.2-0ubuntu0~18.04.1 running 'modules:final' at Tue, 07 Jan 2025 13:32:19 +0000. Up 52.01 seconds.
[   52.686224] cloud-init[1508]: Cloud-init v. 23.1.2-0ubuntu0~18.04.1 finished at Tue, 07 Jan 2025 13:32:20 +0000. Datasource DataSourceNoCloud [seed=/dev/sdb][dsmode=net].  Up 52.60 seconds
